../Core/Src/data_smoothing.c:38:6:smoothing_function	112	static
../Core/Src/data_smoothing.c:314:7:quadratic_fit_centre_value	112	static
../Core/Src/data_smoothing.c:368:6:find_maximum	48	static
../Core/Src/data_smoothing.c:401:6:find_minimum	48	static
../Core/Src/data_smoothing.c:434:6:find_baseline_1	40	static
../Core/Src/data_smoothing.c:466:6:find_baseline_2	40	static
../Core/Src/data_smoothing.c:498:10:calculate_median	16	static
../Core/Src/data_smoothing.c:505:5:cmpfunc	16	static
../Core/Src/data_smoothing.c:510:7:get_signal_to_noise	48	static
../Core/Src/data_smoothing.c:527:6:median_filter	96	dynamic
../Core/Src/data_smoothing.c:554:6:box_filter	56	static
../Core/Src/data_smoothing.c:587:6:quad_fit_filter	96	dynamic
../Core/Src/data_smoothing.c:615:7:compute_stddev	40	static
../Core/Src/data_smoothing.c:637:7:compute_local_scatter	24	static
../Core/Src/data_smoothing.c:649:6:gradient_filter	48	static
../Core/Src/data_smoothing.c:678:7:find_peak	160	static
../Core/Src/data_smoothing.c:962:6:clean_all_ph_peaks	40	static
../Core/Src/data_smoothing.c:1027:5:match_with_trusted_peak	32	static
../Core/Src/data_smoothing.c:1041:6:create_trusted_peak	32	static
../Core/Src/data_smoothing.c:1057:5:find_highest_qaqc	24	static
../Core/Src/data_smoothing.c:1075:5:find_closest_to_last_peak	24	static
../Core/Src/data_smoothing.c:1093:5:find_lowest_noise	24	static
../Core/Src/data_smoothing.c:1112:6:update_peaks	32	static
../Core/Src/data_smoothing.c:1125:6:blacklisted_peak	32	static
