../Core/Src/main.c:96:5:main	8	static
../Core/Src/main.c:196:6:SystemClock_Config	88	static
../Core/Src/main.c:247:13:MX_I2C1_Init	8	static
../Core/Src/main.c:295:13:MX_RTC_Init	8	static
../Core/Src/main.c:332:13:MX_SPI1_Init	8	static
../Core/Src/main.c:371:13:MX_SPI2_Init	8	static
../Core/Src/main.c:411:13:MX_TIM6_Init	24	static
../Core/Src/main.c:449:13:MX_TIM7_Init	24	static
../Core/Src/main.c:487:13:MX_TIM14_Init	8	static
../Core/Src/main.c:518:13:MX_TIM16_Init	8	static
../Core/Src/main.c:550:13:MX_TIM17_Init	8	static
../Core/Src/main.c:582:13:MX_USART1_UART_Init	8	static
../Core/Src/main.c:628:13:MX_DMA_Init	16	static
../Core/Src/main.c:646:13:MX_GPIO_Init	56	static
../Core/Src/main.c:740:6:HAL_UARTEx_RxEventCallback	16	static
../Core/Src/main.c:758:6:uart1_send_byte	16	static
../Core/Src/main.c:763:6:uart1_send_bytes	16	static
../Core/Src/main.c:768:6:spi1_enable	8	static
../Core/Src/main.c:773:6:spi1_send_byte	16	static
../Core/Src/main.c:780:6:spi2_send_byte	16	static
../Core/Src/main.c:792:6:spi2_send_bytes	32	static
../Core/Src/main.c:810:9:spi2_get_byte	16	static
../Core/Src/main.c:832:6:spi2_get_bytes	32	static
../Core/Src/main.c:852:6:spi2_wait_for_eeprom_write_to_complete	24	static
../Core/Src/main.c:871:6:start_timer	16	static
../Core/Src/main.c:900:6:stop_timer	16	static
../Core/Src/main.c:914:6:set_timer_period	16	static
../Core/Src/main.c:928:6:set_timer_count	16	static
../Core/Src/main.c:942:6:cpu_irq_enable	8	static,ignoring_inline_asm
../Core/Src/main.c:947:6:cpu_irq_disable	8	static,ignoring_inline_asm
../Core/Src/main.c:952:6:HAL_TIM_PeriodElapsedCallback	16	static
../Core/Src/main.c:989:6:Error_Handler	8	static,ignoring_inline_asm
