../Core/Src/timer.c:13:6:scan_init	8	static
../Core/Src/timer.c:92:6:scan_settings_reset_flags	8	static
../Core/Src/timer.c:106:6:dac_positive_scan_cycle_processor	8	static
../Core/Src/timer.c:114:6:dac_negative_scan_cycle_processor	8	static
../Core/Src/timer.c:146:6:adc_positive_scan_cycle_processor	8	static
../Core/Src/timer.c:178:6:adc_negative_scan_cycle_processor	16	static
../Core/Src/timer.c:216:6:conditioning_timer_init	8	static
../Core/Src/timer.c:233:6:timer_init	8	static
../Core/Src/timer.c:249:6:timer_calculate_counts	40	static
../Core/Src/timer.c:283:6:conditioning_timer_loop	8	static
../Core/Src/timer.c:307:6:conditioning_timer_start	8	static
../Core/Src/timer.c:451:6:measurement_timer_start	8	static
../Core/Src/timer.c:485:6:measurement_timer_stop	8	static
../Core/Src/timer.c:518:5:scanning_in_progress	8	static
../Core/Src/timer.c:523:6:measurement_dac_settings	8	static
../Core/Src/timer.c:534:6:calculate_dac_settings	16	static
../Core/Src/timer.c:685:6:measurement_set_dac	8	static
../Core/Src/timer.c:708:6:set_adc_data_address	24	static
../Core/Src/timer.c:724:6:condition_ref	16	static
../Core/Src/timer.c:761:6:precondition_ph_electrodes	48	static
../Core/Src/timer.c:792:9:check_immersed_dry_status	104	static
