../Core/Src/usart_commsboard.c:41:6:clear_received_buffer	8	static
../Core/Src/usart_commsboard.c:50:6:process_commands	16	static
../Core/Src/usart_commsboard.c:685:6:check_message	16	static
../Core/Src/usart_commsboard.c:698:6:send_one_dataframe_as_spi_slave	32	static
../Core/Src/usart_commsboard.c:740:6:convert_dac_potential_to_custom_bcd	72	static
../Core/Src/usart_commsboard.c:804:6:convert_dac_potential_to_custom_bcd_2_byte_qaqc	72	static
../Core/Src/usart_commsboard.c:848:6:send_data_as_spi_slave	72	static
../Core/Src/usart_commsboard.c:939:6:reply_echo_data	16	static
../Core/Src/usart_commsboard.c:950:6:reply_echo_data_board	8	static
../Core/Src/usart_commsboard.c:978:6:send_reply	16	static
../Core/Src/usart_commsboard.c:991:6:reply_serial_number	8	static
../Core/Src/usart_commsboard.c:1006:6:reply_sensor_name	8	static
../Core/Src/usart_commsboard.c:1021:6:reply_sensor_sub_name	8	static
../Core/Src/usart_commsboard.c:1036:6:reply_manufacturer_name	16	static
../Core/Src/usart_commsboard.c:1067:6:reply_external_baud_rate	8	static
../Core/Src/usart_commsboard.c:1077:6:reply_scan_n_number	8	static
../Core/Src/usart_commsboard.c:1087:6:reply_sensor_communication_style	8	static
../Core/Src/usart_commsboard.c:1097:6:reply_sensor_mode	8	static
../Core/Src/usart_commsboard.c:1107:6:reply_autonomous_start_delay	24	static
../Core/Src/usart_commsboard.c:1125:6:reply_sensor_array_interval	8	static
../Core/Src/usart_commsboard.c:1135:6:reply_driver_version	48	static
../Core/Src/usart_commsboard.c:1184:6:reply_system_modbus_address	8	static
../Core/Src/usart_commsboard.c:1194:6:set_system_modbus_address	16	static
../Core/Src/usart_commsboard.c:1201:6:reply_system_immersion_rule	8	static
../Core/Src/usart_commsboard.c:1212:6:reply_sensor_ph_output_style	8	static
../Core/Src/usart_commsboard.c:1222:6:reply_array_health	8	static
../Core/Src/usart_commsboard.c:1231:6:reply_stop_scanning	8	static
../Core/Src/usart_commsboard.c:1240:6:reply_square_wave_data_save_status	8	static
../Core/Src/usart_commsboard.c:1256:6:reply_ph_heartbeat_style_status	8	static
../Core/Src/usart_commsboard.c:1284:6:reply_qaqc_data_ready_to_be_read	8	static
../Core/Src/usart_commsboard.c:1304:6:get_qaqc_reply_data_address	16	static
../Core/Src/usart_commsboard.c:1309:6:reverse_for_endianness	32	static
../Core/Src/usart_commsboard.c:1320:6:int32_to_byte_array	24	static
../Core/Src/usart_commsboard.c:1333:6:float_to_byte_array	24	static
../Core/Src/usart_commsboard.c:1346:6:reply_qaqc_data	32	static
../Core/Src/usart_commsboard.c:1465:6:get_qaqc_data_waiting_to_read_flag_status	8	static
../Core/Src/usart_commsboard.c:1470:6:set_square_wave_data_save_status	16	static
../Core/Src/usart_commsboard.c:1489:6:set_ph_heart_beat_style_status	16	static
../Core/Src/usart_commsboard.c:1513:6:get_ph_heart_beat_style_status	8	static
../Core/Src/usart_commsboard.c:1518:6:set_external_baud_rate_setting	16	static
../Core/Src/usart_commsboard.c:1539:6:set_sensor_array_interval	16	static
../Core/Src/usart_commsboard.c:1569:6:set_sensor_mode	16	static
../Core/Src/usart_commsboard.c:1581:6:set_autonomous_start_delay	8	static
../Core/Src/usart_commsboard.c:1589:6:set_sensor_serial_number	8	static
../Core/Src/usart_commsboard.c:1597:6:set_sensor_ph_output_style	16	static
../Core/Src/usart_commsboard.c:1615:6:set_system_immersion_rule	16	static
../Core/Src/usart_commsboard.c:1627:6:set_fast_profiling	8	static
../Core/Src/usart_commsboard.c:1632:6:set_use_sdcard	8	static
../Core/Src/usart_commsboard.c:1637:6:set_power	8	static
../Core/Src/usart_commsboard.c:1642:6:set_salinity_range	8	static
../Core/Src/usart_commsboard.c:1647:6:set_phs_per_loop	8	static
../Core/Src/usart_commsboard.c:1652:6:get_stored_values_from_eeprom_to_global	24	static
../Core/Src/usart_commsboard.c:1665:6:set_sensor_temperature_calibration	8	static
../Core/Src/usart_commsboard.c:1670:6:set_sensor_name	8	static
../Core/Src/usart_commsboard.c:1675:6:set_sensor_sub_name	8	static
../Core/Src/usart_commsboard.c:1680:6:get_stored_heart_beat_values_from_eeprom_to_global	24	static
../Core/Src/usart_commsboard.c:1693:6:set_anbsensors_or_alternate_head	16	static
../Core/Src/usart_commsboard.c:1705:6:set_interface	8	static
../Core/Src/usart_commsboard.c:1710:6:reply_anbsensors_or_alternate_head	8	static
../Core/Src/usart_commsboard.c:1719:6:reply_interface	8	static
../Core/Src/usart_commsboard.c:1728:6:reply_get_temperature	8	static
../Core/Src/usart_commsboard.c:1737:7:system_get_temperature	24	static
../Core/Src/usart_commsboard.c:1752:6:reply_immersed_dry_status	8	static
../Core/Src/usart_commsboard.c:1763:6:reply_scan_n_no_of_electrodes	8	static
../Core/Src/usart_commsboard.c:1772:6:reply_need_more_time	8	static
../Core/Src/usart_commsboard.c:1783:6:reply_firmware_version	32	static
../Core/Src/usart_commsboard.c:1809:6:reply_fast_profiling	8	static
../Core/Src/usart_commsboard.c:1818:6:reply_use_sdcard	8	static
../Core/Src/usart_commsboard.c:1827:6:reply_power	8	static
../Core/Src/usart_commsboard.c:1836:6:reply_salinity_range	8	static
../Core/Src/usart_commsboard.c:1845:6:reply_phs_per_loop	8	static
