../Core/Src/usart_commsboard.c:41:6:clear_received_buffer	8	static
../Core/Src/usart_commsboard.c:50:6:process_commands	16	static
../Core/Src/usart_commsboard.c:681:6:check_message	16	static
../Core/Src/usart_commsboard.c:694:6:send_one_dataframe_as_spi_slave	32	static
../Core/Src/usart_commsboard.c:736:6:convert_dac_potential_to_custom_bcd	72	static
../Core/Src/usart_commsboard.c:800:6:convert_dac_potential_to_custom_bcd_2_byte_qaqc	72	static
../Core/Src/usart_commsboard.c:844:6:send_data_as_spi_slave	72	static
../Core/Src/usart_commsboard.c:935:6:reply_echo_data	16	static
../Core/Src/usart_commsboard.c:946:6:reply_echo_data_board	8	static
../Core/Src/usart_commsboard.c:974:6:send_reply	16	static
../Core/Src/usart_commsboard.c:987:6:reply_serial_number	8	static
../Core/Src/usart_commsboard.c:1002:6:reply_sensor_name	8	static
../Core/Src/usart_commsboard.c:1017:6:reply_sensor_sub_name	8	static
../Core/Src/usart_commsboard.c:1032:6:reply_manufacturer_name	16	static
../Core/Src/usart_commsboard.c:1063:6:reply_external_baud_rate	8	static
../Core/Src/usart_commsboard.c:1073:6:reply_scan_n_number	8	static
../Core/Src/usart_commsboard.c:1083:6:reply_sensor_communication_style	8	static
../Core/Src/usart_commsboard.c:1093:6:reply_sensor_mode	8	static
../Core/Src/usart_commsboard.c:1103:6:reply_autonomous_start_delay	24	static
../Core/Src/usart_commsboard.c:1121:6:reply_sensor_array_interval	8	static
../Core/Src/usart_commsboard.c:1131:6:reply_driver_version	48	static
../Core/Src/usart_commsboard.c:1180:6:reply_system_modbus_address	8	static
../Core/Src/usart_commsboard.c:1190:6:set_system_modbus_address	16	static
../Core/Src/usart_commsboard.c:1197:6:reply_system_immersion_rule	8	static
../Core/Src/usart_commsboard.c:1208:6:reply_sensor_ph_output_style	8	static
../Core/Src/usart_commsboard.c:1218:6:reply_array_health	8	static
../Core/Src/usart_commsboard.c:1227:6:reply_stop_scanning	8	static
../Core/Src/usart_commsboard.c:1236:6:reply_square_wave_data_save_status	8	static
../Core/Src/usart_commsboard.c:1252:6:reply_ph_heartbeat_style_status	8	static
../Core/Src/usart_commsboard.c:1280:6:reply_qaqc_data_ready_to_be_read	8	static
../Core/Src/usart_commsboard.c:1300:6:get_qaqc_reply_data_address	16	static
../Core/Src/usart_commsboard.c:1305:6:reverse_for_endianness	32	static
../Core/Src/usart_commsboard.c:1316:6:int32_to_byte_array	24	static
../Core/Src/usart_commsboard.c:1329:6:float_to_byte_array	24	static
../Core/Src/usart_commsboard.c:1342:6:reply_qaqc_data	32	static
../Core/Src/usart_commsboard.c:1461:6:get_qaqc_data_waiting_to_read_flag_status	8	static
../Core/Src/usart_commsboard.c:1466:6:set_square_wave_data_save_status	16	static
../Core/Src/usart_commsboard.c:1485:6:set_ph_heart_beat_style_status	16	static
../Core/Src/usart_commsboard.c:1509:6:get_ph_heart_beat_style_status	8	static
../Core/Src/usart_commsboard.c:1514:6:set_external_baud_rate_setting	16	static
../Core/Src/usart_commsboard.c:1535:6:set_sensor_array_interval	16	static
../Core/Src/usart_commsboard.c:1565:6:set_sensor_mode	16	static
../Core/Src/usart_commsboard.c:1577:6:set_autonomous_start_delay	8	static
../Core/Src/usart_commsboard.c:1585:6:set_sensor_serial_number	8	static
../Core/Src/usart_commsboard.c:1593:6:set_sensor_ph_output_style	16	static
../Core/Src/usart_commsboard.c:1611:6:set_system_immersion_rule	16	static
../Core/Src/usart_commsboard.c:1623:6:set_fast_profiling	8	static
../Core/Src/usart_commsboard.c:1628:6:set_use_sdcard	8	static
../Core/Src/usart_commsboard.c:1633:6:set_power	8	static
../Core/Src/usart_commsboard.c:1638:6:set_salinity_range	8	static
../Core/Src/usart_commsboard.c:1643:6:set_phs_per_loop	8	static
../Core/Src/usart_commsboard.c:1648:6:get_stored_values_from_eeprom_to_global	24	static
../Core/Src/usart_commsboard.c:1661:6:set_sensor_temperature_calibration	8	static
../Core/Src/usart_commsboard.c:1666:6:set_sensor_name	8	static
../Core/Src/usart_commsboard.c:1671:6:set_sensor_sub_name	8	static
../Core/Src/usart_commsboard.c:1676:6:get_stored_heart_beat_values_from_eeprom_to_global	24	static
../Core/Src/usart_commsboard.c:1689:6:set_anbsensors_or_alternate_head	16	static
../Core/Src/usart_commsboard.c:1701:6:set_interface	8	static
../Core/Src/usart_commsboard.c:1706:6:reply_anbsensors_or_alternate_head	8	static
../Core/Src/usart_commsboard.c:1715:6:reply_interface	8	static
../Core/Src/usart_commsboard.c:1724:6:reply_get_temperature	8	static
../Core/Src/usart_commsboard.c:1733:7:system_get_temperature	24	static
../Core/Src/usart_commsboard.c:1748:6:reply_immersed_dry_status	8	static
../Core/Src/usart_commsboard.c:1759:6:reply_scan_n_no_of_electrodes	8	static
../Core/Src/usart_commsboard.c:1768:6:reply_need_more_time	8	static
../Core/Src/usart_commsboard.c:1779:6:reply_firmware_version	32	static
../Core/Src/usart_commsboard.c:1805:6:reply_fast_profiling	8	static
../Core/Src/usart_commsboard.c:1814:6:reply_use_sdcard	8	static
../Core/Src/usart_commsboard.c:1823:6:reply_power	8	static
../Core/Src/usart_commsboard.c:1832:6:reply_salinity_range	8	static
../Core/Src/usart_commsboard.c:1841:6:reply_phs_per_loop	8	static
