Archive member included to satisfy reference by file (symbol)

C:/ST/STM32CubeIDE_1.12.0/STM32CubeIDE/plugins/com.st.stm32cube.ide.mcu.externaltools.gnu-tools-for-stm32.11.3.rel1.win32_1.1.100.202309141235/tools/bin/../lib/gcc/arm-none-eabi/11.3.1/../../../../arm-none-eabi/lib/thumb/v6-m/nofp\libc_nano.a(libc_a-exit.o)
                              C:/ST/STM32CubeIDE_1.12.0/STM32CubeIDE/plugins/com.st.stm32cube.ide.mcu.externaltools.gnu-tools-for-stm32.11.3.rel1.win32_1.1.100.202309141235/tools/bin/../lib/gcc/arm-none-eabi/11.3.1/../../../../arm-none-eabi/lib/thumb/v6-m/nofp/crt0.o (exit)
C:/ST/STM32CubeIDE_1.12.0/STM32CubeIDE/plugins/com.st.stm32cube.ide.mcu.externaltools.gnu-tools-for-stm32.11.3.rel1.win32_1.1.100.202309141235/tools/bin/../lib/gcc/arm-none-eabi/11.3.1/../../../../arm-none-eabi/lib/thumb/v6-m/nofp\libc_nano.a(libc_a-findfp.o)
                              C:/ST/STM32CubeIDE_1.12.0/STM32CubeIDE/plugins/com.st.stm32cube.ide.mcu.externaltools.gnu-tools-for-stm32.11.3.rel1.win32_1.1.100.202309141235/tools/bin/../lib/gcc/arm-none-eabi/11.3.1/../../../../arm-none-eabi/lib/thumb/v6-m/nofp\libc_nano.a(libc_a-exit.o) (__stdio_exit_handler)
C:/ST/STM32CubeIDE_1.12.0/STM32CubeIDE/plugins/com.st.stm32cube.ide.mcu.externaltools.gnu-tools-for-stm32.11.3.rel1.win32_1.1.100.202309141235/tools/bin/../lib/gcc/arm-none-eabi/11.3.1/../../../../arm-none-eabi/lib/thumb/v6-m/nofp\libc_nano.a(libc_a-fwalk.o)
                              C:/ST/STM32CubeIDE_1.12.0/STM32CubeIDE/plugins/com.st.stm32cube.ide.mcu.externaltools.gnu-tools-for-stm32.11.3.rel1.win32_1.1.100.202309141235/tools/bin/../lib/gcc/arm-none-eabi/11.3.1/../../../../arm-none-eabi/lib/thumb/v6-m/nofp\libc_nano.a(libc_a-findfp.o) (_fwalk_sglue)
C:/ST/STM32CubeIDE_1.12.0/STM32CubeIDE/plugins/com.st.stm32cube.ide.mcu.externaltools.gnu-tools-for-stm32.11.3.rel1.win32_1.1.100.202309141235/tools/bin/../lib/gcc/arm-none-eabi/11.3.1/../../../../arm-none-eabi/lib/thumb/v6-m/nofp\libc_nano.a(libc_a-stdio.o)
                              C:/ST/STM32CubeIDE_1.12.0/STM32CubeIDE/plugins/com.st.stm32cube.ide.mcu.externaltools.gnu-tools-for-stm32.11.3.rel1.win32_1.1.100.202309141235/tools/bin/../lib/gcc/arm-none-eabi/11.3.1/../../../../arm-none-eabi/lib/thumb/v6-m/nofp\libc_nano.a(libc_a-findfp.o) (__sread)
C:/ST/STM32CubeIDE_1.12.0/STM32CubeIDE/plugins/com.st.stm32cube.ide.mcu.externaltools.gnu-tools-for-stm32.11.3.rel1.win32_1.1.100.202309141235/tools/bin/../lib/gcc/arm-none-eabi/11.3.1/../../../../arm-none-eabi/lib/thumb/v6-m/nofp\libc_nano.a(libc_a-memset.o)
                              C:/ST/STM32CubeIDE_1.12.0/STM32CubeIDE/plugins/com.st.stm32cube.ide.mcu.externaltools.gnu-tools-for-stm32.11.3.rel1.win32_1.1.100.202309141235/tools/bin/../lib/gcc/arm-none-eabi/11.3.1/../../../../arm-none-eabi/lib/thumb/v6-m/nofp/crt0.o (memset)
C:/ST/STM32CubeIDE_1.12.0/STM32CubeIDE/plugins/com.st.stm32cube.ide.mcu.externaltools.gnu-tools-for-stm32.11.3.rel1.win32_1.1.100.202309141235/tools/bin/../lib/gcc/arm-none-eabi/11.3.1/../../../../arm-none-eabi/lib/thumb/v6-m/nofp\libc_nano.a(libc_a-closer.o)
                              C:/ST/STM32CubeIDE_1.12.0/STM32CubeIDE/plugins/com.st.stm32cube.ide.mcu.externaltools.gnu-tools-for-stm32.11.3.rel1.win32_1.1.100.202309141235/tools/bin/../lib/gcc/arm-none-eabi/11.3.1/../../../../arm-none-eabi/lib/thumb/v6-m/nofp\libc_nano.a(libc_a-stdio.o) (_close_r)
C:/ST/STM32CubeIDE_1.12.0/STM32CubeIDE/plugins/com.st.stm32cube.ide.mcu.externaltools.gnu-tools-for-stm32.11.3.rel1.win32_1.1.100.202309141235/tools/bin/../lib/gcc/arm-none-eabi/11.3.1/../../../../arm-none-eabi/lib/thumb/v6-m/nofp\libc_nano.a(libc_a-reent.o)
                              C:/ST/STM32CubeIDE_1.12.0/STM32CubeIDE/plugins/com.st.stm32cube.ide.mcu.externaltools.gnu-tools-for-stm32.11.3.rel1.win32_1.1.100.202309141235/tools/bin/../lib/gcc/arm-none-eabi/11.3.1/../../../../arm-none-eabi/lib/thumb/v6-m/nofp\libc_nano.a(libc_a-closer.o) (errno)
C:/ST/STM32CubeIDE_1.12.0/STM32CubeIDE/plugins/com.st.stm32cube.ide.mcu.externaltools.gnu-tools-for-stm32.11.3.rel1.win32_1.1.100.202309141235/tools/bin/../lib/gcc/arm-none-eabi/11.3.1/../../../../arm-none-eabi/lib/thumb/v6-m/nofp\libc_nano.a(libc_a-impure.o)
                              C:/ST/STM32CubeIDE_1.12.0/STM32CubeIDE/plugins/com.st.stm32cube.ide.mcu.externaltools.gnu-tools-for-stm32.11.3.rel1.win32_1.1.100.202309141235/tools/bin/../lib/gcc/arm-none-eabi/11.3.1/../../../../arm-none-eabi/lib/thumb/v6-m/nofp\libc_nano.a(libc_a-reent.o) (_impure_ptr)
C:/ST/STM32CubeIDE_1.12.0/STM32CubeIDE/plugins/com.st.stm32cube.ide.mcu.externaltools.gnu-tools-for-stm32.11.3.rel1.win32_1.1.100.202309141235/tools/bin/../lib/gcc/arm-none-eabi/11.3.1/../../../../arm-none-eabi/lib/thumb/v6-m/nofp\libc_nano.a(libc_a-lseekr.o)
[...]
Memory Configuration

Name             Origin             Length             Attributes
RAM              0x0000000020000000 0x0000000000009000 xrw
FLASH            0x0000000008008000 0x0000000000018000 xr
*default*        0x0000000000000000 0xffffffffffffffff

Linker script and memory map

LOAD C:/ST/STM32CubeIDE_1.12.0/STM32CubeIDE/plugins/com.st.stm32cube.ide.mcu.externaltools.gnu-tools-for-stm32.11.3.rel1.win32_1.1.100.202309141235/tools/bin/../lib/gcc/arm-none-eabi/11.3.1/thumb/v6-m/nofp/crti.o
LOAD C:/ST/STM32CubeIDE_1.12.0/STM32CubeIDE/plugins/com.st.stm32cube.ide.mcu.externaltools.gnu-tools-for-stm32.11.3.rel1.win32_1.1.100.202309141235/tools/bin/../lib/gcc/arm-none-eabi/11.3.1/thumb/v6-m/nofp/crtbegin.o
LOAD C:/ST/STM32CubeIDE_1.12.0/STM32CubeIDE/plugins/com.st.stm32cube.ide.mcu.externaltools.gnu-tools-for-stm32.11.3.rel1.win32_1.1.100.202309141235/tools/bin/../lib/gcc/arm-none-eabi/11.3.1/../../../../arm-none-eabi/lib/thumb/v6-m/nofp/crt0.o
LOAD ./Core/Src/adc_ad7766.o
LOAD ./Core/Src/adc_channel.o
LOAD ./Core/Src/adc_utility.o
LOAD ./Core/Src/calculate_ph.o
LOAD ./Core/Src/crc.o
LOAD ./Core/Src/crc_util.o
LOAD ./Core/Src/dac8562.o
LOAD ./Core/Src/data_smoothing.o
LOAD ./Core/Src/eeprom.o
LOAD ./Core/Src/eeprom_M95080.o
LOAD ./Core/Src/init.o
LOAD ./Core/Src/ioport.o
LOAD ./Core/Src/main.o
LOAD ./Core/Src/qaqc.o
LOAD ./Core/Src/salinity_conductivity.o
LOAD ./Core/Src/scan_fresh_water.o
LOAD ./Core/Src/scan_ocean.o
LOAD ./Core/Src/shutdown.o
LOAD ./Core/Src/stm32g0xx_hal_msp.o
LOAD ./Core/Src/stm32g0xx_it.o
LOAD ./Core/Src/subsystem.o
LOAD ./Core/Src/syscalls.o
LOAD ./Core/Src/sysmem.o
LOAD ./Core/Src/system_stm32g0xx.o
LOAD ./Core/Src/tasktable.o
LOAD ./Core/Src/tasktable_init.o
LOAD ./Core/Src/tasktable_master.o
LOAD ./Core/Src/temperature.o
LOAD ./Core/Src/timer.o
LOAD ./Core/Src/usart_commsboard.o
LOAD ./Core/Startup/startup_stm32g071rbtx.o
LOAD ./Drivers/STM32G0xx_HAL_Driver/Src/stm32g0xx_hal.o
LOAD ./Drivers/STM32G0xx_HAL_Driver/Src/stm32g0xx_hal_cortex.o
LOAD ./Drivers/STM32G0xx_HAL_Driver/Src/stm32g0xx_hal_dma.o
LOAD ./Drivers/STM32G0xx_HAL_Driver/Src/stm32g0xx_hal_dma_ex.o
LOAD ./Drivers/STM32G0xx_HAL_Driver/Src/stm32g0xx_hal_exti.o
LOAD ./Drivers/STM32G0xx_HAL_Driver/Src/stm32g0xx_hal_flash.o
LOAD ./Drivers/STM32G0xx_HAL_Driver/Src/stm32g0xx_hal_flash_ex.o
LOAD ./Drivers/STM32G0xx_HAL_Driver/Src/stm32g0xx_hal_gpio.o
LOAD ./Drivers/STM32G0xx_HAL_Driver/Src/stm32g0xx_hal_i2c.o
LOAD ./Drivers/STM32G0xx_HAL_Driver/Src/stm32g0xx_hal_i2c_ex.o
LOAD ./Drivers/STM32G0xx_HAL_Driver/Src/stm32g0xx_hal_pwr.o
LOAD ./Drivers/STM32G0xx_HAL_Driver/Src/stm32g0xx_hal_pwr_ex.o
LOAD ./Drivers/STM32G0xx_HAL_Driver/Src/stm32g0xx_hal_rcc.o
LOAD ./Drivers/STM32G0xx_HAL_Driver/Src/stm32g0xx_hal_rcc_ex.o
LOAD ./Drivers/STM32G0xx_HAL_Driver/Src/stm32g0xx_hal_rtc.o
LOAD ./Drivers/STM32G0xx_HAL_Driver/Src/stm32g0xx_hal_rtc_ex.o
LOAD ./Drivers/STM32G0xx_HAL_Driver/Src/stm32g0xx_hal_spi.o
LOAD ./Drivers/STM32G0xx_HAL_Driver/Src/stm32g0xx_hal_spi_ex.o
LOAD ./Drivers/STM32G0xx_HAL_Driver/Src/stm32g0xx_hal_tim.o
LOAD ./Drivers/STM32G0xx_HAL_Driver/Src/stm32g0xx_hal_tim_ex.o
LOAD ./Drivers/STM32G0xx_HAL_Driver/Src/stm32g0xx_hal_uart.o
LOAD ./Drivers/STM32G0xx_HAL_Driver/Src/stm32g0xx_hal_uart_ex.o
LOAD ./Drivers/STM32G0xx_HAL_Driver/Src/stm32g0xx_ll_dma.o
LOAD ./Drivers/STM32G0xx_HAL_Driver/Src/stm32g0xx_ll_rcc.o
START GROUP
LOAD C:/ST/STM32CubeIDE_1.12.0/STM32CubeIDE/plugins/com.st.stm32cube.ide.mcu.externaltools.gnu-tools-for-stm32.11.3.rel1.win32_1.1.100.202309141235/tools/bin/../lib/gcc/arm-none-eabi/11.3.1/../../../../arm-none-eabi/lib/thumb/v6-m/nofp\libc_nano.a
LOAD C:/ST/STM32CubeIDE_1.12.0/STM32CubeIDE/plugins/com.st.stm32cube.ide.mcu.externaltools.gnu-tools-for-stm32.11.3.rel1.win32_1.1.100.202309141235/tools/bin/../lib/gcc/arm-none-eabi/11.3.1/../../../../arm-none-eabi/lib/thumb/v6-m/nofp\libm.a
END GROUP
START GROUP
LOAD C:/ST/STM32CubeIDE_1.12.0/STM32CubeIDE/plugins/com.st.stm32cube.ide.mcu.externaltools.gnu-tools-for-stm32.11.3.rel1.win32_1.1.100.202309141235/tools/bin/../lib/gcc/arm-none-eabi/11.3.1/thumb/v6-m/nofp\libgcc.a
LOAD C:/ST/STM32CubeIDE_1.12.0/STM32CubeIDE/plugins/com.st.stm32cube.ide.mcu.externaltools.gnu-tools-for-stm32.11.3.rel1.win32_1.1.100.202309141235/tools/bin/../lib/gcc/arm-none-eabi/11.3.1/../../../../arm-none-eabi/lib/thumb/v6-m/nofp\libc_nano.a
END GROUP
START GROUP
LOAD C:/ST/STM32CubeIDE_1.12.0/STM32CubeIDE/plugins/com.st.stm32cube.ide.mcu.externaltools.gnu-tools-for-stm32.11.3.rel1.win32_1.1.100.202309141235/tools/bin/../lib/gcc/arm-none-eabi/11.3.1/thumb/v6-m/nofp\libgcc.a
LOAD C:/ST/STM32CubeIDE_1.12.0/STM32CubeIDE/plugins/com.st.stm32cube.ide.mcu.externaltools.gnu-tools-for-stm32.11.3.rel1.win32_1.1.100.202309141235/tools/bin/../lib/gcc/arm-none-eabi/11.3.1/../../../../arm-none-eabi/lib/thumb/v6-m/nofp\libc_nano.a
LOAD C:/ST/STM32CubeIDE_1.12.0/STM32CubeIDE/plugins/com.st.stm32cube.ide.mcu.externaltools.gnu-tools-for-stm32.11.3.rel1.win32_1.1.100.202309141235/tools/bin/../lib/gcc/arm-none-eabi/11.3.1/../../../../arm-none-eabi/lib/thumb/v6-m/nofp\libnosys.a
END GROUP
START GROUP
LOAD C:/ST/STM32CubeIDE_1.12.0/STM32CubeIDE/plugins/com.st.stm32cube.ide.mcu.externaltools.gnu-tools-for-stm32.11.3.rel1.win32_1.1.100.202309141235/tools/bin/../lib/gcc/arm-none-eabi/11.3.1/thumb/v6-m/nofp\libgcc.a
LOAD C:/ST/STM32CubeIDE_1.12.0/STM32CubeIDE/plugins/com.st.stm32cube.ide.mcu.externaltools.gnu-tools-for-stm32.11.3.rel1.win32_1.1.100.202309141235/tools/bin/../lib/gcc/arm-none-eabi/11.3.1/../../../../arm-none-eabi/lib/thumb/v6-m/nofp\libc_nano.a
LOAD C:/ST/STM32CubeIDE_1.12.0/STM32CubeIDE/plugins/com.st.stm32cube.ide.mcu.externaltools.gnu-tools-for-stm32.11.3.rel1.win32_1.1.100.202309141235/tools/bin/../lib/gcc/arm-none-eabi/11.3.1/../../../../arm-none-eabi/lib/thumb/v6-m/nofp\libnosys.a
END GROUP
LOAD C:/ST/STM32CubeIDE_1.12.0/STM32CubeIDE/plugins/com.st.stm32cube.ide.mcu.externaltools.gnu-tools-for-stm32.11.3.rel1.win32_1.1.100.202309141235/tools/bin/../lib/gcc/arm-none-eabi/11.3.1/thumb/v6-m/nofp/crtend.o
LOAD C:/ST/STM32CubeIDE_1.12.0/STM32CubeIDE/plugins/com.st.stm32cube.ide.mcu.externaltools.gnu-tools-for-stm32.11.3.rel1.win32_1.1.100.202309141235/tools/bin/../lib/gcc/arm-none-eabi/11.3.1/thumb/v6-m/nofp/crtn.o
                0x0000000020009000                _estack = (ORIGIN (RAM) + LENGTH (RAM))
                0x0000000000000200                _Min_Heap_Size = 0x200
                0x0000000000000400                _Min_Stack_Size = 0x400

.isr_vector     0x0000000008008000       0xbc
                0x0000000008008000                . = ALIGN (0x4)
 *(.isr_vector)
 .isr_vector    0x0000000008008000       0xbc ./Core/Startup/startup_stm32g071rbtx.o
                0x0000000008008000                g_pfnVectors
                0x00000000080080bc                . = ALIGN (0x4)

.text           0x00000000080080bc    0x1328c
                0x00000000080080bc                . = ALIGN (0x4)
 *(.text)
 .text          0x00000000080080bc       0x48 C:/ST/STM32CubeIDE_1.12.0/STM32CubeIDE/plugins/com.st.stm32cube.ide.mcu.externaltools.gnu-tools-for-stm32.11.3.rel1.win32_1.1.100.202309141235/tools/bin/../lib/gcc/arm-none-eabi/11.3.1/thumb/v6-m/nofp/crtbegin.o
 .text          0x0000000008008104      0x114 C:/ST/STM32CubeIDE_1.12.0/STM32CubeIDE/plugins/com.st.stm32cube.ide.mcu.externaltools.gnu-tools-for-stm32.11.3.rel1.win32_1.1.100.202309141235/tools/bin/../lib/gcc/arm-none-eabi/11.3.1/thumb/v6-m/nofp\libgcc.a(_udivsi3.o)
                0x0000000008008104                __aeabi_uidiv
                0x0000000008008104                __udivsi3
                0x0000000008008210                __aeabi_uidivmod
 .text          0x0000000008008218      0x1d4 C:/ST/STM32CubeIDE_1.12.0/STM32CubeIDE/plugins/com.st.stm32cube.ide.mcu.externaltools.gnu-tools-for-stm32.11.3.rel1.win32_1.1.100.202309141235/tools/bin/../lib/gcc/arm-none-eabi/11.3.1/thumb/v6-m/nofp\libgcc.a(_divsi3.o)
                0x0000000008008218                __divsi3
                0x0000000008008218                __aeabi_idiv
                0x00000000080083e4                __aeabi_idivmod
 .text          0x00000000080083ec        0x4 C:/ST/STM32CubeIDE_1.12.0/STM32CubeIDE/plugins/com.st.stm32cube.ide.mcu.externaltools.gnu-tools-for-stm32.11.3.rel1.win32_1.1.100.202309141235/tools/bin/../lib/gcc/arm-none-eabi/11.3.1/thumb/v6-m/nofp\libgcc.a(_dvmd_tls.o)
                0x00000000080083ec                __aeabi_idiv0
                0x00000000080083ec                __aeabi_ldiv0
 .text          0x00000000080083f0       0x7c C:/ST/STM32CubeIDE_1.12.0/STM32CubeIDE/plugins/com.st.stm32cube.ide.mcu.externaltools.gnu-tools-for-stm32.11.3.rel1.win32_1.1.100.202309141235/tools/bin/../lib/gcc/arm-none-eabi/11.3.1/thumb/v6-m/nofp\libgcc.a(_arm_cmpdf2.o)
                0x00000000080083f0                __aeabi_cdrcmple
                0x0000000008008400                __aeabi_cdcmple
                0x0000000008008400                __aeabi_cdcmpeq
                0x0000000008008410                __aeabi_dcmpeq
                0x000000000800841c                __aeabi_dcmplt
                0x0000000008008430                __aeabi_dcmple
                0x0000000008008444                __aeabi_dcmpgt
                0x0000000008008458                __aeabi_dcmpge
 .text          0x000000000800846c       0x40 C:/ST/STM32CubeIDE_1.12.0/STM32CubeIDE/plugins/com.st.stm32cube.ide.mcu.externaltools.gnu-tools-for-stm32.11.3.rel1.win32_1.1.100.202309141235/tools/bin/../lib/gcc/arm-none-eabi/11.3.1/thumb/v6-m/nofp\libgcc.a(_aeabi_uldivmod.o)
                0x000000000800846c                __aeabi_uldivmod
 .text          0x00000000080084ac       0x3c C:/ST/STM32CubeIDE_1.12.0/STM32CubeIDE/plugins/com.st.stm32cube.ide.mcu.externaltools.gnu-tools-for-stm32.11.3.rel1.win32_1.1.100.202309141235/tools/bin/../lib/gcc/arm-none-eabi/11.3.1/thumb/v6-m/nofp\libgcc.a(_fixunsdfsi.o)
                0x00000000080084ac                __aeabi_d2uiz
                0x00000000080084ac                __fixunsdfsi
 .text          0x00000000080084e8      0x198 C:/ST/STM32CubeIDE_1.12.0/STM32CubeIDE/plugins/com.st.stm32cube.ide.mcu.externaltools.gnu-tools-for-stm32.11.3.rel1.win32_1.1.100.202309141235/tools/bin/../lib/gcc/arm-none-eabi/11.3.1/thumb/v6-m/nofp\libgcc.a(_udivmoddi4.o)
                0x00000000080084e8                __udivmoddi4
 .text          0x0000000008008680       0x40 C:/ST/STM32CubeIDE_1.12.0/STM32CubeIDE/plugins/com.st.stm32cube.ide.mcu.externaltools.gnu-tools-for-stm32.11.3.rel1.win32_1.1.100.202309141235/tools/bin/../lib/gcc/arm-none-eabi/11.3.1/thumb/v6-m/nofp\libgcc.a(fixsfsi.o)
                0x0000000008008680                __aeabi_f2iz
 .text          0x00000000080086c0       0xa4 C:/ST/STM32CubeIDE_1.12.0/STM32CubeIDE/plugins/com.st.stm32cube.ide.mcu.externaltools.gnu-tools-for-stm32.11.3.rel1.win32_1.1.100.202309141235/tools/bin/../lib/gcc/arm-none-eabi/11.3.1/thumb/v6-m/nofp\libgcc.a(floatsisf.o)
                0x00000000080086c0                __aeabi_i2f
 .text          0x0000000008008764      0x6c0 C:/ST/STM32CubeIDE_1.12.0/STM32CubeIDE/plugins/com.st.stm32cube.ide.mcu.externaltools.gnu-tools-for-stm32.11.3.rel1.win32_1.1.100.202309141235/tools/bin/../lib/gcc/arm-none-eabi/11.3.1/thumb/v6-m/nofp\libgcc.a(adddf3.o)
                0x0000000008008764                __aeabi_dadd
 .text          0x0000000008008e24      0x5dc C:/ST/STM32CubeIDE_1.12.0/STM32CubeIDE/plugins/com.st.stm32cube.ide.mcu.externaltools.gnu-tools-for-stm32.11.3.rel1.win32_1.1.100.202309141235/tools/bin/../lib/gcc/arm-none-eabi/11.3.1/thumb/v6-m/nofp\libgcc.a(divdf3.o)
                0x0000000008008e24                __aeabi_ddiv
 .text          0x0000000008009400       0x84 C:/ST/STM32CubeIDE_1.12.0/STM32CubeIDE/plugins/com.st.stm32cube.ide.mcu.externaltools.gnu-tools-for-stm32.11.3.rel1.win32_1.1.100.202309141235/tools/bin/../lib/gcc/arm-none-eabi/11.3.1/thumb/v6-m/nofp\libgcc.a(eqdf2.o)
                0x0000000008009400                __nedf2
                0x0000000008009400                __eqdf2
 .text          0x0000000008009484       0xcc C:/ST/STM32CubeIDE_1.12.0/STM32CubeIDE/plugins/com.st.stm32cube.ide.mcu.externaltools.gnu-tools-for-stm32.11.3.rel1.win32_1.1.100.202309141235/tools/bin/../lib/gcc/arm-none-eabi/11.3.1/thumb/v6-m/nofp\libgcc.a(gedf2.o)
                0x0000000008009484                __gedf2
                0x0000000008009484                __gtdf2
 .text          0x0000000008009550       0xc8 C:/ST/STM32CubeIDE_1.12.0/STM32CubeIDE/plugins/com.st.stm32cube.ide.mcu.externaltools.gnu-tools-for-stm32.11.3.rel1.win32_1.1.100.202309141235/tools/bin/../lib/gcc/arm-none-eabi/11.3.1/thumb/v6-m/nofp\libgcc.a(ledf2.o)
                0x0000000008009550                __ledf2
                0x0000000008009550                __ltdf2
 .text          0x0000000008009618      0x584 C:/ST/STM32CubeIDE_1.12.0/STM32CubeIDE/plugins/com.st.stm32cube.ide.mcu.externaltools.gnu-tools-for-stm32.11.3.rel1.win32_1.1.100.202309141235/tools/bin/../lib/gcc/arm-none-eabi/11.3.1/thumb/v6-m/nofp\libgcc.a(muldf3.o)
                0x0000000008009618                __aeabi_dmul
 .text          0x0000000008009b9c      0x704 C:/ST/STM32CubeIDE_1.12.0/STM32CubeIDE/plugins/com.st.stm32cube.ide.mcu.externaltools.gnu-tools-for-stm32.11.3.rel1.win32_1.1.100.202309141235/tools/bin/../lib/gcc/arm-none-eabi/11.3.1/thumb/v6-m/nofp\libgcc.a(subdf3.o)
                0x0000000008009b9c                __aeabi_dsub
 .text          0x000000000800a2a0       0x3c C:/ST/STM32CubeIDE_1.12.0/STM32CubeIDE/plugins/com.st.stm32cube.ide.mcu.externaltools.gnu-tools-for-stm32.11.3.rel1.win32_1.1.100.202309141235/tools/bin/../lib/gcc/arm-none-eabi/11.3.1/thumb/v6-m/nofp\libgcc.a(unorddf2.o)
                0x000000000800a2a0                __aeabi_dcmpun
 .text          0x000000000800a2dc       0x6c C:/ST/STM32CubeIDE_1.12.0/STM32CubeIDE/plugins/com.st.stm32cube.ide.mcu.externaltools.gnu-tools-for-stm32.11.3.rel1.win32_1.1.100.202309141235/tools/bin/../lib/gcc/arm-none-eabi/11.3.1/thumb/v6-m/nofp\libgcc.a(fixdfsi.o)
                0x000000000800a2dc                __aeabi_d2iz
 .text          0x000000000800a348       0x60 C:/ST/STM32CubeIDE_1.12.0/STM32CubeIDE/plugins/com.st.stm32cube.ide.mcu.externaltools.gnu-tools-for-stm32.11.3.rel1.win32_1.1.100.202309141235/tools/bin/../lib/gcc/arm-none-eabi/11.3.1/thumb/v6-m/nofp\libgcc.a(floatsidf.o)
                0x000000000800a348                __aeabi_i2d
 .text          0x000000000800a3a8       0x4c C:/ST/STM32CubeIDE_1.12.0/STM32CubeIDE/plugins/com.st.stm32cube.ide.mcu.externaltools.gnu-tools-for-stm32.11.3.rel1.win32_1.1.100.202309141235/tools/bin/../lib/gcc/arm-none-eabi/11.3.1/thumb/v6-m/nofp\libgcc.a(floatunsidf.o)
                0x000000000800a3a8                __aeabi_ui2d
 .text          0x000000000800a3f4       0x90 C:/ST/STM32CubeIDE_1.12.0/STM32CubeIDE/plugins/com.st.stm32cube.ide.mcu.externaltools.gnu-tools-for-stm32.11.3.rel1.win32_1.1.100.202309141235/tools/bin/../lib/gcc/arm-none-eabi/11.3.1/thumb/v6-m/nofp\libgcc.a(extendsfdf2.o)
                0x000000000800a3f4                __aeabi_f2d
 .text          0x000000000800a484      0x10c C:/ST/STM32CubeIDE_1.12.0/STM32CubeIDE/plugins/com.st.stm32cube.ide.mcu.externaltools.gnu-tools-for-stm32.11.3.rel1.win32_1.1.100.202309141235/tools/bin/../lib/gcc/arm-none-eabi/11.3.1/thumb/v6-m/nofp\libgcc.a(truncdfsf2.o)
                0x000000000800a484                __aeabi_d2f
 .text          0x000000000800a590       0x3c C:/ST/STM32CubeIDE_1.12.0/STM32CubeIDE/plugins/com.st.stm32cube.ide.mcu.externaltools.gnu-tools-for-stm32.11.3.rel1.win32_1.1.100.202309141235/tools/bin/../lib/gcc/arm-none-eabi/11.3.1/thumb/v6-m/nofp\libgcc.a(_clzsi2.o)
                0x000000000800a590                __clzsi2
 .text          0x000000000800a5cc       0x18 C:/ST/STM32CubeIDE_1.12.0/STM32CubeIDE/plugins/com.st.stm32cube.ide.mcu.externaltools.gnu-tools-for-stm32.11.3.rel1.win32_1.1.100.202309141235/tools/bin/../lib/gcc/arm-none-eabi/11.3.1/thumb/v6-m/nofp\libgcc.a(_clzdi2.o)
                0x000000000800a5cc                __clzdi2
 *(.text*)
 .text.ad7766_init
                0x000000000800a5e4       0x80 ./Core/Src/adc_ad7766.o
                0x000000000800a5e4                ad7766_init
 .text.ad7766_convert
                0x000000000800a664       0x78 ./Core/Src/adc_ad7766.o
                0x000000000800a664                ad7766_convert
 .text.adc_utility_init
                0x000000000800a6dc       0x40 ./Core/Src/adc_utility.o
                0x000000000800a6dc                adc_utility_init
 .text.adc_convert_manipulate
                0x000000000800a71c       0x2c ./Core/Src/adc_utility.o
                0x000000000800a71c                adc_convert_manipulate
 .text.adc_convert_manipulate_vp
                0x000000000800a748       0x20 ./Core/Src/adc_utility.o
                0x000000000800a748                adc_convert_manipulate_vp
 .text.adc_conversion
                0x000000000800a768       0x4a ./Core/Src/adc_utility.o
                0x000000000800a768                adc_conversion
 *fill*         0x000000000800a7b2        0x2 
 .text.check_sensor_readings
                0x000000000800a7b4      0x488 ./Core/Src/adc_utility.o
                0x000000000800a7b4                check_sensor_readings
 .text.reading_avg
                0x000000000800ac3c       0x62 ./Core/Src/calculate_ph.o
                0x000000000800ac3c                reading_avg
 *fill*         0x000000000800ac9e        0x2 
 .text.calculate_m
                0x000000000800aca0       0x44 ./Core/Src/calculate_ph.o
                0x000000000800aca0                calculate_m
 .text.calculate_c
                0x000000000800ace4       0xd4 ./Core/Src/calculate_ph.o
                0x000000000800ace4                calculate_c
 .text.calculate_ph
                0x000000000800adb8      0x13c ./Core/Src/calculate_ph.o
                0x000000000800adb8                calculate_ph
 .text.calculate_ph_running_average_scan
                0x000000000800aef4      0x248 ./Core/Src/calculate_ph.o
                0x000000000800aef4                calculate_ph_running_average_scan
 .text.get_transducer_health
                0x000000000800b13c      0x188 ./Core/Src/calculate_ph.o
                0x000000000800b13c                get_transducer_health
 .text.get_electrode_health_value
                0x000000000800b2c4       0x94 ./Core/Src/calculate_ph.o
                0x000000000800b2c4                get_electrode_health_value
 .text.clear_ph_array
                0x000000000800b358       0x58 ./Core/Src/calculate_ph.o
                0x000000000800b358                clear_ph_array
 .text.clear_electrode_health
                0x000000000800b3b0       0x3c ./Core/Src/calculate_ph.o
                0x000000000800b3b0                clear_electrode_health
 .text.clear_electrode_gain
                0x000000000800b3ec       0x14 ./Core/Src/calculate_ph.o
                0x000000000800b3ec                clear_electrode_gain
 .text.ModRTU_CRC
                0x000000000800b400       0x94 ./Core/Src/crc.o
                0x000000000800b400                ModRTU_CRC
 .text.crc_util_initialise
                0x000000000800b494       0x20 ./Core/Src/crc_util.o
                0x000000000800b494                crc_util_initialise
 .text.crc_calculate
                0x000000000800b4b4       0x60 ./Core/Src/crc_util.o
                0x000000000800b4b4                crc_calculate
 .text.crc_get_reversed_first_byte
                0x000000000800b514       0x28 ./Core/Src/crc_util.o
                0x000000000800b514                crc_get_reversed_first_byte
 .text.crc_get_reversed_second_byte
                0x000000000800b53c       0x20 ./Core/Src/crc_util.o
                0x000000000800b53c                crc_get_reversed_second_byte
 .text.write_to_dac
                0x000000000800b55c       0x36 ./Core/Src/dac8562.o
 .text.DAC_initialize
                0x000000000800b592       0x96 ./Core/Src/dac8562.o
 .text.dac8562_init
                0x000000000800b628       0x32 ./Core/Src/dac8562.o
                0x000000000800b628                dac8562_init
 .text.DAC_SET_A
                0x000000000800b65a       0x48 ./Core/Src/dac8562.o
                0x000000000800b65a                DAC_SET_A
 .text.DAC_SET_B
                0x000000000800b6a2       0x48 ./Core/Src/dac8562.o
                0x000000000800b6a2                DAC_SET_B
 *fill*         0x000000000800b6ea        0x2 
 .text.smoothing_function
                0x000000000800b6ec     0x113c ./Core/Src/data_smoothing.o
                0x000000000800b6ec                smoothing_function
 .text.write_eeprom_square_wave_data_save_status
                0x000000000800c828       0x20 ./Core/Src/eeprom.o
                0x000000000800c828                write_eeprom_square_wave_data_save_status
 .text.read_eeprom_square_wave_data_save_status
                0x000000000800c848       0x2a ./Core/Src/eeprom.o
                0x000000000800c848                read_eeprom_square_wave_data_save_status
 .text.write_eeprom_external_baud_rate_setting
                0x000000000800c872       0x20 ./Core/Src/eeprom.o
                0x000000000800c872                write_eeprom_external_baud_rate_setting
 .text.read_eeprom_external_baud_rate_setting
                0x000000000800c892       0x2a ./Core/Src/eeprom.o
                0x000000000800c892                read_eeprom_external_baud_rate_setting
 .text.write_eeprom_sensor_array_interval_setting
                0x000000000800c8bc       0x20 ./Core/Src/eeprom.o
                0x000000000800c8bc                write_eeprom_sensor_array_interval_setting
 .text.read_eeprom_sensor_array_interval_setting
                0x000000000800c8dc       0x2a ./Core/Src/eeprom.o
                0x000000000800c8dc                read_eeprom_sensor_array_interval_setting
 .text.write_eeprom_sensor_mode_setting
                0x000000000800c906       0x20 ./Core/Src/eeprom.o
                0x000000000800c906                write_eeprom_sensor_mode_setting
 .text.read_eeprom_sensor_mode_setting
                0x000000000800c926       0x2a ./Core/Src/eeprom.o
                0x000000000800c926                read_eeprom_sensor_mode_setting
 .text.write_eeprom_sensor_communication_style
                0x000000000800c950       0x20 ./Core/Src/eeprom.o
                0x000000000800c950                write_eeprom_sensor_communication_style
 .text.read_eeprom_sensor_communication_style
                0x000000000800c970       0x66 ./Core/Src/eeprom.o
                0x000000000800c970                read_eeprom_sensor_communication_style
 .text.write_eeprom_sensor_serial_number
                0x000000000800c9d6       0x34 ./Core/Src/eeprom.o
                0x000000000800c9d6                write_eeprom_sensor_serial_number
 .text.read_eeprom_sensor_serial_number
                0x000000000800ca0a      0x254 ./Core/Src/eeprom.o
                0x000000000800ca0a                read_eeprom_sensor_serial_number
 .text.write_eeprom_ph_output_style_setting
                0x000000000800cc5e       0x20 ./Core/Src/eeprom.o
                0x000000000800cc5e                write_eeprom_ph_output_style_setting
 .text.read_eeprom_ph_output_style_setting
                0x000000000800cc7e       0x2a ./Core/Src/eeprom.o
                0x000000000800cc7e                read_eeprom_ph_output_style_setting
 .text.write_eeprom_immersion_rule
                0x000000000800cca8       0x20 ./Core/Src/eeprom.o
                0x000000000800cca8                write_eeprom_immersion_rule
 .text.write_eeprom_immersion_rule_interval
                0x000000000800ccc8       0x20 ./Core/Src/eeprom.o
                0x000000000800ccc8                write_eeprom_immersion_rule_interval
 .text.read_eeprom_immersion_rule
                0x000000000800cce8       0x2a ./Core/Src/eeprom.o
                0x000000000800cce8                read_eeprom_immersion_rule
 .text.read_eeprom_immersion_rule_interval
                0x000000000800cd12       0x2a ./Core/Src/eeprom.o
                0x000000000800cd12                read_eeprom_immersion_rule_interval
 .text.condition_check_sensor_autonomous_start_delay_setting
                0x000000000800cd3c       0xbe ./Core/Src/eeprom.o
                0x000000000800cd3c                condition_check_sensor_autonomous_start_delay_setting
 .text.write_eeprom_sensor_autonomous_start_delay_setting
                0x000000000800cdfa       0x52 ./Core/Src/eeprom.o
                0x000000000800cdfa                write_eeprom_sensor_autonomous_start_delay_setting
 .text.read_eeprom_sensor_autonomous_start_delay_setting
                0x000000000800ce4c       0x4c ./Core/Src/eeprom.o
                0x000000000800ce4c                read_eeprom_sensor_autonomous_start_delay_setting
 .text.write_eeprom_temperature_calibration_number
                0x000000000800ce98       0x36 ./Core/Src/eeprom.o
                0x000000000800ce98                write_eeprom_temperature_calibration_number
 *fill*         0x000000000800cece        0x2 
 .text.write_eeprom_sensor_name
                0x000000000800ced0       0x6c ./Core/Src/eeprom.o
                0x000000000800ced0                write_eeprom_sensor_name
 .text.read_eeprom_sensor_name
                0x000000000800cf3c      0x16c ./Core/Src/eeprom.o
                0x000000000800cf3c                read_eeprom_sensor_name
 .text.write_eeprom_sensor_sub_name
                0x000000000800d0a8       0x6c ./Core/Src/eeprom.o
                0x000000000800d0a8                write_eeprom_sensor_sub_name
 .text.read_eeprom_sensor_sub_name
                0x000000000800d114      0x16c ./Core/Src/eeprom.o
                0x000000000800d114                read_eeprom_sensor_sub_name
 .text.write_eeprom_heartbeat_output_style_setting
                0x000000000800d280       0x20 ./Core/Src/eeprom.o
                0x000000000800d280                write_eeprom_heartbeat_output_style_setting
 .text.write_eeprom_system_modbus_address
                0x000000000800d2a0       0x24 ./Core/Src/eeprom.o
                0x000000000800d2a0                write_eeprom_system_modbus_address
 .text.read_eeprom_system_modbus_address
                0x000000000800d2c4       0x54 ./Core/Src/eeprom.o
                0x000000000800d2c4                read_eeprom_system_modbus_address
 .text.read_eeprom_heartbeat_output_style_setting
                0x000000000800d318       0x50 ./Core/Src/eeprom.o
                0x000000000800d318                read_eeprom_heartbeat_output_style_setting
 .text.initialize_ph_running_average
                0x000000000800d368       0xa0 ./Core/Src/eeprom.o
                0x000000000800d368                initialize_ph_running_average
 .text.save_ph_running_average
                0x000000000800d408       0xe0 ./Core/Src/eeprom.o
                0x000000000800d408                save_ph_running_average
 .text.initialize_electrode_health
                0x000000000800d4e8       0x70 ./Core/Src/eeprom.o
                0x000000000800d4e8                initialize_electrode_health
 .text.save_electrode_health
                0x000000000800d558       0x54 ./Core/Src/eeprom.o
                0x000000000800d558                save_electrode_health
 .text.initialize_electrode_gain
                0x000000000800d5ac       0x7c ./Core/Src/eeprom.o
                0x000000000800d5ac                initialize_electrode_gain
 .text.save_electrode_gain
                0x000000000800d628       0x40 ./Core/Src/eeprom.o
                0x000000000800d628                save_electrode_gain
 .text.write_eeprom_anbsensors_or_alternate_int
                0x000000000800d668       0x24 ./Core/Src/eeprom.o
                0x000000000800d668                write_eeprom_anbsensors_or_alternate_int
 .text.read_eeprom_anbsensors_or_alternate_int
                0x000000000800d68c       0x64 ./Core/Src/eeprom.o
                0x000000000800d68c                read_eeprom_anbsensors_or_alternate_int
 .text.write_eeprom_iref_primary_health
                0x000000000800d6f0       0x24 ./Core/Src/eeprom.o
                0x000000000800d6f0                write_eeprom_iref_primary_health
 .text.write_eeprom_iref_secondary_health
                0x000000000800d714       0x24 ./Core/Src/eeprom.o
                0x000000000800d714                write_eeprom_iref_secondary_health
 .text.write_eeprom_iref_last_used
                0x000000000800d738       0x24 ./Core/Src/eeprom.o
                0x000000000800d738                write_eeprom_iref_last_used
 .text.write_eeprom_iref_health_bad_count
                0x000000000800d75c       0x24 ./Core/Src/eeprom.o
                0x000000000800d75c                write_eeprom_iref_health_bad_count
 .text.read_eeprom_iref_primary_health
                0x000000000800d780       0x2e ./Core/Src/eeprom.o
                0x000000000800d780                read_eeprom_iref_primary_health
 .text.read_eeprom_iref_secondary_health
                0x000000000800d7ae       0x2c ./Core/Src/eeprom.o
                0x000000000800d7ae                read_eeprom_iref_secondary_health
 .text.read_eeprom_iref_last_used
                0x000000000800d7da       0x2e ./Core/Src/eeprom.o
                0x000000000800d7da                read_eeprom_iref_last_used
 .text.read_eeprom_iref_health_bad_count
                0x000000000800d808       0x2c ./Core/Src/eeprom.o
                0x000000000800d808                read_eeprom_iref_health_bad_count
 .text.write_extra_electrodes_for_simultaneous_scan
                0x000000000800d834       0x28 ./Core/Src/eeprom.o
                0x000000000800d834                write_extra_electrodes_for_simultaneous_scan
 .text.read_extra_electrodes_for_simultaneous_scan
                0x000000000800d85c       0x58 ./Core/Src/eeprom.o
                0x000000000800d85c                read_extra_electrodes_for_simultaneous_scan
 .text.write_eeprom_scan_c_ph_scan_start_number
                0x000000000800d8b4       0x28 ./Core/Src/eeprom.o
                0x000000000800d8b4                write_eeprom_scan_c_ph_scan_start_number
 .text.eeprom_read_byte_with_checks
                0x000000000800d8dc       0xa0 ./Core/Src/eeprom.o
                0x000000000800d8dc                eeprom_read_byte_with_checks
 .text.eeprom_get_float_from_eeprom_bytes
                0x000000000800d97c       0x56 ./Core/Src/eeprom.o
                0x000000000800d97c                eeprom_get_float_from_eeprom_bytes
 *fill*         0x000000000800d9d2        0x2 
 .text.eeprom_write_byte
                0x000000000800d9d4       0xb0 ./Core/Src/eeprom_M95080.o
                0x000000000800d9d4                eeprom_write_byte
 .text.eeprom_write_byte_with_readback_check
                0x000000000800da84       0x72 ./Core/Src/eeprom_M95080.o
                0x000000000800da84                eeprom_write_byte_with_readback_check
 *fill*         0x000000000800daf6        0x2 
 .text.eeprom_read_byte
                0x000000000800daf8       0x84 ./Core/Src/eeprom_M95080.o
                0x000000000800daf8                eeprom_read_byte
 .text.eeprom_write_buffer
                0x000000000800db7c       0xb8 ./Core/Src/eeprom_M95080.o
                0x000000000800db7c                eeprom_write_buffer
 .text.eeprom_write_buffer_with_readback_check
                0x000000000800dc34       0xac ./Core/Src/eeprom_M95080.o
                0x000000000800dc34                eeprom_write_buffer_with_readback_check
 .text.eeprom_wait_for_write_to_complete
                0x000000000800dce0        0xe ./Core/Src/eeprom_M95080.o
                0x000000000800dce0                eeprom_wait_for_write_to_complete
 *fill*         0x000000000800dcee        0x2 
 .text.board_init
                0x000000000800dcf0      0x20c ./Core/Src/init.o
                0x000000000800dcf0                board_init
 .text.ioport_set_pin_level
                0x000000000800defc       0x2c ./Core/Src/ioport.o
                0x000000000800defc                ioport_set_pin_level
 .text.ioport_get_pin_level
                0x000000000800df28       0x2c ./Core/Src/ioport.o
                0x000000000800df28                ioport_get_pin_level
 .text.main     0x000000000800df54       0x9c ./Core/Src/main.o
                0x000000000800df54                main
 .text.SystemClock_Config
                0x000000000800dff0       0xcc ./Core/Src/main.o
                0x000000000800dff0                SystemClock_Config
 .text.MX_I2C1_Init
                0x000000000800e0bc       0x80 ./Core/Src/main.o
 .text.MX_RTC_Init
                0x000000000800e13c       0x5c ./Core/Src/main.o
 .text.MX_SPI1_Init
                0x000000000800e198       0x74 ./Core/Src/main.o
 .text.MX_SPI2_Init
                0x000000000800e20c       0x7c ./Core/Src/main.o
 .text.MX_TIM6_Init
                0x000000000800e288       0x78 ./Core/Src/main.o
 .text.MX_TIM7_Init
                0x000000000800e300       0x78 ./Core/Src/main.o
 .text.MX_TIM14_Init
                0x000000000800e378       0x4c ./Core/Src/main.o
 .text.MX_TIM16_Init
                0x000000000800e3c4       0x50 ./Core/Src/main.o
 .text.MX_TIM17_Init
                0x000000000800e414       0x50 ./Core/Src/main.o
 .text.MX_USART1_UART_Init
                0x000000000800e464       0xa0 ./Core/Src/main.o
 .text.MX_DMA_Init
                0x000000000800e504       0x3c ./Core/Src/main.o
 .text.MX_GPIO_Init
                0x000000000800e540      0x1dc ./Core/Src/main.o
 .text.HAL_UARTEx_RxEventCallback
                0x000000000800e71c       0x5c ./Core/Src/main.o
                0x000000000800e71c                HAL_UARTEx_RxEventCallback
 .text.uart1_send_byte
                0x000000000800e778       0x24 ./Core/Src/main.o
                0x000000000800e778                uart1_send_byte
 .text.uart1_send_bytes
                0x000000000800e79c       0x2c ./Core/Src/main.o
                0x000000000800e79c                uart1_send_bytes
 .text.spi1_enable
                0x000000000800e7c8       0x20 ./Core/Src/main.o
                0x000000000800e7c8                spi1_enable
 .text.spi1_send_byte
                0x000000000800e7e8       0x30 ./Core/Src/main.o
                0x000000000800e7e8                spi1_send_byte
 .text.spi2_send_byte
                0x000000000800e818       0x80 ./Core/Src/main.o
                0x000000000800e818                spi2_send_byte
 .text.spi2_send_bytes
                0x000000000800e898       0xbc ./Core/Src/main.o
                0x000000000800e898                spi2_send_bytes
 .text.spi2_get_byte
                0x000000000800e954       0x88 ./Core/Src/main.o
                0x000000000800e954                spi2_get_byte
 .text.spi2_get_bytes
                0x000000000800e9dc       0xb4 ./Core/Src/main.o
                0x000000000800e9dc                spi2_get_bytes
 .text.spi2_wait_for_eeprom_write_to_complete
                0x000000000800ea90       0x60 ./Core/Src/main.o
                0x000000000800ea90                spi2_wait_for_eeprom_write_to_complete
 .text.start_timer
                0x000000000800eaf0       0xac ./Core/Src/main.o
                0x000000000800eaf0                start_timer
 .text.stop_timer
                0x000000000800eb9c       0x78 ./Core/Src/main.o
                0x000000000800eb9c                stop_timer
 .text.set_timer_period
                0x000000000800ec14       0x88 ./Core/Src/main.o
                0x000000000800ec14                set_timer_period
 .text.set_timer_count
                0x000000000800ec9c       0x88 ./Core/Src/main.o
                0x000000000800ec9c                set_timer_count
 .text.cpu_irq_enable
                0x000000000800ed24        0xe ./Core/Src/main.o
                0x000000000800ed24                cpu_irq_enable
 .text.cpu_irq_disable
                0x000000000800ed32        0xe ./Core/Src/main.o
                0x000000000800ed32                cpu_irq_disable
 .text.HAL_TIM_PeriodElapsedCallback
                0x000000000800ed40       0x78 ./Core/Src/main.o
                0x000000000800ed40                HAL_TIM_PeriodElapsedCallback
 .text.Error_Handler
                0x000000000800edb8        0xa ./Core/Src/main.o
                0x000000000800edb8                Error_Handler
 *fill*         0x000000000800edc2        0x2 
 .text.reset_qaqc_reply_data
                0x000000000800edc4      0x138 ./Core/Src/qaqc.o
                0x000000000800edc4                reset_qaqc_reply_data
 .text.scan_fresh_water
                0x000000000800eefc      0xa34 ./Core/Src/scan_fresh_water.o
                0x000000000800eefc                scan_fresh_water
 .text.scan_ocean
                0x000000000800f930      0xa84 ./Core/Src/scan_ocean.o
                0x000000000800f930                scan_ocean
 .text.initiate_shutdown
                0x00000000080103b4       0x24 ./Core/Src/shutdown.o
                0x00000000080103b4                initiate_shutdown
 .text.HAL_MspInit
                0x00000000080103d8       0x48 ./Core/Src/stm32g0xx_hal_msp.o
                0x00000000080103d8                HAL_MspInit
 .text.HAL_I2C_MspInit
                0x0000000008010420       0xc4 ./Core/Src/stm32g0xx_hal_msp.o
                0x0000000008010420                HAL_I2C_MspInit
 .text.HAL_RTC_MspInit
                0x00000000080104e4       0x7c ./Core/Src/stm32g0xx_hal_msp.o
                0x00000000080104e4                HAL_RTC_MspInit
 .text.HAL_SPI_MspInit
                0x0000000008010560      0x10c ./Core/Src/stm32g0xx_hal_msp.o
                0x0000000008010560                HAL_SPI_MspInit
 .text.HAL_TIM_Base_MspInit
                0x000000000801066c      0x138 ./Core/Src/stm32g0xx_hal_msp.o
                0x000000000801066c                HAL_TIM_Base_MspInit
 .text.HAL_UART_MspInit
                0x00000000080107a4      0x130 ./Core/Src/stm32g0xx_hal_msp.o
                0x00000000080107a4                HAL_UART_MspInit
 .text.NMI_Handler
                0x00000000080108d4        0x6 ./Core/Src/stm32g0xx_it.o
                0x00000000080108d4                NMI_Handler
 .text.HardFault_Handler
                0x00000000080108da        0x6 ./Core/Src/stm32g0xx_it.o
                0x00000000080108da                HardFault_Handler
 .text.SVC_Handler
                0x00000000080108e0        0xa ./Core/Src/stm32g0xx_it.o
                0x00000000080108e0                SVC_Handler
 .text.PendSV_Handler
                0x00000000080108ea        0xa ./Core/Src/stm32g0xx_it.o
                0x00000000080108ea                PendSV_Handler
 .text.SysTick_Handler
                0x00000000080108f4        0xe ./Core/Src/stm32g0xx_it.o
                0x00000000080108f4                SysTick_Handler
 *fill*         0x0000000008010902        0x2 
 .text.DMA1_Channel1_IRQHandler
                0x0000000008010904       0x18 ./Core/Src/stm32g0xx_it.o
                0x0000000008010904                DMA1_Channel1_IRQHandler
 .text.TIM6_DAC_LPTIM1_IRQHandler
                0x000000000801091c       0x18 ./Core/Src/stm32g0xx_it.o
                0x000000000801091c                TIM6_DAC_LPTIM1_IRQHandler
 .text.TIM7_LPTIM2_IRQHandler
                0x0000000008010934       0x18 ./Core/Src/stm32g0xx_it.o
                0x0000000008010934                TIM7_LPTIM2_IRQHandler
 .text.TIM14_IRQHandler
                0x000000000801094c       0x18 ./Core/Src/stm32g0xx_it.o
                0x000000000801094c                TIM14_IRQHandler
 .text.TIM16_IRQHandler
                0x0000000008010964       0x18 ./Core/Src/stm32g0xx_it.o
                0x0000000008010964                TIM16_IRQHandler
 .text.TIM17_IRQHandler
                0x000000000801097c       0x18 ./Core/Src/stm32g0xx_it.o
                0x000000000801097c                TIM17_IRQHandler
 .text.USART1_IRQHandler
                0x0000000008010994       0x18 ./Core/Src/stm32g0xx_it.o
                0x0000000008010994                USART1_IRQHandler
 .text.enable_analog_power_5v
                0x00000000080109ac       0x34 ./Core/Src/subsystem.o
                0x00000000080109ac                enable_analog_power_5v
 .text.disable_analog_power_5v
                0x00000000080109e0       0x38 ./Core/Src/subsystem.o
                0x00000000080109e0                disable_analog_power_5v
 .text.enable_analog_power_2v5
                0x0000000008010a18       0x34 ./Core/Src/subsystem.o
                0x0000000008010a18                enable_analog_power_2v5
 .text.disable_analog_power_2v5
                0x0000000008010a4c       0x38 ./Core/Src/subsystem.o
                0x0000000008010a4c                disable_analog_power_2v5
 .text.enable_analog_power_all
                0x0000000008010a84       0x12 ./Core/Src/subsystem.o
                0x0000000008010a84                enable_analog_power_all
 .text.disable_analog_power_all
                0x0000000008010a96       0x12 ./Core/Src/subsystem.o
                0x0000000008010a96                disable_analog_power_all
 .text.analog_system_set_initialised_status
                0x0000000008010aa8       0x20 ./Core/Src/subsystem.o
                0x0000000008010aa8                analog_system_set_initialised_status
 .text.analog_system_initialised_status
                0x0000000008010ac8       0x14 ./Core/Src/subsystem.o
                0x0000000008010ac8                analog_system_initialised_status
 .text.enable_water_detection
                0x0000000008010adc       0x34 ./Core/Src/subsystem.o
                0x0000000008010adc                enable_water_detection
 .text.disable_water_detection
                0x0000000008010b10       0x20 ./Core/Src/subsystem.o
                0x0000000008010b10                disable_water_detection
 .text.enable_dac_output_to_counter_electrode
                0x0000000008010b30       0x24 ./Core/Src/subsystem.o
                0x0000000008010b30                enable_dac_output_to_counter_electrode
 .text.enable_afe_2nd_gain_resistor
                0x0000000008010b54       0x24 ./Core/Src/subsystem.o
                0x0000000008010b54                enable_afe_2nd_gain_resistor
 .text.disable_afe_2nd_gain_resistor
                0x0000000008010b78       0x24 ./Core/Src/subsystem.o
                0x0000000008010b78                disable_afe_2nd_gain_resistor
 .text.enable_afe_3rd_gain_resistor
                0x0000000008010b9c       0x24 ./Core/Src/subsystem.o
                0x0000000008010b9c                enable_afe_3rd_gain_resistor
 .text.disable_afe_3rd_gain_resistor
                0x0000000008010bc0       0x24 ./Core/Src/subsystem.o
                0x0000000008010bc0                disable_afe_3rd_gain_resistor
 .text.enable_afe_4th_gain_resistor
                0x0000000008010be4       0x24 ./Core/Src/subsystem.o
                0x0000000008010be4                enable_afe_4th_gain_resistor
 .text.disable_afe_4th_gain_resistor
                0x0000000008010c08       0x24 ./Core/Src/subsystem.o
                0x0000000008010c08                disable_afe_4th_gain_resistor
 .text.enable_afe_5th_gain_resistor
                0x0000000008010c2c       0x24 ./Core/Src/subsystem.o
                0x0000000008010c2c                enable_afe_5th_gain_resistor
 .text.disable_afe_5th_gain_resistor
                0x0000000008010c50       0x24 ./Core/Src/subsystem.o
                0x0000000008010c50                disable_afe_5th_gain_resistor
 .text.enable_afe_all_gain_resistors
                0x0000000008010c74       0x1a ./Core/Src/subsystem.o
                0x0000000008010c74                enable_afe_all_gain_resistors
 .text.disable_afe_all_gain_resistors
                0x0000000008010c8e       0x1a ./Core/Src/subsystem.o
                0x0000000008010c8e                disable_afe_all_gain_resistors
 .text.disable_sensor_electrodes
                0x0000000008010ca8      0x10c ./Core/Src/subsystem.o
                0x0000000008010ca8                disable_sensor_electrodes
 .text.enable_ph_electrodes
                0x0000000008010db4      0x10c ./Core/Src/subsystem.o
                0x0000000008010db4                enable_ph_electrodes
 .text.enable_sensor_electrode
                0x0000000008010ec0      0x13c ./Core/Src/subsystem.o
                0x0000000008010ec0                enable_sensor_electrode
 .text.enable_multi_sensor_electrode
                0x0000000008010ffc      0x178 ./Core/Src/subsystem.o
                0x0000000008010ffc                enable_multi_sensor_electrode
 .text.enable_temperature_switch
                0x0000000008011174       0x20 ./Core/Src/subsystem.o
                0x0000000008011174                enable_temperature_switch
 .text.SystemInit
                0x0000000008011194        0xa ./Core/Src/system_stm32g0xx.o
                0x0000000008011194                SystemInit
 *fill*         0x000000000801119e        0x2 
 .text.addtask  0x00000000080111a0       0x80 ./Core/Src/tasktable.o
                0x00000000080111a0                addtask
 .text.removetask
                0x0000000008011220       0xe0 ./Core/Src/tasktable.o
                0x0000000008011220                removetask
 .text.gettask  0x0000000008011300       0x7c ./Core/Src/tasktable.o
                0x0000000008011300                gettask
 .text.getnexttask
                0x000000000801137c      0x1b4 ./Core/Src/tasktable.o
                0x000000000801137c                getnexttask
 .text.updateparamfortask
                0x0000000008011530      0x498 ./Core/Src/tasktable.o
                0x0000000008011530                updateparamfortask
 .text.updateparamforlasttask
                0x00000000080119c8       0x54 ./Core/Src/tasktable.o
                0x00000000080119c8                updateparamforlasttask
 .text.reset_last_sensor_setting_in_table
                0x0000000008011a1c       0x44 ./Core/Src/tasktable.o
                0x0000000008011a1c                reset_last_sensor_setting_in_table
 .text.updatelastworkingsensor
                0x0000000008011a60       0x84 ./Core/Src/tasktable.o
                0x0000000008011a60                updatelastworkingsensor
 .text.get_task_table_size
                0x0000000008011ae4       0x14 ./Core/Src/tasktable.o
                0x0000000008011ae4                get_task_table_size
 .text.tasktable_increase_resistor_gain
                0x0000000008011af8       0x88 ./Core/Src/tasktable.o
                0x0000000008011af8                tasktable_increase_resistor_gain
 .text.tasktable_decrease_resistor_gain
                0x0000000008011b80       0x94 ./Core/Src/tasktable.o
                0x0000000008011b80                tasktable_decrease_resistor_gain
 .text.get_gain_up_flag
                0x0000000008011c14       0x5c ./Core/Src/tasktable.o
                0x0000000008011c14                get_gain_up_flag
 .text.get_gain_down_flag
                0x0000000008011c70       0x5c ./Core/Src/tasktable.o
                0x0000000008011c70                get_gain_down_flag
 .text.tasktable_initialise_ocean_measurement_default
                0x0000000008011ccc      0x2f0 ./Core/Src/tasktable_init.o
                0x0000000008011ccc                tasktable_initialise_ocean_measurement_default
 .text.tasktable_initialise_fresh_water_measurement_default
                0x0000000008011fbc      0x258 ./Core/Src/tasktable_init.o
                0x0000000008011fbc                tasktable_initialise_fresh_water_measurement_default
 .text.get_iref_sensor_number
                0x0000000008012214       0x5c ./Core/Src/tasktable_init.o
                0x0000000008012214                get_iref_sensor_number
 .text.get_electrode_gain_setting
                0x0000000008012270       0x1c ./Core/Src/tasktable_init.o
                0x0000000008012270                get_electrode_gain_setting
 .text.update_after_scan
                0x000000000801228c      0x784 ./Core/Src/tasktable_master.o
                0x000000000801228c                update_after_scan
 .text.get_next_scan
                0x0000000008012a10       0xcc ./Core/Src/tasktable_master.o
                0x0000000008012a10                get_next_scan
 .text.update_iref_health_status
                0x0000000008012adc       0x78 ./Core/Src/tasktable_master.o
                0x0000000008012adc                update_iref_health_status
 .text.get_temperature
                0x0000000008012b54       0x9c ./Core/Src/temperature.o
                0x0000000008012b54                get_temperature
 .text.calculate_temperature
                0x0000000008012bf0      0x38c ./Core/Src/temperature.o
                0x0000000008012bf0                calculate_temperature
 .text.VP_calculate_temperature
                0x0000000008012f7c       0xe8 ./Core/Src/temperature.o
                0x0000000008012f7c                VP_calculate_temperature
 .text.scan_init
                0x0000000008013064      0x1c0 ./Core/Src/timer.o
                0x0000000008013064                scan_init
 .text.scan_settings_reset_flags
                0x0000000008013224       0x38 ./Core/Src/timer.o
                0x0000000008013224                scan_settings_reset_flags
 .text.dac_positive_scan_cycle_processor
                0x000000000801325c       0x12 ./Core/Src/timer.o
                0x000000000801325c                dac_positive_scan_cycle_processor
 *fill*         0x000000000801326e        0x2 
 .text.dac_negative_scan_cycle_processor
                0x0000000008013270       0x50 ./Core/Src/timer.o
                0x0000000008013270                dac_negative_scan_cycle_processor
 .text.adc_positive_scan_cycle_processor
                0x00000000080132c0       0x70 ./Core/Src/timer.o
                0x00000000080132c0                adc_positive_scan_cycle_processor
 .text.adc_negative_scan_cycle_processor
                0x0000000008013330       0xe8 ./Core/Src/timer.o
                0x0000000008013330                adc_negative_scan_cycle_processor
 .text.conditioning_timer_init
                0x0000000008013418       0x28 ./Core/Src/timer.o
                0x0000000008013418                conditioning_timer_init
 .text.timer_init
                0x0000000008013440       0x34 ./Core/Src/timer.o
                0x0000000008013440                timer_init
 .text.timer_calculate_counts
                0x0000000008013474      0x18c ./Core/Src/timer.o
                0x0000000008013474                timer_calculate_counts
 .text.conditioning_timer_loop
                0x0000000008013600       0x44 ./Core/Src/timer.o
                0x0000000008013600                conditioning_timer_loop
 .text.conditioning_timer_start
                0x0000000008013644      0x2a8 ./Core/Src/timer.o
                0x0000000008013644                conditioning_timer_start
 .text.measurement_timer_start
                0x00000000080138ec       0x84 ./Core/Src/timer.o
                0x00000000080138ec                measurement_timer_start
 .text.measurement_timer_stop
                0x0000000008013970       0x78 ./Core/Src/timer.o
                0x0000000008013970                measurement_timer_stop
 .text.scanning_in_progress
                0x00000000080139e8       0x14 ./Core/Src/timer.o
                0x00000000080139e8                scanning_in_progress
 .text.measurement_dac_settings
                0x00000000080139fc       0xd4 ./Core/Src/timer.o
                0x00000000080139fc                measurement_dac_settings
 .text.calculate_dac_settings
                0x0000000008013ad0      0x3a0 ./Core/Src/timer.o
                0x0000000008013ad0                calculate_dac_settings
 .text.measurement_set_dac
                0x0000000008013e70       0x80 ./Core/Src/timer.o
                0x0000000008013e70                measurement_set_dac
 .text.set_adc_data_address
                0x0000000008013ef0       0x54 ./Core/Src/timer.o
                0x0000000008013ef0                set_adc_data_address
 .text.condition_ref_ocean
                0x0000000008013f44       0x64 ./Core/Src/timer.o
                0x0000000008013f44                condition_ref_ocean
 .text.condition_ref_fresh_water
                0x0000000008013fa8       0x6c ./Core/Src/timer.o
                0x0000000008013fa8                condition_ref_fresh_water
 .text.precondition_ph_electrodes
                0x0000000008014014       0xd8 ./Core/Src/timer.o
                0x0000000008014014                precondition_ph_electrodes
 .text.check_immersed_dry_status
                0x00000000080140ec      0x220 ./Core/Src/timer.o
                0x00000000080140ec                check_immersed_dry_status
 .text.clear_received_buffer
                0x000000000801430c       0x38 ./Core/Src/usart_commsboard.o
                0x000000000801430c                clear_received_buffer
 .text.process_commands
                0x0000000008014344      0x718 ./Core/Src/usart_commsboard.o
                0x0000000008014344                process_commands
 .text.check_message
                0x0000000008014a5c       0x2c ./Core/Src/usart_commsboard.o
                0x0000000008014a5c                check_message
 .text.send_one_dataframe_as_spi_slave
                0x0000000008014a88       0xa0 ./Core/Src/usart_commsboard.o
                0x0000000008014a88                send_one_dataframe_as_spi_slave
 .text.convert_dac_potential_to_custom_bcd
                0x0000000008014b28      0x1c0 ./Core/Src/usart_commsboard.o
                0x0000000008014b28                convert_dac_potential_to_custom_bcd
 .text.convert_dac_potential_to_custom_bcd_2_byte_qaqc
                0x0000000008014ce8      0x170 ./Core/Src/usart_commsboard.o
                0x0000000008014ce8                convert_dac_potential_to_custom_bcd_2_byte_qaqc
 .text.send_data_as_spi_slave
                0x0000000008014e58      0x188 ./Core/Src/usart_commsboard.o
                0x0000000008014e58                send_data_as_spi_slave
 .text.reply_echo_data
                0x0000000008014fe0       0x44 ./Core/Src/usart_commsboard.o
                0x0000000008014fe0                reply_echo_data
 .text.reply_echo_data_board
                0x0000000008015024       0x50 ./Core/Src/usart_commsboard.o
                0x0000000008015024                reply_echo_data_board
 .text.send_reply
                0x0000000008015074       0x64 ./Core/Src/usart_commsboard.o
                0x0000000008015074                send_reply
 .text.reply_serial_number
                0x00000000080150d8       0x30 ./Core/Src/usart_commsboard.o
                0x00000000080150d8                reply_serial_number
 .text.reply_sensor_name
                0x0000000008015108       0x30 ./Core/Src/usart_commsboard.o
                0x0000000008015108                reply_sensor_name
 .text.reply_sensor_sub_name
                0x0000000008015138       0x30 ./Core/Src/usart_commsboard.o
                0x0000000008015138                reply_sensor_sub_name
 .text.reply_manufacturer_name
                0x0000000008015168       0x78 ./Core/Src/usart_commsboard.o
                0x0000000008015168                reply_manufacturer_name
 .text.reply_external_baud_rate
                0x00000000080151e0       0x30 ./Core/Src/usart_commsboard.o
                0x00000000080151e0                reply_external_baud_rate
 .text.reply_sensor_communication_style
                0x0000000008015210       0x30 ./Core/Src/usart_commsboard.o
                0x0000000008015210                reply_sensor_communication_style
 .text.reply_sensor_mode
                0x0000000008015240       0x30 ./Core/Src/usart_commsboard.o
                0x0000000008015240                reply_sensor_mode
 .text.reply_autonomous_start_delay
                0x0000000008015270       0x48 ./Core/Src/usart_commsboard.o
                0x0000000008015270                reply_autonomous_start_delay
 .text.reply_sensor_array_interval
                0x00000000080152b8       0x30 ./Core/Src/usart_commsboard.o
                0x00000000080152b8                reply_sensor_array_interval
 .text.reply_driver_version
                0x00000000080152e8       0xa8 ./Core/Src/usart_commsboard.o
                0x00000000080152e8                reply_driver_version
 .text.reply_system_modbus_address
                0x0000000008015390       0x30 ./Core/Src/usart_commsboard.o
                0x0000000008015390                reply_system_modbus_address
 .text.set_system_modbus_address
                0x00000000080153c0       0x24 ./Core/Src/usart_commsboard.o
                0x00000000080153c0                set_system_modbus_address
 .text.reply_system_immersion_rule
                0x00000000080153e4       0x3c ./Core/Src/usart_commsboard.o
                0x00000000080153e4                reply_system_immersion_rule
 .text.reply_sensor_ph_output_style
                0x0000000008015420       0x30 ./Core/Src/usart_commsboard.o
                0x0000000008015420                reply_sensor_ph_output_style
 .text.reply_array_health
                0x0000000008015450       0x30 ./Core/Src/usart_commsboard.o
                0x0000000008015450                reply_array_health
 .text.reply_square_wave_data_save_status
                0x0000000008015480       0x4c ./Core/Src/usart_commsboard.o
                0x0000000008015480                reply_square_wave_data_save_status
 .text.reply_ph_heartbeat_style_status
                0x00000000080154cc       0x4c ./Core/Src/usart_commsboard.o
                0x00000000080154cc                reply_ph_heartbeat_style_status
 .text.reply_qaqc_data_ready_to_be_read
                0x0000000008015518       0x30 ./Core/Src/usart_commsboard.o
                0x0000000008015518                reply_qaqc_data_ready_to_be_read
 .text.get_qaqc_reply_data_address
                0x0000000008015548       0x1c ./Core/Src/usart_commsboard.o
                0x0000000008015548                get_qaqc_reply_data_address
 .text.reverse_for_endianness
                0x0000000008015564       0x82 ./Core/Src/usart_commsboard.o
                0x0000000008015564                reverse_for_endianness
 .text.float_to_byte_array
                0x00000000080155e6       0x32 ./Core/Src/usart_commsboard.o
                0x00000000080155e6                float_to_byte_array
 .text.reply_qaqc_data
                0x0000000008015618      0x33c ./Core/Src/usart_commsboard.o
                0x0000000008015618                reply_qaqc_data
 .text.get_qaqc_data_waiting_to_read_flag_status
                0x0000000008015954       0x14 ./Core/Src/usart_commsboard.o
                0x0000000008015954                get_qaqc_data_waiting_to_read_flag_status
 .text.set_square_wave_data_save_status
                0x0000000008015968       0x3c ./Core/Src/usart_commsboard.o
                0x0000000008015968                set_square_wave_data_save_status
 .text.set_ph_heart_beat_style_status
                0x00000000080159a4       0x3c ./Core/Src/usart_commsboard.o
                0x00000000080159a4                set_ph_heart_beat_style_status
 .text.get_square_wave_data_save_status
                0x00000000080159e0       0x14 ./Core/Src/usart_commsboard.o
                0x00000000080159e0                get_square_wave_data_save_status
 .text.set_external_baud_rate_setting
                0x00000000080159f4       0x34 ./Core/Src/usart_commsboard.o
                0x00000000080159f4                set_external_baud_rate_setting
 .text.set_sensor_array_interval
                0x0000000008015a28       0x3c ./Core/Src/usart_commsboard.o
                0x0000000008015a28                set_sensor_array_interval
 .text.set_sensor_mode
                0x0000000008015a64       0x1a ./Core/Src/usart_commsboard.o
                0x0000000008015a64                set_sensor_mode
 *fill*         0x0000000008015a7e        0x2 
 .text.set_autonomous_start_delay
                0x0000000008015a80       0x20 ./Core/Src/usart_commsboard.o
                0x0000000008015a80                set_autonomous_start_delay
 .text.set_sensor_serial_number
                0x0000000008015aa0       0x18 ./Core/Src/usart_commsboard.o
                0x0000000008015aa0                set_sensor_serial_number
 .text.set_sensor_ph_output_style
                0x0000000008015ab8       0x38 ./Core/Src/usart_commsboard.o
                0x0000000008015ab8                set_sensor_ph_output_style
 .text.set_system_immersion_rule
                0x0000000008015af0       0x38 ./Core/Src/usart_commsboard.o
                0x0000000008015af0                set_system_immersion_rule
 .text.get_stored_values_from_eeprom_to_global
                0x0000000008015b28       0x34 ./Core/Src/usart_commsboard.o
                0x0000000008015b28                get_stored_values_from_eeprom_to_global
 .text.set_sensor_temperature_calibration
                0x0000000008015b5c       0x18 ./Core/Src/usart_commsboard.o
                0x0000000008015b5c                set_sensor_temperature_calibration
 .text.set_sensor_name
                0x0000000008015b74       0x18 ./Core/Src/usart_commsboard.o
                0x0000000008015b74                set_sensor_name
 .text.set_sensor_sub_name
                0x0000000008015b8c       0x18 ./Core/Src/usart_commsboard.o
                0x0000000008015b8c                set_sensor_sub_name
 .text.get_stored_heart_beat_values_from_eeprom_to_global
                0x0000000008015ba4       0x34 ./Core/Src/usart_commsboard.o
                0x0000000008015ba4                get_stored_heart_beat_values_from_eeprom_to_global
 .text.set_anbsensors_or_alternate_int
                0x0000000008015bd8       0x18 ./Core/Src/usart_commsboard.o
                0x0000000008015bd8                set_anbsensors_or_alternate_int
 .text.reply_anbsensors_or_alternate_int
                0x0000000008015bf0       0x30 ./Core/Src/usart_commsboard.o
                0x0000000008015bf0                reply_anbsensors_or_alternate_int
 .text.reply_get_temperature
                0x0000000008015c20       0x3c ./Core/Src/usart_commsboard.o
                0x0000000008015c20                reply_get_temperature
 .text.system_get_temperature
                0x0000000008015c5c       0x9c ./Core/Src/usart_commsboard.o
                0x0000000008015c5c                system_get_temperature
 .text.reply_immersed_dry_status
                0x0000000008015cf8       0x3c ./Core/Src/usart_commsboard.o
                0x0000000008015cf8                reply_immersed_dry_status
 .text.reply_extra_electrodes_for_simultaneous_scan
                0x0000000008015d34       0x30 ./Core/Src/usart_commsboard.o
                0x0000000008015d34                reply_extra_electrodes_for_simultaneous_scan
 .text.Reset_Handler
                0x0000000008015d64       0x50 ./Core/Startup/startup_stm32g071rbtx.o
                0x0000000008015d64                Reset_Handler
 .text.Default_Handler
                0x0000000008015db4        0x2 ./Core/Startup/startup_stm32g071rbtx.o
                0x0000000008015db4                USART3_4_LPUART1_IRQHandler
                0x0000000008015db4                TIM1_CC_IRQHandler
                0x0000000008015db4                ADC1_COMP_IRQHandler
                0x0000000008015db4                PVD_IRQHandler
                0x0000000008015db4                I2C1_IRQHandler
                0x0000000008015db4                RTC_TAMP_IRQHandler
                0x0000000008015db4                SPI1_IRQHandler
                0x0000000008015db4                EXTI2_3_IRQHandler
                0x0000000008015db4                I2C2_IRQHandler
                0x0000000008015db4                TIM3_IRQHandler
                0x0000000008015db4                EXTI4_15_IRQHandler
                0x0000000008015db4                RCC_IRQHandler
                0x0000000008015db4                Default_Handler
                0x0000000008015db4                CEC_IRQHandler
                0x0000000008015db4                TIM15_IRQHandler
                0x0000000008015db4                EXTI0_1_IRQHandler
                0x0000000008015db4                SPI2_IRQHandler
                0x0000000008015db4                WWDG_IRQHandler
                0x0000000008015db4                TIM2_IRQHandler
                0x0000000008015db4                DMA1_Ch4_7_DMAMUX1_OVR_IRQHandler
                0x0000000008015db4                DMA1_Channel2_3_IRQHandler
                0x0000000008015db4                UCPD1_2_IRQHandler
                0x0000000008015db4                USART2_IRQHandler
                0x0000000008015db4                FLASH_IRQHandler
                0x0000000008015db4                TIM1_BRK_UP_TRG_COM_IRQHandler
 *fill*         0x0000000008015db6        0x2 
 .text.HAL_Init
                0x0000000008015db8       0x40 ./Drivers/STM32G0xx_HAL_Driver/Src/stm32g0xx_hal.o
                0x0000000008015db8                HAL_Init
 .text.HAL_InitTick
                0x0000000008015df8       0x94 ./Drivers/STM32G0xx_HAL_Driver/Src/stm32g0xx_hal.o
                0x0000000008015df8                HAL_InitTick
 .text.HAL_IncTick
                0x0000000008015e8c       0x24 ./Drivers/STM32G0xx_HAL_Driver/Src/stm32g0xx_hal.o
                0x0000000008015e8c                HAL_IncTick
 .text.HAL_GetTick
                0x0000000008015eb0       0x14 ./Drivers/STM32G0xx_HAL_Driver/Src/stm32g0xx_hal.o
                0x0000000008015eb0                HAL_GetTick
 .text.HAL_Delay
                0x0000000008015ec4       0x48 ./Drivers/STM32G0xx_HAL_Driver/Src/stm32g0xx_hal.o
                0x0000000008015ec4                HAL_Delay
 .text.__NVIC_EnableIRQ
                0x0000000008015f0c       0x34 ./Drivers/STM32G0xx_HAL_Driver/Src/stm32g0xx_hal_cortex.o
 .text.__NVIC_SetPriority
                0x0000000008015f40       0xdc ./Drivers/STM32G0xx_HAL_Driver/Src/stm32g0xx_hal_cortex.o
 .text.SysTick_Config
                0x000000000801601c       0x48 ./Drivers/STM32G0xx_HAL_Driver/Src/stm32g0xx_hal_cortex.o
 .text.HAL_NVIC_SetPriority
                0x0000000008016064       0x2a ./Drivers/STM32G0xx_HAL_Driver/Src/stm32g0xx_hal_cortex.o
                0x0000000008016064                HAL_NVIC_SetPriority
 .text.HAL_NVIC_EnableIRQ
                0x000000000801608e       0x20 ./Drivers/STM32G0xx_HAL_Driver/Src/stm32g0xx_hal_cortex.o
                0x000000000801608e                HAL_NVIC_EnableIRQ
 .text.HAL_SYSTICK_Config
                0x00000000080160ae       0x1a ./Drivers/STM32G0xx_HAL_Driver/Src/stm32g0xx_hal_cortex.o
                0x00000000080160ae                HAL_SYSTICK_Config
 .text.HAL_DMA_Init
                0x00000000080160c8      0x114 ./Drivers/STM32G0xx_HAL_Driver/Src/stm32g0xx_hal_dma.o
                0x00000000080160c8                HAL_DMA_Init
 .text.HAL_DMA_Start_IT
                0x00000000080161dc      0x10c ./Drivers/STM32G0xx_HAL_Driver/Src/stm32g0xx_hal_dma.o
                0x00000000080161dc                HAL_DMA_Start_IT
 .text.HAL_DMA_Abort
                0x00000000080162e8       0xc4 ./Drivers/STM32G0xx_HAL_Driver/Src/stm32g0xx_hal_dma.o
                0x00000000080162e8                HAL_DMA_Abort
 .text.HAL_DMA_Abort_IT
                0x00000000080163ac       0xd4 ./Drivers/STM32G0xx_HAL_Driver/Src/stm32g0xx_hal_dma.o
                0x00000000080163ac                HAL_DMA_Abort_IT
 .text.HAL_DMA_IRQHandler
                0x0000000008016480      0x164 ./Drivers/STM32G0xx_HAL_Driver/Src/stm32g0xx_hal_dma.o
                0x0000000008016480                HAL_DMA_IRQHandler
 .text.DMA_SetConfig
                0x00000000080165e4       0x80 ./Drivers/STM32G0xx_HAL_Driver/Src/stm32g0xx_hal_dma.o
 .text.DMA_CalcDMAMUXChannelBaseAndMask
                0x0000000008016664       0x58 ./Drivers/STM32G0xx_HAL_Driver/Src/stm32g0xx_hal_dma.o
 .text.DMA_CalcDMAMUXRequestGenBaseAndMask
                0x00000000080166bc       0x48 ./Drivers/STM32G0xx_HAL_Driver/Src/stm32g0xx_hal_dma.o
 .text.HAL_GPIO_Init
                0x0000000008016704      0x2c8 ./Drivers/STM32G0xx_HAL_Driver/Src/stm32g0xx_hal_gpio.o
                0x0000000008016704                HAL_GPIO_Init
 .text.HAL_GPIO_ReadPin
                0x00000000080169cc       0x3a ./Drivers/STM32G0xx_HAL_Driver/Src/stm32g0xx_hal_gpio.o
                0x00000000080169cc                HAL_GPIO_ReadPin
 .text.HAL_GPIO_WritePin
                0x0000000008016a06       0x3a ./Drivers/STM32G0xx_HAL_Driver/Src/stm32g0xx_hal_gpio.o
                0x0000000008016a06                HAL_GPIO_WritePin
 .text.HAL_GPIO_TogglePin
                0x0000000008016a40       0x36 ./Drivers/STM32G0xx_HAL_Driver/Src/stm32g0xx_hal_gpio.o
                0x0000000008016a40                HAL_GPIO_TogglePin
 *fill*         0x0000000008016a76        0x2 
 .text.HAL_I2C_Init
                0x0000000008016a78      0x12c ./Drivers/STM32G0xx_HAL_Driver/Src/stm32g0xx_hal_i2c.o
                0x0000000008016a78                HAL_I2C_Init
 .text.HAL_I2CEx_ConfigAnalogFilter
                0x0000000008016ba4       0x98 ./Drivers/STM32G0xx_HAL_Driver/Src/stm32g0xx_hal_i2c_ex.o
                0x0000000008016ba4                HAL_I2CEx_ConfigAnalogFilter
 .text.HAL_I2CEx_ConfigDigitalFilter
                0x0000000008016c3c       0x98 ./Drivers/STM32G0xx_HAL_Driver/Src/stm32g0xx_hal_i2c_ex.o
                0x0000000008016c3c                HAL_I2CEx_ConfigDigitalFilter
 .text.HAL_PWR_EnableBkUpAccess
                0x0000000008016cd4       0x1c ./Drivers/STM32G0xx_HAL_Driver/Src/stm32g0xx_hal_pwr.o
                0x0000000008016cd4                HAL_PWR_EnableBkUpAccess
 .text.HAL_PWREx_ControlVoltageScaling
                0x0000000008016cf0       0x80 ./Drivers/STM32G0xx_HAL_Driver/Src/stm32g0xx_hal_pwr_ex.o
                0x0000000008016cf0                HAL_PWREx_ControlVoltageScaling
 .text.LL_RCC_GetAPB1Prescaler
                0x0000000008016d70       0x18 ./Drivers/STM32G0xx_HAL_Driver/Src/stm32g0xx_hal_rcc.o
 .text.HAL_RCC_OscConfig
                0x0000000008016d88      0x634 ./Drivers/STM32G0xx_HAL_Driver/Src/stm32g0xx_hal_rcc.o
                0x0000000008016d88                HAL_RCC_OscConfig
 .text.HAL_RCC_ClockConfig
                0x00000000080173bc      0x210 ./Drivers/STM32G0xx_HAL_Driver/Src/stm32g0xx_hal_rcc.o
                0x00000000080173bc                HAL_RCC_ClockConfig
 .text.HAL_RCC_GetSysClockFreq
                0x00000000080175cc      0x104 ./Drivers/STM32G0xx_HAL_Driver/Src/stm32g0xx_hal_rcc.o
                0x00000000080175cc                HAL_RCC_GetSysClockFreq
 .text.HAL_RCC_GetHCLKFreq
                0x00000000080176d0       0x14 ./Drivers/STM32G0xx_HAL_Driver/Src/stm32g0xx_hal_rcc.o
                0x00000000080176d0                HAL_RCC_GetHCLKFreq
 .text.HAL_RCC_GetPCLK1Freq
                0x00000000080176e4       0x2c ./Drivers/STM32G0xx_HAL_Driver/Src/stm32g0xx_hal_rcc.o
                0x00000000080176e4                HAL_RCC_GetPCLK1Freq
 .text.HAL_RCCEx_PeriphCLKConfig
                0x0000000008017710      0x370 ./Drivers/STM32G0xx_HAL_Driver/Src/stm32g0xx_hal_rcc_ex.o
                0x0000000008017710                HAL_RCCEx_PeriphCLKConfig
 .text.HAL_RTC_Init
                0x0000000008017a80      0x144 ./Drivers/STM32G0xx_HAL_Driver/Src/stm32g0xx_hal_rtc.o
                0x0000000008017a80                HAL_RTC_Init
 .text.HAL_RTC_WaitForSynchro
                0x0000000008017bc4       0x4e ./Drivers/STM32G0xx_HAL_Driver/Src/stm32g0xx_hal_rtc.o
                0x0000000008017bc4                HAL_RTC_WaitForSynchro
 .text.RTC_EnterInitMode
                0x0000000008017c12       0x84 ./Drivers/STM32G0xx_HAL_Driver/Src/stm32g0xx_hal_rtc.o
                0x0000000008017c12                RTC_EnterInitMode
 *fill*         0x0000000008017c96        0x2 
 .text.RTC_ExitInitMode
                0x0000000008017c98       0x88 ./Drivers/STM32G0xx_HAL_Driver/Src/stm32g0xx_hal_rtc.o
                0x0000000008017c98                RTC_ExitInitMode
 .text.HAL_SPI_Init
                0x0000000008017d20      0x170 ./Drivers/STM32G0xx_HAL_Driver/Src/stm32g0xx_hal_spi.o
                0x0000000008017d20                HAL_SPI_Init
 .text.HAL_SPIEx_FlushRxFifo
                0x0000000008017e90       0x4c ./Drivers/STM32G0xx_HAL_Driver/Src/stm32g0xx_hal_spi_ex.o
                0x0000000008017e90                HAL_SPIEx_FlushRxFifo
 .text.HAL_TIM_Base_Init
                0x0000000008017edc       0xb0 ./Drivers/STM32G0xx_HAL_Driver/Src/stm32g0xx_hal_tim.o
                0x0000000008017edc                HAL_TIM_Base_Init
 .text.HAL_TIM_Base_Start_IT
                0x0000000008017f8c       0xb8 ./Drivers/STM32G0xx_HAL_Driver/Src/stm32g0xx_hal_tim.o
                0x0000000008017f8c                HAL_TIM_Base_Start_IT
 .text.HAL_TIM_Base_Stop_IT
                0x0000000008018044       0x5c ./Drivers/STM32G0xx_HAL_Driver/Src/stm32g0xx_hal_tim.o
                0x0000000008018044                HAL_TIM_Base_Stop_IT
 .text.HAL_TIM_IRQHandler
                0x00000000080180a0      0x264 ./Drivers/STM32G0xx_HAL_Driver/Src/stm32g0xx_hal_tim.o
                0x00000000080180a0                HAL_TIM_IRQHandler
 .text.HAL_TIM_OC_DelayElapsedCallback
                0x0000000008018304       0x10 ./Drivers/STM32G0xx_HAL_Driver/Src/stm32g0xx_hal_tim.o
                0x0000000008018304                HAL_TIM_OC_DelayElapsedCallback
 .text.HAL_TIM_IC_CaptureCallback
                0x0000000008018314       0x10 ./Drivers/STM32G0xx_HAL_Driver/Src/stm32g0xx_hal_tim.o
                0x0000000008018314                HAL_TIM_IC_CaptureCallback
 .text.HAL_TIM_PWM_PulseFinishedCallback
                0x0000000008018324       0x10 ./Drivers/STM32G0xx_HAL_Driver/Src/stm32g0xx_hal_tim.o
                0x0000000008018324                HAL_TIM_PWM_PulseFinishedCallback
 .text.HAL_TIM_TriggerCallback
                0x0000000008018334       0x10 ./Drivers/STM32G0xx_HAL_Driver/Src/stm32g0xx_hal_tim.o
                0x0000000008018334                HAL_TIM_TriggerCallback
 .text.TIM_Base_SetConfig
                0x0000000008018344      0x100 ./Drivers/STM32G0xx_HAL_Driver/Src/stm32g0xx_hal_tim.o
                0x0000000008018344                TIM_Base_SetConfig
 .text.HAL_TIMEx_MasterConfigSynchronization
                0x0000000008018444       0xdc ./Drivers/STM32G0xx_HAL_Driver/Src/stm32g0xx_hal_tim_ex.o
                0x0000000008018444                HAL_TIMEx_MasterConfigSynchronization
 .text.HAL_TIMEx_CommutCallback
                0x0000000008018520       0x10 ./Drivers/STM32G0xx_HAL_Driver/Src/stm32g0xx_hal_tim_ex.o
                0x0000000008018520                HAL_TIMEx_CommutCallback
 .text.HAL_TIMEx_BreakCallback
                0x0000000008018530       0x10 ./Drivers/STM32G0xx_HAL_Driver/Src/stm32g0xx_hal_tim_ex.o
                0x0000000008018530                HAL_TIMEx_BreakCallback
 .text.HAL_TIMEx_Break2Callback
                0x0000000008018540       0x10 ./Drivers/STM32G0xx_HAL_Driver/Src/stm32g0xx_hal_tim_ex.o
                0x0000000008018540                HAL_TIMEx_Break2Callback
 .text.HAL_UART_Transmit
                0x0000000008018550      0x138 ./Drivers/STM32G0xx_HAL_Driver/Src/stm32g0xx_hal_uart.o
                0x0000000008018550                HAL_UART_Transmit
 .text.HAL_UART_IRQHandler
                0x0000000008018688      0x64c ./Drivers/STM32G0xx_HAL_Driver/Src/stm32g0xx_hal_uart.o
                0x0000000008018688                HAL_UART_IRQHandler
 .text.HAL_UART_TxCpltCallback
                0x0000000008018cd4       0x10 ./Drivers/STM32G0xx_HAL_Driver/Src/stm32g0xx_hal_uart.o
                0x0000000008018cd4                HAL_UART_TxCpltCallback
 .text.HAL_UART_RxCpltCallback
                0x0000000008018ce4       0x10 ./Drivers/STM32G0xx_HAL_Driver/Src/stm32g0xx_hal_uart.o
                0x0000000008018ce4                HAL_UART_RxCpltCallback
 .text.HAL_UART_RxHalfCpltCallback
                0x0000000008018cf4       0x10 ./Drivers/STM32G0xx_HAL_Driver/Src/stm32g0xx_hal_uart.o
                0x0000000008018cf4                HAL_UART_RxHalfCpltCallback
 .text.HAL_UART_ErrorCallback
                0x0000000008018d04       0x10 ./Drivers/STM32G0xx_HAL_Driver/Src/stm32g0xx_hal_uart.o
                0x0000000008018d04                HAL_UART_ErrorCallback
 .text.UART_SetConfig
                0x0000000008018d14      0x57c ./Drivers/STM32G0xx_HAL_Driver/Src/stm32g0xx_hal_uart.o
                0x0000000008018d14                UART_SetConfig
 .text.UART_AdvFeatureConfig
                0x0000000008019290      0x168 ./Drivers/STM32G0xx_HAL_Driver/Src/stm32g0xx_hal_uart.o
                0x0000000008019290                UART_AdvFeatureConfig
 .text.UART_CheckIdleState
                0x00000000080193f8       0x9c ./Drivers/STM32G0xx_HAL_Driver/Src/stm32g0xx_hal_uart.o
                0x00000000080193f8                UART_CheckIdleState
 .text.UART_WaitOnFlagUntilTimeout
                0x0000000008019494      0x190 ./Drivers/STM32G0xx_HAL_Driver/Src/stm32g0xx_hal_uart.o
                0x0000000008019494                UART_WaitOnFlagUntilTimeout
 .text.UART_Start_Receive_DMA
                0x0000000008019624      0x14c ./Drivers/STM32G0xx_HAL_Driver/Src/stm32g0xx_hal_uart.o
                0x0000000008019624                UART_Start_Receive_DMA
 .text.UART_EndTxTransfer
                0x0000000008019770       0x80 ./Drivers/STM32G0xx_HAL_Driver/Src/stm32g0xx_hal_uart.o
 .text.UART_EndRxTransfer
                0x00000000080197f0       0xcc ./Drivers/STM32G0xx_HAL_Driver/Src/stm32g0xx_hal_uart.o
 .text.UART_DMAReceiveCplt
                0x00000000080198bc      0x130 ./Drivers/STM32G0xx_HAL_Driver/Src/stm32g0xx_hal_uart.o
 .text.UART_DMARxHalfCplt
                0x00000000080199ec       0x42 ./Drivers/STM32G0xx_HAL_Driver/Src/stm32g0xx_hal_uart.o
 .text.UART_DMAError
                0x0000000008019a2e       0x86 ./Drivers/STM32G0xx_HAL_Driver/Src/stm32g0xx_hal_uart.o
 .text.UART_DMAAbortOnError
                0x0000000008019ab4       0x2e ./Drivers/STM32G0xx_HAL_Driver/Src/stm32g0xx_hal_uart.o
 .text.UART_EndTransmit_IT
                0x0000000008019ae2       0x58 ./Drivers/STM32G0xx_HAL_Driver/Src/stm32g0xx_hal_uart.o
 *fill*         0x0000000008019b3a        0x2 
 .text.HAL_RS485Ex_Init
                0x0000000008019b3c       0xe4 ./Drivers/STM32G0xx_HAL_Driver/Src/stm32g0xx_hal_uart_ex.o
                0x0000000008019b3c                HAL_RS485Ex_Init
 .text.HAL_UARTEx_WakeupCallback
                0x0000000008019c20       0x10 ./Drivers/STM32G0xx_HAL_Driver/Src/stm32g0xx_hal_uart_ex.o
                0x0000000008019c20                HAL_UARTEx_WakeupCallback
 .text.HAL_UARTEx_RxFifoFullCallback
                0x0000000008019c30       0x10 ./Drivers/STM32G0xx_HAL_Driver/Src/stm32g0xx_hal_uart_ex.o
                0x0000000008019c30                HAL_UARTEx_RxFifoFullCallback
 .text.HAL_UARTEx_TxFifoEmptyCallback
                0x0000000008019c40       0x10 ./Drivers/STM32G0xx_HAL_Driver/Src/stm32g0xx_hal_uart_ex.o
                0x0000000008019c40                HAL_UARTEx_TxFifoEmptyCallback
 .text.HAL_UARTEx_DisableFifoMode
                0x0000000008019c50       0x74 ./Drivers/STM32G0xx_HAL_Driver/Src/stm32g0xx_hal_uart_ex.o
                0x0000000008019c50                HAL_UARTEx_DisableFifoMode
 .text.HAL_UARTEx_SetTxFifoThreshold
                0x0000000008019cc4       0x7e ./Drivers/STM32G0xx_HAL_Driver/Src/stm32g0xx_hal_uart_ex.o
                0x0000000008019cc4                HAL_UARTEx_SetTxFifoThreshold
 *fill*         0x0000000008019d42        0x2 
 .text.HAL_UARTEx_SetRxFifoThreshold
                0x0000000008019d44       0x84 ./Drivers/STM32G0xx_HAL_Driver/Src/stm32g0xx_hal_uart_ex.o
                0x0000000008019d44                HAL_UARTEx_SetRxFifoThreshold
 .text.HAL_UARTEx_ReceiveToIdle_DMA
                0x0000000008019dc8       0xd0 ./Drivers/STM32G0xx_HAL_Driver/Src/stm32g0xx_hal_uart_ex.o
                0x0000000008019dc8                HAL_UARTEx_ReceiveToIdle_DMA
 .text.UARTEx_SetNbDataToProcess
                0x0000000008019e98       0xbc ./Drivers/STM32G0xx_HAL_Driver/Src/stm32g0xx_hal_uart_ex.o
 .text.memset   0x0000000008019f54       0x10 C:/ST/STM32CubeIDE_1.12.0/STM32CubeIDE/plugins/com.st.stm32cube.ide.mcu.externaltools.gnu-tools-for-stm32.11.3.rel1.win32_1.1.100.202309141235/tools/bin/../lib/gcc/arm-none-eabi/11.3.1/../../../../arm-none-eabi/lib/thumb/v6-m/nofp\libc_nano.a(libc_a-memset.o)
                0x0000000008019f54                memset
 .text.__errno  0x0000000008019f64        0xc C:/ST/STM32CubeIDE_1.12.0/STM32CubeIDE/plugins/com.st.stm32cube.ide.mcu.externaltools.gnu-tools-for-stm32.11.3.rel1.win32_1.1.100.202309141235/tools/bin/../lib/gcc/arm-none-eabi/11.3.1/../../../../arm-none-eabi/lib/thumb/v6-m/nofp\libc_nano.a(libc_a-errno.o)
                0x0000000008019f64                __errno
 .text.__libc_init_array
                0x0000000008019f70       0x48 C:/ST/STM32CubeIDE_1.12.0/STM32CubeIDE/plugins/com.st.stm32cube.ide.mcu.externaltools.gnu-tools-for-stm32.11.3.rel1.win32_1.1.100.202309141235/tools/bin/../lib/gcc/arm-none-eabi/11.3.1/../../../../arm-none-eabi/lib/thumb/v6-m/nofp\libc_nano.a(libc_a-init.o)
                0x0000000008019f70                __libc_init_array
 .text.memcpy   0x0000000008019fb8       0x12 C:/ST/STM32CubeIDE_1.12.0/STM32CubeIDE/plugins/com.st.stm32cube.ide.mcu.externaltools.gnu-tools-for-stm32.11.3.rel1.win32_1.1.100.202309141235/tools/bin/../lib/gcc/arm-none-eabi/11.3.1/../../../../arm-none-eabi/lib/thumb/v6-m/nofp\libc_nano.a(libc_a-memcpy-stub.o)
                0x0000000008019fb8                memcpy
 *fill*         0x0000000008019fca        0x2 
 .text.modf     0x0000000008019fcc       0xd0 C:/ST/STM32CubeIDE_1.12.0/STM32CubeIDE/plugins/com.st.stm32cube.ide.mcu.externaltools.gnu-tools-for-stm32.11.3.rel1.win32_1.1.100.202309141235/tools/bin/../lib/gcc/arm-none-eabi/11.3.1/../../../../arm-none-eabi/lib/thumb/v6-m/nofp\libc_nano.a(libm_a-s_modf.o)
                0x0000000008019fcc                modf
 .text.__fpclassifyd
                0x000000000801a09c       0x58 C:/ST/STM32CubeIDE_1.12.0/STM32CubeIDE/plugins/com.st.stm32cube.ide.mcu.externaltools.gnu-tools-for-stm32.11.3.rel1.win32_1.1.100.202309141235/tools/bin/../lib/gcc/arm-none-eabi/11.3.1/../../../../arm-none-eabi/lib/thumb/v6-m/nofp\libc_nano.a(libm_a-s_fpclassify.o)
                0x000000000801a09c                __fpclassifyd
 .text.log      0x000000000801a0f4       0x6c C:/ST/STM32CubeIDE_1.12.0/STM32CubeIDE/plugins/com.st.stm32cube.ide.mcu.externaltools.gnu-tools-for-stm32.11.3.rel1.win32_1.1.100.202309141235/tools/bin/../lib/gcc/arm-none-eabi/11.3.1/../../../../arm-none-eabi/lib/thumb/v6-m/nofp\libm.a(libm_a-w_log.o)
                0x000000000801a0f4                log
 .text.pow      0x000000000801a160       0xdc C:/ST/STM32CubeIDE_1.12.0/STM32CubeIDE/plugins/com.st.stm32cube.ide.mcu.externaltools.gnu-tools-for-stm32.11.3.rel1.win32_1.1.100.202309141235/tools/bin/../lib/gcc/arm-none-eabi/11.3.1/../../../../arm-none-eabi/lib/thumb/v6-m/nofp\libm.a(libm_a-w_pow.o)
                0x000000000801a160                pow
 .text.sqrt     0x000000000801a23c       0x4c C:/ST/STM32CubeIDE_1.12.0/STM32CubeIDE/plugins/com.st.stm32cube.ide.mcu.externaltools.gnu-tools-for-stm32.11.3.rel1.win32_1.1.100.202309141235/tools/bin/../lib/gcc/arm-none-eabi/11.3.1/../../../../arm-none-eabi/lib/thumb/v6-m/nofp\libm.a(libm_a-w_sqrt.o)
                0x000000000801a23c                sqrt
 .text.finite   0x000000000801a288       0x10 C:/ST/STM32CubeIDE_1.12.0/STM32CubeIDE/plugins/com.st.stm32cube.ide.mcu.externaltools.gnu-tools-for-stm32.11.3.rel1.win32_1.1.100.202309141235/tools/bin/../lib/gcc/arm-none-eabi/11.3.1/../../../../arm-none-eabi/lib/thumb/v6-m/nofp\libm.a(libm_a-s_finite.o)
                0x000000000801a288                finite
 .text.nan      0x000000000801a298        0xc C:/ST/STM32CubeIDE_1.12.0/STM32CubeIDE/plugins/com.st.stm32cube.ide.mcu.externaltools.gnu-tools-for-stm32.11.3.rel1.win32_1.1.100.202309141235/tools/bin/../lib/gcc/arm-none-eabi/11.3.1/../../../../arm-none-eabi/lib/thumb/v6-m/nofp\libm.a(libm_a-s_nan.o)
                0x000000000801a298                nan
 .text.__ieee754_sqrt
                0x000000000801a2a4      0x1d8 C:/ST/STM32CubeIDE_1.12.0/STM32CubeIDE/plugins/com.st.stm32cube.ide.mcu.externaltools.gnu-tools-for-stm32.11.3.rel1.win32_1.1.100.202309141235/tools/bin/../lib/gcc/arm-none-eabi/11.3.1/../../../../arm-none-eabi/lib/thumb/v6-m/nofp\libm.a(libm_a-e_sqrt.o)
                0x000000000801a2a4                __ieee754_sqrt
 .text.__ieee754_log
                0x000000000801a47c      0x360 C:/ST/STM32CubeIDE_1.12.0/STM32CubeIDE/plugins/com.st.stm32cube.ide.mcu.externaltools.gnu-tools-for-stm32.11.3.rel1.win32_1.1.100.202309141235/tools/bin/../lib/gcc/arm-none-eabi/11.3.1/../../../../arm-none-eabi/lib/thumb/v6-m/nofp\libm.a(libm_a-e_log.o)
                0x000000000801a47c                __ieee754_log
 .text.__ieee754_pow
                0x000000000801a7dc      0xa14 C:/ST/STM32CubeIDE_1.12.0/STM32CubeIDE/plugins/com.st.stm32cube.ide.mcu.externaltools.gnu-tools-for-stm32.11.3.rel1.win32_1.1.100.202309141235/tools/bin/../lib/gcc/arm-none-eabi/11.3.1/../../../../arm-none-eabi/lib/thumb/v6-m/nofp\libm.a(libm_a-e_pow.o)
                0x000000000801a7dc                __ieee754_pow
 .text.fabs     0x000000000801b1f0        0x8 C:/ST/STM32CubeIDE_1.12.0/STM32CubeIDE/plugins/com.st.stm32cube.ide.mcu.externaltools.gnu-tools-for-stm32.11.3.rel1.win32_1.1.100.202309141235/tools/bin/../lib/gcc/arm-none-eabi/11.3.1/../../../../arm-none-eabi/lib/thumb/v6-m/nofp\libm.a(libm_a-s_fabs.o)
                0x000000000801b1f0                fabs
 .text.scalbn   0x000000000801b1f8       0xd4 C:/ST/STM32CubeIDE_1.12.0/STM32CubeIDE/plugins/com.st.stm32cube.ide.mcu.externaltools.gnu-tools-for-stm32.11.3.rel1.win32_1.1.100.202309141235/tools/bin/../lib/gcc/arm-none-eabi/11.3.1/../../../../arm-none-eabi/lib/thumb/v6-m/nofp\libm.a(libm_a-s_scalbn.o)
                0x000000000801b1f8                scalbn
 .text.with_errno
                0x000000000801b2cc       0x14 C:/ST/STM32CubeIDE_1.12.0/STM32CubeIDE/plugins/com.st.stm32cube.ide.mcu.externaltools.gnu-tools-for-stm32.11.3.rel1.win32_1.1.100.202309141235/tools/bin/../lib/gcc/arm-none-eabi/11.3.1/../../../../arm-none-eabi/lib/thumb/v6-m/nofp\libm.a(libm_a-math_err.o)
 .text.xflow    0x000000000801b2e0       0x32 C:/ST/STM32CubeIDE_1.12.0/STM32CubeIDE/plugins/com.st.stm32cube.ide.mcu.externaltools.gnu-tools-for-stm32.11.3.rel1.win32_1.1.100.202309141235/tools/bin/../lib/gcc/arm-none-eabi/11.3.1/../../../../arm-none-eabi/lib/thumb/v6-m/nofp\libm.a(libm_a-math_err.o)
 .text.__math_uflow
                0x000000000801b312        0xe C:/ST/STM32CubeIDE_1.12.0/STM32CubeIDE/plugins/com.st.stm32cube.ide.mcu.externaltools.gnu-tools-for-stm32.11.3.rel1.win32_1.1.100.202309141235/tools/bin/../lib/gcc/arm-none-eabi/11.3.1/../../../../arm-none-eabi/lib/thumb/v6-m/nofp\libm.a(libm_a-math_err.o)
                0x000000000801b312                __math_uflow
 .text.__math_oflow
                0x000000000801b320        0xe C:/ST/STM32CubeIDE_1.12.0/STM32CubeIDE/plugins/com.st.stm32cube.ide.mcu.externaltools.gnu-tools-for-stm32.11.3.rel1.win32_1.1.100.202309141235/tools/bin/../lib/gcc/arm-none-eabi/11.3.1/../../../../arm-none-eabi/lib/thumb/v6-m/nofp\libm.a(libm_a-math_err.o)
                0x000000000801b320                __math_oflow
 *(.glue_7)
 .glue_7        0x000000000801b32e        0x0 linker stubs
 *(.glue_7t)
 .glue_7t       0x000000000801b32e        0x0 linker stubs
 *(.eh_frame)
 *fill*         0x000000000801b32e        0x2 
 .eh_frame      0x000000000801b330        0x0 C:/ST/STM32CubeIDE_1.12.0/STM32CubeIDE/plugins/com.st.stm32cube.ide.mcu.externaltools.gnu-tools-for-stm32.11.3.rel1.win32_1.1.100.202309141235/tools/bin/../lib/gcc/arm-none-eabi/11.3.1/thumb/v6-m/nofp/crtbegin.o
 *(.init)
 .init          0x000000000801b330        0x4 C:/ST/STM32CubeIDE_1.12.0/STM32CubeIDE/plugins/com.st.stm32cube.ide.mcu.externaltools.gnu-tools-for-stm32.11.3.rel1.win32_1.1.100.202309141235/tools/bin/../lib/gcc/arm-none-eabi/11.3.1/thumb/v6-m/nofp/crti.o
                0x000000000801b330                _init
 .init          0x000000000801b334        0x8 C:/ST/STM32CubeIDE_1.12.0/STM32CubeIDE/plugins/com.st.stm32cube.ide.mcu.externaltools.gnu-tools-for-stm32.11.3.rel1.win32_1.1.100.202309141235/tools/bin/../lib/gcc/arm-none-eabi/11.3.1/thumb/v6-m/nofp/crtn.o
 *(.fini)
 .fini          0x000000000801b33c        0x4 C:/ST/STM32CubeIDE_1.12.0/STM32CubeIDE/plugins/com.st.stm32cube.ide.mcu.externaltools.gnu-tools-for-stm32.11.3.rel1.win32_1.1.100.202309141235/tools/bin/../lib/gcc/arm-none-eabi/11.3.1/thumb/v6-m/nofp/crti.o
                0x000000000801b33c                _fini
 .fini          0x000000000801b340        0x8 C:/ST/STM32CubeIDE_1.12.0/STM32CubeIDE/plugins/com.st.stm32cube.ide.mcu.externaltools.gnu-tools-for-stm32.11.3.rel1.win32_1.1.100.202309141235/tools/bin/../lib/gcc/arm-none-eabi/11.3.1/thumb/v6-m/nofp/crtn.o
                0x000000000801b348                . = ALIGN (0x4)
                0x000000000801b348                _etext = .

.vfp11_veneer   0x000000000801b348        0x0
 .vfp11_veneer  0x000000000801b348        0x0 linker stubs

.v4_bx          0x000000000801b348        0x0
 .v4_bx         0x000000000801b348        0x0 linker stubs

.iplt           0x000000000801b348        0x0
 .iplt          0x000000000801b348        0x0 C:/ST/STM32CubeIDE_1.12.0/STM32CubeIDE/plugins/com.st.stm32cube.ide.mcu.externaltools.gnu-tools-for-stm32.11.3.rel1.win32_1.1.100.202309141235/tools/bin/../lib/gcc/arm-none-eabi/11.3.1/thumb/v6-m/nofp/crtbegin.o

.rodata         0x000000000801b348      0x230
                0x000000000801b348                . = ALIGN (0x4)
 *(.rodata)
 .rodata        0x000000000801b348        0xc ./Core/Src/temperature.o
 .rodata        0x000000000801b354        0x8 ./Core/Src/usart_commsboard.o
 .rodata        0x000000000801b35c       0x40 C:/ST/STM32CubeIDE_1.12.0/STM32CubeIDE/plugins/com.st.stm32cube.ide.mcu.externaltools.gnu-tools-for-stm32.11.3.rel1.win32_1.1.100.202309141235/tools/bin/../lib/gcc/arm-none-eabi/11.3.1/thumb/v6-m/nofp\libgcc.a(divdf3.o)
 *(.rodata*)
 .rodata.enable_sensor_electrode
                0x000000000801b39c       0x40 ./Core/Src/subsystem.o
 .rodata.enable_multi_sensor_electrode
                0x000000000801b3dc       0x40 ./Core/Src/subsystem.o
 .rodata.AHBPrescTable
                0x000000000801b41c       0x40 ./Core/Src/system_stm32g0xx.o
                0x000000000801b41c                AHBPrescTable
 .rodata.APBPrescTable
                0x000000000801b45c       0x20 ./Core/Src/system_stm32g0xx.o
                0x000000000801b45c                APBPrescTable
 .rodata.updateparamfortask
                0x000000000801b47c       0x74 ./Core/Src/tasktable.o
 .rodata.conditioning_timer_start
                0x000000000801b4f0       0x28 ./Core/Src/timer.o
 .rodata.UARTPrescTable
                0x000000000801b518       0x18 ./Drivers/STM32G0xx_HAL_Driver/Src/stm32g0xx_hal_uart.o
                0x000000000801b518                UARTPrescTable
 .rodata.numerator.1
                0x000000000801b530        0x8 ./Drivers/STM32G0xx_HAL_Driver/Src/stm32g0xx_hal_uart_ex.o
 .rodata.denominator.0
                0x000000000801b538        0x8 ./Drivers/STM32G0xx_HAL_Driver/Src/stm32g0xx_hal_uart_ex.o
 .rodata.log.str1.1
                0x000000000801b540        0x1 C:/ST/STM32CubeIDE_1.12.0/STM32CubeIDE/plugins/com.st.stm32cube.ide.mcu.externaltools.gnu-tools-for-stm32.11.3.rel1.win32_1.1.100.202309141235/tools/bin/../lib/gcc/arm-none-eabi/11.3.1/../../../../arm-none-eabi/lib/thumb/v6-m/nofp\libm.a(libm_a-w_log.o)
 *fill*         0x000000000801b541        0x7 
 .rodata.bp     0x000000000801b548       0x10 C:/ST/STM32CubeIDE_1.12.0/STM32CubeIDE/plugins/com.st.stm32cube.ide.mcu.externaltools.gnu-tools-for-stm32.11.3.rel1.win32_1.1.100.202309141235/tools/bin/../lib/gcc/arm-none-eabi/11.3.1/../../../../arm-none-eabi/lib/thumb/v6-m/nofp\libm.a(libm_a-e_pow.o)
 .rodata.dp_h   0x000000000801b558       0x10 C:/ST/STM32CubeIDE_1.12.0/STM32CubeIDE/plugins/com.st.stm32cube.ide.mcu.externaltools.gnu-tools-for-stm32.11.3.rel1.win32_1.1.100.202309141235/tools/bin/../lib/gcc/arm-none-eabi/11.3.1/../../../../arm-none-eabi/lib/thumb/v6-m/nofp\libm.a(libm_a-e_pow.o)
 .rodata.dp_l   0x000000000801b568       0x10 C:/ST/STM32CubeIDE_1.12.0/STM32CubeIDE/plugins/com.st.stm32cube.ide.mcu.externaltools.gnu-tools-for-stm32.11.3.rel1.win32_1.1.100.202309141235/tools/bin/../lib/gcc/arm-none-eabi/11.3.1/../../../../arm-none-eabi/lib/thumb/v6-m/nofp\libm.a(libm_a-e_pow.o)
                0x000000000801b578                . = ALIGN (0x4)

.ARM.extab      0x000000000801b578        0x0
                0x000000000801b578                . = ALIGN (0x4)
 *(.ARM.extab* .gnu.linkonce.armextab.*)
                0x000000000801b578                . = ALIGN (0x4)

.ARM            0x000000000801b578        0x8
                0x000000000801b578                . = ALIGN (0x4)
                0x000000000801b578                __exidx_start = .
 *(.ARM.exidx*)
 .ARM.exidx     0x000000000801b578        0x8 C:/ST/STM32CubeIDE_1.12.0/STM32CubeIDE/plugins/com.st.stm32cube.ide.mcu.externaltools.gnu-tools-for-stm32.11.3.rel1.win32_1.1.100.202309141235/tools/bin/../lib/gcc/arm-none-eabi/11.3.1/thumb/v6-m/nofp\libgcc.a(_udivmoddi4.o)
                0x000000000801b580                __exidx_end = .
                0x000000000801b580                . = ALIGN (0x4)

.rel.dyn        0x000000000801b580        0x0
 .rel.iplt      0x000000000801b580        0x0 C:/ST/STM32CubeIDE_1.12.0/STM32CubeIDE/plugins/com.st.stm32cube.ide.mcu.externaltools.gnu-tools-for-stm32.11.3.rel1.win32_1.1.100.202309141235/tools/bin/../lib/gcc/arm-none-eabi/11.3.1/thumb/v6-m/nofp/crtbegin.o

.preinit_array  0x000000000801b580        0x0
                0x000000000801b580                . = ALIGN (0x4)
                0x000000000801b580                PROVIDE (__preinit_array_start = .)
 *(.preinit_array*)
                0x000000000801b580                PROVIDE (__preinit_array_end = .)
                0x000000000801b580                . = ALIGN (0x4)

.init_array     0x000000000801b580        0x4
                0x000000000801b580                . = ALIGN (0x4)
                0x000000000801b580                PROVIDE (__init_array_start = .)
 *(SORT_BY_NAME(.init_array.*))
 *(.init_array*)