../Core/Src/calculate_ph.c:32:8:reading_avg	32	static
../Core/Src/calculate_ph.c:52:8:calculate_m	16	static
../Core/Src/calculate_ph.c:65:8:calculate_c	56	static
../Core/Src/calculate_ph.c:98:8:calculate_ph	64	static
../Core/Src/calculate_ph.c:160:8:calculate_ph_sensor_average_scan	32	static
../Core/Src/calculate_ph.c:213:8:calculate_ph_running_average_scan	64	static
../Core/Src/calculate_ph.c:274:9:get_transducer_health	48	static
../Core/Src/calculate_ph.c:315:9:get_electrode_health_value	32	static
../Core/Src/calculate_ph.c:330:6:clear_ph_array	16	static
../Core/Src/calculate_ph.c:343:6:clear_electrode_health	16	static
../Core/Src/calculate_ph.c:353:6:clear_electrode_gain	8	static
