../Core/Src/main.c:97:5:main	4
../Core/Src/main.c:171:6:SystemClock_Config	3
../Core/Src/main.c:222:13:MX_I2C1_Init	4
../Core/Src/main.c:270:13:MX_RTC_Init	2
../Core/Src/main.c:307:13:MX_SPI1_Init	2
../Core/Src/main.c:346:13:MX_SPI2_Init	2
../Core/Src/main.c:386:13:MX_TIM6_Init	3
../Core/Src/main.c:424:13:MX_TIM7_Init	3
../Core/Src/main.c:462:13:MX_TIM14_Init	2
../Core/Src/main.c:493:13:MX_TIM16_Init	2
../Core/Src/main.c:525:13:MX_TIM17_Init	2
../Core/Src/main.c:557:13:MX_USART1_UART_Init	5
../Core/Src/main.c:603:13:MX_DMA_Init	1
../Core/Src/main.c:621:13:MX_GPIO_Init	1
../Core/Src/main.c:715:6:HAL_UARTEx_RxEventCallback	1
../Core/Src/main.c:733:6:uart1_send_byte	1
../Core/Src/main.c:738:6:uart1_send_bytes	1
../Core/Src/main.c:743:6:spi1_enable	1
../Core/Src/main.c:748:6:spi1_send_byte	2
../Core/Src/main.c:755:6:spi2_send_byte	3
../Core/Src/main.c:767:6:spi2_send_bytes	6
../Core/Src/main.c:785:9:spi2_get_byte	3
../Core/Src/main.c:807:6:spi2_get_bytes	4
../Core/Src/main.c:827:6:spi2_wait_for_eeprom_write_to_complete	2
../Core/Src/main.c:846:6:start_timer	6
../Core/Src/main.c:875:6:stop_timer	6
../Core/Src/main.c:889:6:set_timer_period	6
../Core/Src/main.c:903:6:set_timer_count	6
../Core/Src/main.c:917:6:cpu_irq_enable	1
../Core/Src/main.c:922:6:cpu_irq_disable	1
../Core/Src/main.c:927:6:HAL_TIM_PeriodElapsedCallback	6
../Core/Src/main.c:967:6:Error_Handler	1
