../Core/Src/subsystem.c:42:6:subsystem_driver_init	8	static
../Core/Src/subsystem.c:84:6:enable_analog_power_5v	8	static
../Core/Src/subsystem.c:104:6:disable_analog_power_5v	8	static
../Core/Src/subsystem.c:122:6:enable_analog_power_2v5	8	static
../Core/Src/subsystem.c:142:6:disable_analog_power_2v5	8	static
../Core/Src/subsystem.c:159:6:enable_analog_power_all	8	static
../Core/Src/subsystem.c:172:6:disable_analog_power_all	8	static
../Core/Src/subsystem.c:186:6:analog_powered_on_status	8	static
../Core/Src/subsystem.c:198:6:analog_system_set_initialised_status	16	static
../Core/Src/subsystem.c:211:6:analog_system_initialised_status	8	static
../Core/Src/subsystem.c:224:6:afe_spi_initialised_status	8	static
../Core/Src/subsystem.c:229:6:enable_water_detection	8	static
../Core/Src/subsystem.c:237:6:disable_water_detection	8	static
../Core/Src/subsystem.c:251:6:enable_dac_output_to_counter_electrode	8	static
../Core/Src/subsystem.c:265:6:dac_output_to_counter_electrode_connection_status	8	static
../Core/Src/subsystem.c:280:6:enable_afe_2nd_gain_resistor	8	static
../Core/Src/subsystem.c:297:6:disable_afe_2nd_gain_resistor	8	static
../Core/Src/subsystem.c:314:6:enable_afe_3rd_gain_resistor	8	static
../Core/Src/subsystem.c:331:6:disable_afe_3rd_gain_resistor	8	static
../Core/Src/subsystem.c:348:6:enable_afe_4th_gain_resistor	8	static
../Core/Src/subsystem.c:365:6:disable_afe_4th_gain_resistor	8	static
../Core/Src/subsystem.c:382:6:enable_afe_5th_gain_resistor	8	static
../Core/Src/subsystem.c:399:6:disable_afe_5th_gain_resistor	8	static
../Core/Src/subsystem.c:413:6:enable_afe_all_gain_resistors	8	static
../Core/Src/subsystem.c:428:6:disable_afe_all_gain_resistors	8	static
../Core/Src/subsystem.c:444:6:afe_2nd_gain_resistor_enabled_status	8	static
../Core/Src/subsystem.c:457:6:afe_3rd_gain_resistor_enabled_status	8	static
../Core/Src/subsystem.c:470:6:afe_4th_gain_resistor_enabled_status	8	static
../Core/Src/subsystem.c:483:6:afe_5th_gain_resistor_enabled_status	8	static
../Core/Src/subsystem.c:496:6:disable_sensor_electrodes	8	static
../Core/Src/subsystem.c:526:6:enable_ph_electrodes	8	static
../Core/Src/subsystem.c:556:6:enable_sensor_electrode	16	static
../Core/Src/subsystem.c:613:6:enable_multi_sensor_electrode	24	static
../Core/Src/subsystem.c:689:6:enable_temperature_switch	8	static
