../Core/Src/usart_commsboard.c:45:6:clear_received_buffer	8	static
../Core/Src/usart_commsboard.c:59:6:process_commands	16	static
../Core/Src/usart_commsboard.c:811:6:check_message	16	static
../Core/Src/usart_commsboard.c:824:6:send_one_dataframe_as_spi_slave	32	static
../Core/Src/usart_commsboard.c:866:6:convert_dac_potential_to_custom_bcd	72	static
../Core/Src/usart_commsboard.c:930:6:convert_dac_potential_to_custom_bcd_2_byte_qaqc	72	static
../Core/Src/usart_commsboard.c:987:6:send_data_as_spi_slave	56	static
../Core/Src/usart_commsboard.c:1083:6:reply_echo_data	16	static
../Core/Src/usart_commsboard.c:1100:6:reply_echo_data_board	8	static
../Core/Src/usart_commsboard.c:1128:6:send_reply	16	static
../Core/Src/usart_commsboard.c:1155:6:reply_serial_number	8	static
../Core/Src/usart_commsboard.c:1179:6:reply_sensor_name	8	static
../Core/Src/usart_commsboard.c:1203:6:reply_sensor_sub_name	8	static
../Core/Src/usart_commsboard.c:1226:6:reply_manufacturer_name	16	static
../Core/Src/usart_commsboard.c:1266:6:reply_external_baud_rate	8	static
../Core/Src/usart_commsboard.c:1288:6:reply_sensor_communication_style	8	static
../Core/Src/usart_commsboard.c:1312:6:reply_sensor_mode	8	static
../Core/Src/usart_commsboard.c:1337:6:reply_autonomous_start_delay	24	static
../Core/Src/usart_commsboard.c:1363:6:reply_sensor_array_interval	8	static
../Core/Src/usart_commsboard.c:1387:6:reply_driver_version	32	static
../Core/Src/usart_commsboard.c:1443:6:reply_system_modbus_address	8	static
../Core/Src/usart_commsboard.c:1464:6:set_system_modbus_address	16	static
../Core/Src/usart_commsboard.c:1480:6:reply_system_immersion_rule	8	static
../Core/Src/usart_commsboard.c:1499:6:reply_sensor_ph_output_style	8	static
../Core/Src/usart_commsboard.c:1521:6:reply_array_health	8	static
../Core/Src/usart_commsboard.c:1547:6:reply_square_wave_data_save_status	8	static
../Core/Src/usart_commsboard.c:1586:6:reply_ph_heartbeat_style_status	8	static
../Core/Src/usart_commsboard.c:1628:6:reply_qaqc_data_ready_to_be_read	8	static
../Core/Src/usart_commsboard.c:1661:6:get_qaqc_reply_data_address	16	static
../Core/Src/usart_commsboard.c:1673:6:reverse_for_endianness	32	static
../Core/Src/usart_commsboard.c:1691:6:int32_to_byte_array	24	static
../Core/Src/usart_commsboard.c:1712:6:float_to_byte_array	24	static
../Core/Src/usart_commsboard.c:1732:6:byte_to_float_array	24	static
../Core/Src/usart_commsboard.c:1760:6:reply_qaqc_data	24	static
../Core/Src/usart_commsboard.c:1871:6:get_qaqc_data_waiting_to_read_flag_status	8	static
../Core/Src/usart_commsboard.c:1885:6:set_square_wave_data_save_status	16	static
../Core/Src/usart_commsboard.c:1916:6:set_ph_heart_beat_style_status	16	static
../Core/Src/usart_commsboard.c:1949:6:get_square_wave_data_save_status	8	static
../Core/Src/usart_commsboard.c:1963:6:get_ph_heart_beat_style_status	8	static
../Core/Src/usart_commsboard.c:1975:6:set_external_baud_rate_setting	16	static
../Core/Src/usart_commsboard.c:2003:6:set_sensor_array_interval	16	static
../Core/Src/usart_commsboard.c:2040:6:set_sensor_mode	16	static
../Core/Src/usart_commsboard.c:2052:6:set_autonomous_start_delay	8	static
../Core/Src/usart_commsboard.c:2067:6:set_sensor_serial_number	8	static
../Core/Src/usart_commsboard.c:2083:6:set_sensor_ph_output_style	16	static
../Core/Src/usart_commsboard.c:2110:6:set_system_immersion_rule	16	static
../Core/Src/usart_commsboard.c:2129:6:get_stored_values_from_eeprom_to_global	24	static
../Core/Src/usart_commsboard.c:2149:6:get_stored_heartbeat_style_from_eeprom_to_global	24	static
../Core/Src/usart_commsboard.c:2169:6:set_sensor_temperature_calibration	8	static
../Core/Src/usart_commsboard.c:2183:6:set_sensor_name	8	static
../Core/Src/usart_commsboard.c:2198:6:set_sensor_sub_name	8	static
../Core/Src/usart_commsboard.c:2213:6:get_stored_heart_beat_values_from_eeprom_to_global	24	static
../Core/Src/usart_commsboard.c:2233:6:set_anbsensors_or_alternate_int	8	static
../Core/Src/usart_commsboard.c:2246:6:reply_anbsensors_or_alternate_int	8	static
../Core/Src/usart_commsboard.c:2262:6:reply_get_temperature	8	static
../Core/Src/usart_commsboard.c:2278:7:system_get_temperature	24	static
../Core/Src/usart_commsboard.c:2306:6:reply_commencing_shutdown	8	static
../Core/Src/usart_commsboard.c:2323:6:reply_immersed_dry_status	8	static
../Core/Src/usart_commsboard.c:2334:6:reply_extra_electrodes_for_simultaneous_scan	8	static
../Core/Src/usart_commsboard.c:2343:6:reply_need_more_time	8	static
../Core/Src/usart_commsboard.c:2358:6:reply_precondition_ph	8	static
