Archive member included to satisfy reference by file (symbol)

C:/ST/STM32CubeIDE_1.12.0/STM32CubeIDE/plugins/com.st.stm32cube.ide.mcu.externaltools.gnu-tools-for-stm32.13.3.rel1.win32_1.0.0.202411081344/tools/bin/../lib/gcc/arm-none-eabi/13.3.1/../../../../arm-none-eabi/lib/thumb/v6-m/nofp\libc_nano.a(libc_a-exit.o)
                              C:/ST/STM32CubeIDE_1.12.0/STM32CubeIDE/plugins/com.st.stm32cube.ide.mcu.externaltools.gnu-tools-for-stm32.13.3.rel1.win32_1.0.0.202411081344/tools/bin/../lib/gcc/arm-none-eabi/13.3.1/../../../../arm-none-eabi/lib/thumb/v6-m/nofp/crt0.o (exit)
C:/ST/STM32CubeIDE_1.12.0/STM32CubeIDE/plugins/com.st.stm32cube.ide.mcu.externaltools.gnu-tools-for-stm32.13.3.rel1.win32_1.0.0.202411081344/tools/bin/../lib/gcc/arm-none-eabi/13.3.1/../../../../arm-none-eabi/lib/thumb/v6-m/nofp\libc_nano.a(libc_a-malloc.o)
                              ./Core/Src/data_smoothing.o (malloc)
C:/ST/STM32CubeIDE_1.12.0/STM32CubeIDE/plugins/com.st.stm32cube.ide.mcu.externaltools.gnu-tools-for-stm32.13.3.rel1.win32_1.0.0.202411081344/tools/bin/../lib/gcc/arm-none-eabi/13.3.1/../../../../arm-none-eabi/lib/thumb/v6-m/nofp\libc_nano.a(libc_a-mallocr.o)
                              C:/ST/STM32CubeIDE_1.12.0/STM32CubeIDE/plugins/com.st.stm32cube.ide.mcu.externaltools.gnu-tools-for-stm32.13.3.rel1.win32_1.0.0.202411081344/tools/bin/../lib/gcc/arm-none-eabi/13.3.1/../../../../arm-none-eabi/lib/thumb/v6-m/nofp\libc_nano.a(libc_a-malloc.o) (_malloc_r)
C:/ST/STM32CubeIDE_1.12.0/STM32CubeIDE/plugins/com.st.stm32cube.ide.mcu.externaltools.gnu-tools-for-stm32.13.3.rel1.win32_1.0.0.202411081344/tools/bin/../lib/gcc/arm-none-eabi/13.3.1/../../../../arm-none-eabi/lib/thumb/v6-m/nofp\libc_nano.a(libc_a-mlock.o)
                              C:/ST/STM32CubeIDE_1.12.0/STM32CubeIDE/plugins/com.st.stm32cube.ide.mcu.externaltools.gnu-tools-for-stm32.13.3.rel1.win32_1.0.0.202411081344/tools/bin/../lib/gcc/arm-none-eabi/13.3.1/../../../../arm-none-eabi/lib/thumb/v6-m/nofp\libc_nano.a(libc_a-mallocr.o) (__malloc_lock)
C:/ST/STM32CubeIDE_1.12.0/STM32CubeIDE/plugins/com.st.stm32cube.ide.mcu.externaltools.gnu-tools-for-stm32.13.3.rel1.win32_1.0.0.202411081344/tools/bin/../lib/gcc/arm-none-eabi/13.3.1/../../../../arm-none-eabi/lib/thumb/v6-m/nofp\libc_nano.a(libc_a-rand.o)
                              ./Core/Src/tasktable_init.o (srand)
C:/ST/STM32CubeIDE_1.12.0/STM32CubeIDE/plugins/com.st.stm32cube.ide.mcu.externaltools.gnu-tools-for-stm32.13.3.rel1.win32_1.0.0.202411081344/tools/bin/../lib/gcc/arm-none-eabi/13.3.1/../../../../arm-none-eabi/lib/thumb/v6-m/nofp\libc_nano.a(libc_a-qsort.o)
                              ./Core/Src/calculate_ph.o (qsort)
C:/ST/STM32CubeIDE_1.12.0/STM32CubeIDE/plugins/com.st.stm32cube.ide.mcu.externaltools.gnu-tools-for-stm32.13.3.rel1.win32_1.0.0.202411081344/tools/bin/../lib/gcc/arm-none-eabi/13.3.1/../../../../arm-none-eabi/lib/thumb/v6-m/nofp\libc_nano.a(libc_a-findfp.o)
                              C:/ST/STM32CubeIDE_1.12.0/STM32CubeIDE/plugins/com.st.stm32cube.ide.mcu.externaltools.gnu-tools-for-stm32.13.3.rel1.win32_1.0.0.202411081344/tools/bin/../lib/gcc/arm-none-eabi/13.3.1/../../../../arm-none-eabi/lib/thumb/v6-m/nofp\libc_nano.a(libc_a-exit.o) (__stdio_exit_handler)
C:/ST/STM32CubeIDE_1.12.0/STM32CubeIDE/plugins/com.st.stm32cube.ide.mcu.externaltools.gnu-tools-for-stm32.13.3.rel1.win32_1.0.0.202411081344/tools/bin/../lib/gcc/arm-none-eabi/13.3.1/../../../../arm-none-eabi/lib/thumb/v6-m/nofp\libc_nano.a(libc_a-fwalk.o)
                              C:/ST/STM32CubeIDE_1.12.0/STM32CubeIDE/plugins/com.st.stm32cube.ide.mcu.externaltools.gnu-tools-for-stm32.13.3.rel1.win32_1.0.0.202411081344/tools/bin/../lib/gcc/arm-none-eabi/13.3.1/../../../../arm-none-eabi/lib/thumb/v6-m/nofp\libc_nano.a(libc_a-findfp.o) (_fwalk_sglue)
C:/ST/STM32CubeIDE_1.12.0/STM32CubeIDE/plugins/com.st.stm32cube.ide.mcu.externaltools.gnu-tools-for-stm32.13.3.rel1.win32_1.0.0.202411081344/tools/bin/../lib/gcc/arm-none-eabi/13.3.1/../../../../arm-none-eabi/lib/thumb/v6-m/nofp\libc_nano.a(libc_a-stdio.o)
                              C:/ST/STM32CubeIDE_1.12.0/STM32CubeIDE/plugins/com.st.stm32cube.ide.mcu.externaltools.gnu-tools-for-stm32.13.3.rel1.win32_1.0.0.202411081344/tools/bin/../lib/gcc/arm-none-eabi/13.3.1/../../../../arm-none-eabi/lib/thumb/v6-m/nofp\libc_nano.a(libc_a-findfp.o) (__sread)
C:/ST/STM32CubeIDE_1.12.0/STM32CubeIDE/plugins/com.st.stm32cube.ide.mcu.externaltools.gnu-tools-for-stm32.13.3.rel1.win32_1.0.0.202411081344/tools/bin/../lib/gcc/arm-none-eabi/13.3.1/../../../../arm-none-eabi/lib/thumb/v6-m/nofp\libc_nano.a(libc_a-memset.o)
                              C:/ST/STM32CubeIDE_1.12.0/STM32CubeIDE/plugins/com.st.stm32cube.ide.mcu.externaltools.gnu-tools-for-stm32.13.3.rel1.win32_1.0.0.202411081344/tools/bin/../lib/gcc/arm-none-eabi/13.3.1/../../../../arm-none-eabi/lib/thumb/v6-m/nofp/crt0.o (memset)
[...]
Memory Configuration

Name             Origin             Length             Attributes
RAM              0x20000000         0x00009000         xrw
FLASH            0x08000000         0x00020000         xr
*default*        0x00000000         0xffffffff

Linker script and memory map

LOAD C:/ST/STM32CubeIDE_1.12.0/STM32CubeIDE/plugins/com.st.stm32cube.ide.mcu.externaltools.gnu-tools-for-stm32.13.3.rel1.win32_1.0.0.202411081344/tools/bin/../lib/gcc/arm-none-eabi/13.3.1/thumb/v6-m/nofp/crti.o
LOAD C:/ST/STM32CubeIDE_1.12.0/STM32CubeIDE/plugins/com.st.stm32cube.ide.mcu.externaltools.gnu-tools-for-stm32.13.3.rel1.win32_1.0.0.202411081344/tools/bin/../lib/gcc/arm-none-eabi/13.3.1/thumb/v6-m/nofp/crtbegin.o
LOAD C:/ST/STM32CubeIDE_1.12.0/STM32CubeIDE/plugins/com.st.stm32cube.ide.mcu.externaltools.gnu-tools-for-stm32.13.3.rel1.win32_1.0.0.202411081344/tools/bin/../lib/gcc/arm-none-eabi/13.3.1/../../../../arm-none-eabi/lib/thumb/v6-m/nofp/crt0.o
LOAD ./Core/Src/adc_ad7766.o
LOAD ./Core/Src/adc_utility.o
LOAD ./Core/Src/calculate_ph.o
LOAD ./Core/Src/crc.o
LOAD ./Core/Src/crc_util.o
LOAD ./Core/Src/dac8562.o
LOAD ./Core/Src/data_smoothing.o
LOAD ./Core/Src/eeprom.o
LOAD ./Core/Src/eeprom_M95080.o
LOAD ./Core/Src/init.o
LOAD ./Core/Src/ioport.o
LOAD ./Core/Src/main.o
LOAD ./Core/Src/qaqc.o
LOAD ./Core/Src/salinity_conductivity.o
LOAD ./Core/Src/scan.o
LOAD ./Core/Src/stm32g0xx_hal_msp.o
LOAD ./Core/Src/stm32g0xx_it.o
LOAD ./Core/Src/subsystem.o
LOAD ./Core/Src/syscalls.o
LOAD ./Core/Src/sysmem.o
LOAD ./Core/Src/system_stm32g0xx.o
LOAD ./Core/Src/tasktable_init.o
LOAD ./Core/Src/tasktable_master.o
LOAD ./Core/Src/temperature.o
LOAD ./Core/Src/timer.o
LOAD ./Core/Src/usart_commsboard.o
LOAD ./Core/Startup/startup_stm32g071rbtx.o
LOAD ./Drivers/STM32G0xx_HAL_Driver/Src/stm32g0xx_hal.o
LOAD ./Drivers/STM32G0xx_HAL_Driver/Src/stm32g0xx_hal_cortex.o
LOAD ./Drivers/STM32G0xx_HAL_Driver/Src/stm32g0xx_hal_dma.o
LOAD ./Drivers/STM32G0xx_HAL_Driver/Src/stm32g0xx_hal_dma_ex.o
LOAD ./Drivers/STM32G0xx_HAL_Driver/Src/stm32g0xx_hal_exti.o
LOAD ./Drivers/STM32G0xx_HAL_Driver/Src/stm32g0xx_hal_flash.o
LOAD ./Drivers/STM32G0xx_HAL_Driver/Src/stm32g0xx_hal_flash_ex.o
LOAD ./Drivers/STM32G0xx_HAL_Driver/Src/stm32g0xx_hal_gpio.o
LOAD ./Drivers/STM32G0xx_HAL_Driver/Src/stm32g0xx_hal_i2c.o
LOAD ./Drivers/STM32G0xx_HAL_Driver/Src/stm32g0xx_hal_i2c_ex.o
LOAD ./Drivers/STM32G0xx_HAL_Driver/Src/stm32g0xx_hal_pwr.o
LOAD ./Drivers/STM32G0xx_HAL_Driver/Src/stm32g0xx_hal_pwr_ex.o
LOAD ./Drivers/STM32G0xx_HAL_Driver/Src/stm32g0xx_hal_rcc.o
LOAD ./Drivers/STM32G0xx_HAL_Driver/Src/stm32g0xx_hal_rcc_ex.o
LOAD ./Drivers/STM32G0xx_HAL_Driver/Src/stm32g0xx_hal_rtc.o
LOAD ./Drivers/STM32G0xx_HAL_Driver/Src/stm32g0xx_hal_rtc_ex.o
LOAD ./Drivers/STM32G0xx_HAL_Driver/Src/stm32g0xx_hal_spi.o
LOAD ./Drivers/STM32G0xx_HAL_Driver/Src/stm32g0xx_hal_spi_ex.o
LOAD ./Drivers/STM32G0xx_HAL_Driver/Src/stm32g0xx_hal_tim.o
LOAD ./Drivers/STM32G0xx_HAL_Driver/Src/stm32g0xx_hal_tim_ex.o
LOAD ./Drivers/STM32G0xx_HAL_Driver/Src/stm32g0xx_hal_uart.o
LOAD ./Drivers/STM32G0xx_HAL_Driver/Src/stm32g0xx_hal_uart_ex.o
LOAD ./Drivers/STM32G0xx_HAL_Driver/Src/stm32g0xx_ll_dma.o
LOAD ./Drivers/STM32G0xx_HAL_Driver/Src/stm32g0xx_ll_rcc.o
START GROUP
LOAD C:/ST/STM32CubeIDE_1.12.0/STM32CubeIDE/plugins/com.st.stm32cube.ide.mcu.externaltools.gnu-tools-for-stm32.13.3.rel1.win32_1.0.0.202411081344/tools/bin/../lib/gcc/arm-none-eabi/13.3.1/../../../../arm-none-eabi/lib/thumb/v6-m/nofp\libc_nano.a
LOAD C:/ST/STM32CubeIDE_1.12.0/STM32CubeIDE/plugins/com.st.stm32cube.ide.mcu.externaltools.gnu-tools-for-stm32.13.3.rel1.win32_1.0.0.202411081344/tools/bin/../lib/gcc/arm-none-eabi/13.3.1/../../../../arm-none-eabi/lib/thumb/v6-m/nofp\libm.a
END GROUP
START GROUP
LOAD C:/ST/STM32CubeIDE_1.12.0/STM32CubeIDE/plugins/com.st.stm32cube.ide.mcu.externaltools.gnu-tools-for-stm32.13.3.rel1.win32_1.0.0.202411081344/tools/bin/../lib/gcc/arm-none-eabi/13.3.1/thumb/v6-m/nofp\libgcc.a
LOAD C:/ST/STM32CubeIDE_1.12.0/STM32CubeIDE/plugins/com.st.stm32cube.ide.mcu.externaltools.gnu-tools-for-stm32.13.3.rel1.win32_1.0.0.202411081344/tools/bin/../lib/gcc/arm-none-eabi/13.3.1/../../../../arm-none-eabi/lib/thumb/v6-m/nofp\libc_nano.a
END GROUP
START GROUP
LOAD C:/ST/STM32CubeIDE_1.12.0/STM32CubeIDE/plugins/com.st.stm32cube.ide.mcu.externaltools.gnu-tools-for-stm32.13.3.rel1.win32_1.0.0.202411081344/tools/bin/../lib/gcc/arm-none-eabi/13.3.1/thumb/v6-m/nofp\libgcc.a
LOAD C:/ST/STM32CubeIDE_1.12.0/STM32CubeIDE/plugins/com.st.stm32cube.ide.mcu.externaltools.gnu-tools-for-stm32.13.3.rel1.win32_1.0.0.202411081344/tools/bin/../lib/gcc/arm-none-eabi/13.3.1/../../../../arm-none-eabi/lib/thumb/v6-m/nofp\libc_nano.a
LOAD C:/ST/STM32CubeIDE_1.12.0/STM32CubeIDE/plugins/com.st.stm32cube.ide.mcu.externaltools.gnu-tools-for-stm32.13.3.rel1.win32_1.0.0.202411081344/tools/bin/../lib/gcc/arm-none-eabi/13.3.1/../../../../arm-none-eabi/lib/thumb/v6-m/nofp\libnosys.a
END GROUP
START GROUP
LOAD C:/ST/STM32CubeIDE_1.12.0/STM32CubeIDE/plugins/com.st.stm32cube.ide.mcu.externaltools.gnu-tools-for-stm32.13.3.rel1.win32_1.0.0.202411081344/tools/bin/../lib/gcc/arm-none-eabi/13.3.1/thumb/v6-m/nofp\libgcc.a
LOAD C:/ST/STM32CubeIDE_1.12.0/STM32CubeIDE/plugins/com.st.stm32cube.ide.mcu.externaltools.gnu-tools-for-stm32.13.3.rel1.win32_1.0.0.202411081344/tools/bin/../lib/gcc/arm-none-eabi/13.3.1/../../../../arm-none-eabi/lib/thumb/v6-m/nofp\libc_nano.a
LOAD C:/ST/STM32CubeIDE_1.12.0/STM32CubeIDE/plugins/com.st.stm32cube.ide.mcu.externaltools.gnu-tools-for-stm32.13.3.rel1.win32_1.0.0.202411081344/tools/bin/../lib/gcc/arm-none-eabi/13.3.1/../../../../arm-none-eabi/lib/thumb/v6-m/nofp\libnosys.a
END GROUP
LOAD C:/ST/STM32CubeIDE_1.12.0/STM32CubeIDE/plugins/com.st.stm32cube.ide.mcu.externaltools.gnu-tools-for-stm32.13.3.rel1.win32_1.0.0.202411081344/tools/bin/../lib/gcc/arm-none-eabi/13.3.1/thumb/v6-m/nofp/crtend.o
LOAD C:/ST/STM32CubeIDE_1.12.0/STM32CubeIDE/plugins/com.st.stm32cube.ide.mcu.externaltools.gnu-tools-for-stm32.13.3.rel1.win32_1.0.0.202411081344/tools/bin/../lib/gcc/arm-none-eabi/13.3.1/thumb/v6-m/nofp/crtn.o
                0x20009000                        _estack = (ORIGIN (RAM) + LENGTH (RAM))
                0x00000200                        _Min_Heap_Size = 0x200
                0x00000400                        _Min_Stack_Size = 0x400

.isr_vector     0x08000000       0xbc
                0x08000000                        . = ALIGN (0x4)
 *(.isr_vector)
 .isr_vector    0x08000000       0xbc ./Core/Startup/startup_stm32g071rbtx.o
                0x08000000                g_pfnVectors
                0x080000bc                        . = ALIGN (0x4)

.text           0x080000bc    0x1a680
                0x080000bc                        . = ALIGN (0x4)
 *(.text)
 .text          0x080000bc       0x48 C:/ST/STM32CubeIDE_1.12.0/STM32CubeIDE/plugins/com.st.stm32cube.ide.mcu.externaltools.gnu-tools-for-stm32.13.3.rel1.win32_1.0.0.202411081344/tools/bin/../lib/gcc/arm-none-eabi/13.3.1/thumb/v6-m/nofp/crtbegin.o
 .text          0x08000104       0x14 C:/ST/STM32CubeIDE_1.12.0/STM32CubeIDE/plugins/com.st.stm32cube.ide.mcu.externaltools.gnu-tools-for-stm32.13.3.rel1.win32_1.0.0.202411081344/tools/bin/../lib/gcc/arm-none-eabi/13.3.1/thumb/v6-m/nofp\libgcc.a(_thumb1_case_shi.o)
                0x08000104                __gnu_thumb1_case_shi
 .text          0x08000118      0x114 C:/ST/STM32CubeIDE_1.12.0/STM32CubeIDE/plugins/com.st.stm32cube.ide.mcu.externaltools.gnu-tools-for-stm32.13.3.rel1.win32_1.0.0.202411081344/tools/bin/../lib/gcc/arm-none-eabi/13.3.1/thumb/v6-m/nofp\libgcc.a(_udivsi3.o)
                0x08000118                __aeabi_uidiv
                0x08000118                __udivsi3
                0x08000224                __aeabi_uidivmod
 .text          0x0800022c      0x1d4 C:/ST/STM32CubeIDE_1.12.0/STM32CubeIDE/plugins/com.st.stm32cube.ide.mcu.externaltools.gnu-tools-for-stm32.13.3.rel1.win32_1.0.0.202411081344/tools/bin/../lib/gcc/arm-none-eabi/13.3.1/thumb/v6-m/nofp\libgcc.a(_divsi3.o)
                0x0800022c                __divsi3
                0x0800022c                __aeabi_idiv
                0x080003f8                __aeabi_idivmod
 .text          0x08000400        0x4 C:/ST/STM32CubeIDE_1.12.0/STM32CubeIDE/plugins/com.st.stm32cube.ide.mcu.externaltools.gnu-tools-for-stm32.13.3.rel1.win32_1.0.0.202411081344/tools/bin/../lib/gcc/arm-none-eabi/13.3.1/thumb/v6-m/nofp\libgcc.a(_dvmd_tls.o)
                0x08000400                __aeabi_idiv0
                0x08000400                __aeabi_ldiv0
 .text          0x08000404       0x7c C:/ST/STM32CubeIDE_1.12.0/STM32CubeIDE/plugins/com.st.stm32cube.ide.mcu.externaltools.gnu-tools-for-stm32.13.3.rel1.win32_1.0.0.202411081344/tools/bin/../lib/gcc/arm-none-eabi/13.3.1/thumb/v6-m/nofp\libgcc.a(_arm_cmpdf2.o)
                0x08000404                __aeabi_cdrcmple
                0x08000414                __aeabi_cdcmple
                0x08000414                __aeabi_cdcmpeq
                0x08000424                __aeabi_dcmpeq
                0x08000430                __aeabi_dcmplt
                0x08000444                __aeabi_dcmple
                0x08000458                __aeabi_dcmpgt
                0x0800046c                __aeabi_dcmpge
 .text          0x08000480       0x74 C:/ST/STM32CubeIDE_1.12.0/STM32CubeIDE/plugins/com.st.stm32cube.ide.mcu.externaltools.gnu-tools-for-stm32.13.3.rel1.win32_1.0.0.202411081344/tools/bin/../lib/gcc/arm-none-eabi/13.3.1/thumb/v6-m/nofp\libgcc.a(_arm_cmpsf2.o)
                0x08000480                __aeabi_cfrcmple
                0x08000488                __aeabi_cfcmpeq
                0x08000488                __aeabi_cfcmple
                0x08000498                __aeabi_fcmpeq
                0x080004a4                __aeabi_fcmplt
                0x080004b8                __aeabi_fcmple
                0x080004cc                __aeabi_fcmpgt
                0x080004e0                __aeabi_fcmpge
 .text          0x080004f4       0x40 C:/ST/STM32CubeIDE_1.12.0/STM32CubeIDE/plugins/com.st.stm32cube.ide.mcu.externaltools.gnu-tools-for-stm32.13.3.rel1.win32_1.0.0.202411081344/tools/bin/../lib/gcc/arm-none-eabi/13.3.1/thumb/v6-m/nofp\libgcc.a(_aeabi_uldivmod.o)
                0x080004f4                __aeabi_uldivmod
 .text          0x08000534       0x5c C:/ST/STM32CubeIDE_1.12.0/STM32CubeIDE/plugins/com.st.stm32cube.ide.mcu.externaltools.gnu-tools-for-stm32.13.3.rel1.win32_1.0.0.202411081344/tools/bin/../lib/gcc/arm-none-eabi/13.3.1/thumb/v6-m/nofp\libgcc.a(_muldi3.o)
                0x08000534                __muldi3
                0x08000534                __aeabi_lmul
 .text          0x08000590       0x30 C:/ST/STM32CubeIDE_1.12.0/STM32CubeIDE/plugins/com.st.stm32cube.ide.mcu.externaltools.gnu-tools-for-stm32.13.3.rel1.win32_1.0.0.202411081344/tools/bin/../lib/gcc/arm-none-eabi/13.3.1/thumb/v6-m/nofp\libgcc.a(_fixunssfsi.o)
                0x08000590                __fixunssfsi
                0x08000590                __aeabi_f2uiz
 .text          0x080005c0       0x3c C:/ST/STM32CubeIDE_1.12.0/STM32CubeIDE/plugins/com.st.stm32cube.ide.mcu.externaltools.gnu-tools-for-stm32.13.3.rel1.win32_1.0.0.202411081344/tools/bin/../lib/gcc/arm-none-eabi/13.3.1/thumb/v6-m/nofp\libgcc.a(_fixunsdfsi.o)
                0x080005c0                __aeabi_d2uiz
                0x080005c0                __fixunsdfsi
 .text          0x080005fc      0x198 C:/ST/STM32CubeIDE_1.12.0/STM32CubeIDE/plugins/com.st.stm32cube.ide.mcu.externaltools.gnu-tools-for-stm32.13.3.rel1.win32_1.0.0.202411081344/tools/bin/../lib/gcc/arm-none-eabi/13.3.1/thumb/v6-m/nofp\libgcc.a(_udivmoddi4.o)
                0x080005fc                __udivmoddi4
 .text          0x08000794      0x3e4 C:/ST/STM32CubeIDE_1.12.0/STM32CubeIDE/plugins/com.st.stm32cube.ide.mcu.externaltools.gnu-tools-for-stm32.13.3.rel1.win32_1.0.0.202411081344/tools/bin/../lib/gcc/arm-none-eabi/13.3.1/thumb/v6-m/nofp\libgcc.a(addsf3.o)
                0x08000794                __aeabi_fadd
 .text          0x08000b78      0x22c C:/ST/STM32CubeIDE_1.12.0/STM32CubeIDE/plugins/com.st.stm32cube.ide.mcu.externaltools.gnu-tools-for-stm32.13.3.rel1.win32_1.0.0.202411081344/tools/bin/../lib/gcc/arm-none-eabi/13.3.1/thumb/v6-m/nofp\libgcc.a(divsf3.o)
                0x08000b78                __aeabi_fdiv
 .text          0x08000da4       0x50 C:/ST/STM32CubeIDE_1.12.0/STM32CubeIDE/plugins/com.st.stm32cube.ide.mcu.externaltools.gnu-tools-for-stm32.13.3.rel1.win32_1.0.0.202411081344/tools/bin/../lib/gcc/arm-none-eabi/13.3.1/thumb/v6-m/nofp\libgcc.a(eqsf2.o)
                0x08000da4                __eqsf2
                0x08000da4                __nesf2
 .text          0x08000df4       0x90 C:/ST/STM32CubeIDE_1.12.0/STM32CubeIDE/plugins/com.st.stm32cube.ide.mcu.externaltools.gnu-tools-for-stm32.13.3.rel1.win32_1.0.0.202411081344/tools/bin/../lib/gcc/arm-none-eabi/13.3.1/thumb/v6-m/nofp\libgcc.a(gesf2.o)
                0x08000df4                __gesf2
                0x08000df4                __gtsf2
 .text          0x08000e84       0x90 C:/ST/STM32CubeIDE_1.12.0/STM32CubeIDE/plugins/com.st.stm32cube.ide.mcu.externaltools.gnu-tools-for-stm32.13.3.rel1.win32_1.0.0.202411081344/tools/bin/../lib/gcc/arm-none-eabi/13.3.1/thumb/v6-m/nofp\libgcc.a(lesf2.o)
                0x08000e84                __ltsf2
                0x08000e84                __lesf2
 .text          0x08000f14      0x2b4 C:/ST/STM32CubeIDE_1.12.0/STM32CubeIDE/plugins/com.st.stm32cube.ide.mcu.externaltools.gnu-tools-for-stm32.13.3.rel1.win32_1.0.0.202411081344/tools/bin/../lib/gcc/arm-none-eabi/13.3.1/thumb/v6-m/nofp\libgcc.a(mulsf3.o)
                0x08000f14                __aeabi_fmul
 .text          0x080011c8      0x4c8 C:/ST/STM32CubeIDE_1.12.0/STM32CubeIDE/plugins/com.st.stm32cube.ide.mcu.externaltools.gnu-tools-for-stm32.13.3.rel1.win32_1.0.0.202411081344/tools/bin/../lib/gcc/arm-none-eabi/13.3.1/thumb/v6-m/nofp\libgcc.a(subsf3.o)
                0x080011c8                __aeabi_fsub
 .text          0x08001690       0x40 C:/ST/STM32CubeIDE_1.12.0/STM32CubeIDE/plugins/com.st.stm32cube.ide.mcu.externaltools.gnu-tools-for-stm32.13.3.rel1.win32_1.0.0.202411081344/tools/bin/../lib/gcc/arm-none-eabi/13.3.1/thumb/v6-m/nofp\libgcc.a(fixsfsi.o)
                0x08001690                __aeabi_f2iz
 .text          0x080016d0       0xa0 C:/ST/STM32CubeIDE_1.12.0/STM32CubeIDE/plugins/com.st.stm32cube.ide.mcu.externaltools.gnu-tools-for-stm32.13.3.rel1.win32_1.0.0.202411081344/tools/bin/../lib/gcc/arm-none-eabi/13.3.1/thumb/v6-m/nofp\libgcc.a(floatsisf.o)
                0x080016d0                __aeabi_i2f
 .text          0x08001770       0x8c C:/ST/STM32CubeIDE_1.12.0/STM32CubeIDE/plugins/com.st.stm32cube.ide.mcu.externaltools.gnu-tools-for-stm32.13.3.rel1.win32_1.0.0.202411081344/tools/bin/../lib/gcc/arm-none-eabi/13.3.1/thumb/v6-m/nofp\libgcc.a(floatunsisf.o)
                0x08001770                __aeabi_ui2f
 .text          0x080017fc      0x78c C:/ST/STM32CubeIDE_1.12.0/STM32CubeIDE/plugins/com.st.stm32cube.ide.mcu.externaltools.gnu-tools-for-stm32.13.3.rel1.win32_1.0.0.202411081344/tools/bin/../lib/gcc/arm-none-eabi/13.3.1/thumb/v6-m/nofp\libgcc.a(adddf3.o)
                0x080017fc                __aeabi_dadd
 .text          0x08001f88      0x630 C:/ST/STM32CubeIDE_1.12.0/STM32CubeIDE/plugins/com.st.stm32cube.ide.mcu.externaltools.gnu-tools-for-stm32.13.3.rel1.win32_1.0.0.202411081344/tools/bin/../lib/gcc/arm-none-eabi/13.3.1/thumb/v6-m/nofp\libgcc.a(divdf3.o)
                0x08001f88                __aeabi_ddiv
 .text          0x080025b8       0x88 C:/ST/STM32CubeIDE_1.12.0/STM32CubeIDE/plugins/com.st.stm32cube.ide.mcu.externaltools.gnu-tools-for-stm32.13.3.rel1.win32_1.0.0.202411081344/tools/bin/../lib/gcc/arm-none-eabi/13.3.1/thumb/v6-m/nofp\libgcc.a(eqdf2.o)
                0x080025b8                __nedf2
                0x080025b8                __eqdf2
 .text          0x08002640       0xe0 C:/ST/STM32CubeIDE_1.12.0/STM32CubeIDE/plugins/com.st.stm32cube.ide.mcu.externaltools.gnu-tools-for-stm32.13.3.rel1.win32_1.0.0.202411081344/tools/bin/../lib/gcc/arm-none-eabi/13.3.1/thumb/v6-m/nofp\libgcc.a(gedf2.o)
                0x08002640                __gedf2
                0x08002640                __gtdf2
 .text          0x08002720       0xdc C:/ST/STM32CubeIDE_1.12.0/STM32CubeIDE/plugins/com.st.stm32cube.ide.mcu.externaltools.gnu-tools-for-stm32.13.3.rel1.win32_1.0.0.202411081344/tools/bin/../lib/gcc/arm-none-eabi/13.3.1/thumb/v6-m/nofp\libgcc.a(ledf2.o)
                0x08002720                __ledf2
                0x08002720                __ltdf2
 .text          0x080027fc      0x5cc C:/ST/STM32CubeIDE_1.12.0/STM32CubeIDE/plugins/com.st.stm32cube.ide.mcu.externaltools.gnu-tools-for-stm32.13.3.rel1.win32_1.0.0.202411081344/tools/bin/../lib/gcc/arm-none-eabi/13.3.1/thumb/v6-m/nofp\libgcc.a(muldf3.o)
                0x080027fc                __aeabi_dmul
 .text          0x08002dc8      0x814 C:/ST/STM32CubeIDE_1.12.0/STM32CubeIDE/plugins/com.st.stm32cube.ide.mcu.externaltools.gnu-tools-for-stm32.13.3.rel1.win32_1.0.0.202411081344/tools/bin/../lib/gcc/arm-none-eabi/13.3.1/thumb/v6-m/nofp\libgcc.a(subdf3.o)
                0x08002dc8                __aeabi_dsub
 .text          0x080035dc       0x44 C:/ST/STM32CubeIDE_1.12.0/STM32CubeIDE/plugins/com.st.stm32cube.ide.mcu.externaltools.gnu-tools-for-stm32.13.3.rel1.win32_1.0.0.202411081344/tools/bin/../lib/gcc/arm-none-eabi/13.3.1/thumb/v6-m/nofp\libgcc.a(unorddf2.o)
                0x080035dc                __aeabi_dcmpun
 .text          0x08003620       0x78 C:/ST/STM32CubeIDE_1.12.0/STM32CubeIDE/plugins/com.st.stm32cube.ide.mcu.externaltools.gnu-tools-for-stm32.13.3.rel1.win32_1.0.0.202411081344/tools/bin/../lib/gcc/arm-none-eabi/13.3.1/thumb/v6-m/nofp\libgcc.a(fixdfsi.o)
                0x08003620                __aeabi_d2iz
 .text          0x08003698       0x5c C:/ST/STM32CubeIDE_1.12.0/STM32CubeIDE/plugins/com.st.stm32cube.ide.mcu.externaltools.gnu-tools-for-stm32.13.3.rel1.win32_1.0.0.202411081344/tools/bin/../lib/gcc/arm-none-eabi/13.3.1/thumb/v6-m/nofp\libgcc.a(floatsidf.o)
                0x08003698                __aeabi_i2d
 .text          0x080036f4       0x48 C:/ST/STM32CubeIDE_1.12.0/STM32CubeIDE/plugins/com.st.stm32cube.ide.mcu.externaltools.gnu-tools-for-stm32.13.3.rel1.win32_1.0.0.202411081344/tools/bin/../lib/gcc/arm-none-eabi/13.3.1/thumb/v6-m/nofp\libgcc.a(floatunsidf.o)
                0x080036f4                __aeabi_ui2d
 .text          0x0800373c       0x90 C:/ST/STM32CubeIDE_1.12.0/STM32CubeIDE/plugins/com.st.stm32cube.ide.mcu.externaltools.gnu-tools-for-stm32.13.3.rel1.win32_1.0.0.202411081344/tools/bin/../lib/gcc/arm-none-eabi/13.3.1/thumb/v6-m/nofp\libgcc.a(extendsfdf2.o)
                0x0800373c                __aeabi_f2d
 .text          0x080037cc      0x104 C:/ST/STM32CubeIDE_1.12.0/STM32CubeIDE/plugins/com.st.stm32cube.ide.mcu.externaltools.gnu-tools-for-stm32.13.3.rel1.win32_1.0.0.202411081344/tools/bin/../lib/gcc/arm-none-eabi/13.3.1/thumb/v6-m/nofp\libgcc.a(truncdfsf2.o)
                0x080037cc                __aeabi_d2f
 .text          0x080038d0       0x3c C:/ST/STM32CubeIDE_1.12.0/STM32CubeIDE/plugins/com.st.stm32cube.ide.mcu.externaltools.gnu-tools-for-stm32.13.3.rel1.win32_1.0.0.202411081344/tools/bin/../lib/gcc/arm-none-eabi/13.3.1/thumb/v6-m/nofp\libgcc.a(_clzsi2.o)
                0x080038d0                __clzsi2
 .text          0x0800390c       0x18 C:/ST/STM32CubeIDE_1.12.0/STM32CubeIDE/plugins/com.st.stm32cube.ide.mcu.externaltools.gnu-tools-for-stm32.13.3.rel1.win32_1.0.0.202411081344/tools/bin/../lib/gcc/arm-none-eabi/13.3.1/thumb/v6-m/nofp\libgcc.a(_clzdi2.o)
                0x0800390c                __clzdi2
 *(.text*)
 .text.ad7766_init
                0x08003924       0x80 ./Core/Src/adc_ad7766.o
                0x08003924                ad7766_init
 .text.ad7766_convert
                0x080039a4       0x78 ./Core/Src/adc_ad7766.o
                0x080039a4                ad7766_convert
 .text.adc_utility_init
                0x08003a1c       0x40 ./Core/Src/adc_utility.o
                0x08003a1c                adc_utility_init
 .text.adc_convert_manipulate
                0x08003a5c       0x2c ./Core/Src/adc_utility.o
                0x08003a5c                adc_convert_manipulate
 .text.adc_convert_manipulate_vp
                0x08003a88       0x40 ./Core/Src/adc_utility.o
                0x08003a88                adc_convert_manipulate_vp
 .text.adc_conversion
                0x08003ac8       0x4a ./Core/Src/adc_utility.o
                0x08003ac8                adc_conversion
 *fill*         0x08003b12        0x2 
 .text.check_signal_size
                0x08003b14      0x46c ./Core/Src/adc_utility.o
                0x08003b14                check_signal_size
 .text.calculate_ph
                0x08003f80      0x5e8 ./Core/Src/calculate_ph.o
                0x08003f80                calculate_ph
 .text.calculate_ph_running_average_scan
                0x08004568     0x1030 ./Core/Src/calculate_ph.o
                0x08004568                calculate_ph_running_average_scan
 .text.get_transducer_health
                0x08005598      0x1fc ./Core/Src/calculate_ph.o
                0x08005598                get_transducer_health
 .text.get_electrode_health_value
                0x08005794      0x124 ./Core/Src/calculate_ph.o
                0x08005794                get_electrode_health_value
 .text.clear_ph_array
                0x080058b8       0x80 ./Core/Src/calculate_ph.o
                0x080058b8                clear_ph_array
 .text.clear_peak_potential_offsets
                0x08005938       0x38 ./Core/Src/calculate_ph.o
                0x08005938                clear_peak_potential_offsets
 .text.clear_electrode_health
                0x08005970       0x34 ./Core/Src/calculate_ph.o
                0x08005970                clear_electrode_health
 .text.set_default_gains
                0x080059a4       0x5c ./Core/Src/calculate_ph.o
                0x080059a4                set_default_gains
 .text.quadratic_fit_end_value
                0x08005a00      0x3b8 ./Core/Src/calculate_ph.o
                0x08005a00                quadratic_fit_end_value
 .text.logistic
                0x08005db8       0x8c ./Core/Src/calculate_ph.o
                0x08005db8                logistic
 .text.median_of_three
                0x08005e44       0xa8 ./Core/Src/calculate_ph.o
                0x08005e44                median_of_three
 .text.calculate_scan_health
                0x08005eec      0x11c ./Core/Src/calculate_ph.o
                0x08005eec                calculate_scan_health
 .text.ModRTU_CRC
                0x08006008       0x94 ./Core/Src/crc.o
                0x08006008                ModRTU_CRC
 .text.crc_util_initialise
                0x0800609c       0x20 ./Core/Src/crc_util.o
                0x0800609c                crc_util_initialise
 .text.crc_calculate
                0x080060bc       0x60 ./Core/Src/crc_util.o
                0x080060bc                crc_calculate
 .text.crc_get_reversed_first_byte
                0x0800611c       0x28 ./Core/Src/crc_util.o
                0x0800611c                crc_get_reversed_first_byte
 .text.crc_get_reversed_second_byte
                0x08006144       0x20 ./Core/Src/crc_util.o
                0x08006144                crc_get_reversed_second_byte
 .text.write_to_dac
                0x08006164       0x36 ./Core/Src/dac8562.o
 .text.DAC_initialize
                0x0800619a       0x96 ./Core/Src/dac8562.o
 .text.dac8562_init
                0x08006230       0x32 ./Core/Src/dac8562.o
                0x08006230                dac8562_init
 .text.DAC_SET_A
                0x08006262       0x48 ./Core/Src/dac8562.o
                0x08006262                DAC_SET_A
 .text.DAC_SET_B
                0x080062aa       0x48 ./Core/Src/dac8562.o
                0x080062aa                DAC_SET_B
 *fill*         0x080062f2        0x2 
 .text.smoothing_function
                0x080062f4      0x9e0 ./Core/Src/data_smoothing.o
                0x080062f4                smoothing_function
 .text.find_maximum
                0x08006cd4       0xd0 ./Core/Src/data_smoothing.o
                0x08006cd4                find_maximum
 .text.find_minimum
                0x08006da4       0xcc ./Core/Src/data_smoothing.o
                0x08006da4                find_minimum
 .text.find_baseline_1
                0x08006e70       0xda ./Core/Src/data_smoothing.o
                0x08006e70                find_baseline_1
 .text.find_baseline_2
                0x08006f4a       0xda ./Core/Src/data_smoothing.o
                0x08006f4a                find_baseline_2
 .text.calculate_median
                0x08007024       0x38 ./Core/Src/data_smoothing.o
                0x08007024                calculate_median
 .text.cmpfunc  0x0800705c       0x1e ./Core/Src/data_smoothing.o
                0x0800705c                cmpfunc
 *fill*         0x0800707a        0x2 
 .text.get_signal_to_noise
                0x0800707c       0xe4 ./Core/Src/data_smoothing.o
                0x0800707c                get_signal_to_noise
 .text.median_filter
                0x08007160      0x122 ./Core/Src/data_smoothing.o
                0x08007160                median_filter
 .text.box_filter
                0x08007282       0xda ./Core/Src/data_smoothing.o
                0x08007282                box_filter
 .text.compute_local_scatter
                0x0800735c       0x80 ./Core/Src/data_smoothing.o
                0x0800735c                compute_local_scatter
 .text.find_peak
                0x080073dc      0x930 ./Core/Src/data_smoothing.o
                0x080073dc                find_peak
 .text.find_highest_qaqc
                0x08007d0c       0x80 ./Core/Src/data_smoothing.o
                0x08007d0c                find_highest_qaqc
 .text.find_closest_to_last_peak
                0x08007d8c       0x94 ./Core/Src/data_smoothing.o
                0x08007d8c                find_closest_to_last_peak
 .text.find_lowest_noise
                0x08007e20       0x64 ./Core/Src/data_smoothing.o
                0x08007e20                find_lowest_noise
 .text.eeprom_write_square_wave_data_save_status
                0x08007e84       0x20 ./Core/Src/eeprom.o
                0x08007e84                eeprom_write_square_wave_data_save_status
 .text.eeprom_read_square_wave_data_save_status
                0x08007ea4       0x2a ./Core/Src/eeprom.o
                0x08007ea4                eeprom_read_square_wave_data_save_status
 .text.eeprom_write_external_baud_rate_setting
                0x08007ece       0x20 ./Core/Src/eeprom.o
                0x08007ece                eeprom_write_external_baud_rate_setting
 .text.eeprom_read_external_baud_rate_setting
                0x08007eee       0x2a ./Core/Src/eeprom.o
                0x08007eee                eeprom_read_external_baud_rate_setting
 .text.eeprom_write_sensor_array_interval_setting
                0x08007f18       0x20 ./Core/Src/eeprom.o
                0x08007f18                eeprom_write_sensor_array_interval_setting
 .text.eeprom_read_sensor_array_interval_setting
                0x08007f38       0x2a ./Core/Src/eeprom.o
                0x08007f38                eeprom_read_sensor_array_interval_setting
 .text.eeprom_write_sensor_mode_setting
                0x08007f62       0x20 ./Core/Src/eeprom.o
                0x08007f62                eeprom_write_sensor_mode_setting
 .text.eeprom_read_sensor_mode_setting
                0x08007f82       0x2a ./Core/Src/eeprom.o
                0x08007f82                eeprom_read_sensor_mode_setting
 .text.eeprom_write_sensor_communication_style
                0x08007fac       0x20 ./Core/Src/eeprom.o
                0x08007fac                eeprom_write_sensor_communication_style
 .text.eeprom_read_sensor_communication_style
                0x08007fcc       0x2a ./Core/Src/eeprom.o
                0x08007fcc                eeprom_read_sensor_communication_style
 .text.eeprom_write_sensor_serial_number
                0x08007ff6       0x3c ./Core/Src/eeprom.o
                0x08007ff6                eeprom_write_sensor_serial_number
 .text.eeprom_read_sensor_serial_number
                0x08008032      0x254 ./Core/Src/eeprom.o
                0x08008032                eeprom_read_sensor_serial_number
 .text.eeprom_write_ph_output_style_setting
                0x08008286       0x20 ./Core/Src/eeprom.o
                0x08008286                eeprom_write_ph_output_style_setting
 .text.eeprom_read_ph_output_style_setting
                0x080082a6       0x2a ./Core/Src/eeprom.o
                0x080082a6                eeprom_read_ph_output_style_setting
 .text.eeprom_write_immersion_rule
                0x080082d0       0x20 ./Core/Src/eeprom.o
                0x080082d0                eeprom_write_immersion_rule
 .text.eeprom_write_immersion_rule_interval
                0x080082f0       0x20 ./Core/Src/eeprom.o
                0x080082f0                eeprom_write_immersion_rule_interval
 .text.eeprom_read_immersion_rule
                0x08008310       0x2a ./Core/Src/eeprom.o
                0x08008310                eeprom_read_immersion_rule
 .text.eeprom_read_immersion_rule_interval
                0x0800833a       0x2a ./Core/Src/eeprom.o
                0x0800833a                eeprom_read_immersion_rule_interval
 .text.eeprom_write_array_health
                0x08008364       0x6c ./Core/Src/eeprom.o
                0x08008364                eeprom_write_array_health
 .text.eeprom_read_array_health
                0x080083d0       0x48 ./Core/Src/eeprom.o
                0x080083d0                eeprom_read_array_health
 .text.condition_check_sensor_autonomous_start_delay_setting
                0x08008418       0xbe ./Core/Src/eeprom.o
                0x08008418                condition_check_sensor_autonomous_start_delay_setting
 .text.eeprom_write_sensor_autonomous_start_delay_setting
                0x080084d6       0x52 ./Core/Src/eeprom.o
                0x080084d6                eeprom_write_sensor_autonomous_start_delay_setting
 .text.eeprom_read_sensor_autonomous_start_delay_setting
                0x08008528       0x4c ./Core/Src/eeprom.o
                0x08008528                eeprom_read_sensor_autonomous_start_delay_setting
 .text.reset_eeprom_settings
                0x08008574       0x24 ./Core/Src/eeprom.o
                0x08008574                reset_eeprom_settings
 .text.eeprom_write_temperature_calibration_number
                0x08008598       0x36 ./Core/Src/eeprom.o
                0x08008598                eeprom_write_temperature_calibration_number
 *fill*         0x080085ce        0x2 
 .text.eeprom_write_sensor_name
                0x080085d0       0x6c ./Core/Src/eeprom.o
                0x080085d0                eeprom_write_sensor_name
 .text.eeprom_read_sensor_name
                0x0800863c      0x16c ./Core/Src/eeprom.o
                0x0800863c                eeprom_read_sensor_name
 .text.eeprom_write_sensor_sub_name
                0x080087a8       0x6c ./Core/Src/eeprom.o
                0x080087a8                eeprom_write_sensor_sub_name
 .text.eeprom_read_sensor_sub_name
                0x08008814      0x16c ./Core/Src/eeprom.o
                0x08008814                eeprom_read_sensor_sub_name
 .text.eeprom_write_heartbeat_output_style_setting
                0x08008980       0x20 ./Core/Src/eeprom.o
                0x08008980                eeprom_write_heartbeat_output_style_setting
 .text.eeprom_write_system_modbus_address
                0x080089a0       0x24 ./Core/Src/eeprom.o
                0x080089a0                eeprom_write_system_modbus_address
 .text.eeprom_read_system_modbus_address
                0x080089c4       0x54 ./Core/Src/eeprom.o
                0x080089c4                eeprom_read_system_modbus_address
 .text.eeprom_read_heartbeat_output_style_setting
                0x08008a18       0x50 ./Core/Src/eeprom.o
                0x08008a18                eeprom_read_heartbeat_output_style_setting
 .text.eeprom_read_ph_array
                0x08008a68      0x178 ./Core/Src/eeprom.o
                0x08008a68                eeprom_read_ph_array
 .text.eeprom_read_peak_potential_offsets
                0x08008be0       0x50 ./Core/Src/eeprom.o
                0x08008be0                eeprom_read_peak_potential_offsets
 .text.eeprom_read_peak_potentials
                0x08008c30       0x58 ./Core/Src/eeprom.o
                0x08008c30                eeprom_read_peak_potentials
 .text.eeprom_read_qaqcs
                0x08008c88       0x58 ./Core/Src/eeprom.o
                0x08008c88                eeprom_read_qaqcs
 .text.eeprom_read_ph_peaks_loops
                0x08008ce0       0x58 ./Core/Src/eeprom.o
                0x08008ce0                eeprom_read_ph_peaks_loops
 .text.eeprom_read_iref_peaks_loops
                0x08008d38       0x58 ./Core/Src/eeprom.o
                0x08008d38                eeprom_read_iref_peaks_loops
 .text.eeprom_read_clipped_at_gain
                0x08008d90       0x4c ./Core/Src/eeprom.o
                0x08008d90                eeprom_read_clipped_at_gain
 .text.eeprom_save_ph_array
                0x08008ddc       0xf8 ./Core/Src/eeprom.o
                0x08008ddc                eeprom_save_ph_array
 .text.eeprom_save_peak_potential_offsets
                0x08008ed4       0xac ./Core/Src/eeprom.o
                0x08008ed4                eeprom_save_peak_potential_offsets
 .text.eeprom_save_peak_potentials
                0x08008f80       0xbc ./Core/Src/eeprom.o
                0x08008f80                eeprom_save_peak_potentials
 .text.eeprom_save_qaqcs
                0x0800903c       0xbc ./Core/Src/eeprom.o
                0x0800903c                eeprom_save_qaqcs
 .text.eeprom_save_ph_peaks_loops
                0x080090f8       0xbc ./Core/Src/eeprom.o
                0x080090f8                eeprom_save_ph_peaks_loops
 .text.eeprom_save_iref_peaks_loops
                0x080091b4       0xbc ./Core/Src/eeprom.o
                0x080091b4                eeprom_save_iref_peaks_loops
 .text.eeprom_read_electrode_health
                0x08009270       0x44 ./Core/Src/eeprom.o
                0x08009270                eeprom_read_electrode_health
 .text.eeprom_save_electrode_health
                0x080092b4       0x40 ./Core/Src/eeprom.o
                0x080092b4                eeprom_save_electrode_health
 .text.eeprom_save_pulse_amplitudes
                0x080092f4       0x40 ./Core/Src/eeprom.o
                0x080092f4                eeprom_save_pulse_amplitudes
 .text.eeprom_save_clipped_at_gain
                0x08009334       0x44 ./Core/Src/eeprom.o
                0x08009334                eeprom_save_clipped_at_gain
 .text.eeprom_read_electrode_gains
                0x08009378       0x7c ./Core/Src/eeprom.o
                0x08009378                eeprom_read_electrode_gains
 .text.eeprom_save_electrode_gains
                0x080093f4       0x40 ./Core/Src/eeprom.o
                0x080093f4                eeprom_save_electrode_gains
 .text.eeprom_save_last_temperature
                0x08009434       0x58 ./Core/Src/eeprom.o
                0x08009434                eeprom_save_last_temperature
 .text.eeprom_save_last_passed_ph_qaqc
                0x0800948c       0x58 ./Core/Src/eeprom.o
                0x0800948c                eeprom_save_last_passed_ph_qaqc
 .text.eeprom_save_ph_running_average
                0x080094e4       0x58 ./Core/Src/eeprom.o
                0x080094e4                eeprom_save_ph_running_average
 .text.eeprom_save_avg_iref_peak_potential
                0x0800953c       0x58 ./Core/Src/eeprom.o
                0x0800953c                eeprom_save_avg_iref_peak_potential
 .text.eeprom_save_avg_ph_peak_potential
                0x08009594       0x68 ./Core/Src/eeprom.o
                0x08009594                eeprom_save_avg_ph_peak_potential
 .text.eeprom_read_last_temperature
                0x080095fc       0x1e ./Core/Src/eeprom.o
                0x080095fc                eeprom_read_last_temperature
 .text.eeprom_read_last_passed_ph_qaqc
                0x0800961a       0x1e ./Core/Src/eeprom.o
                0x0800961a                eeprom_read_last_passed_ph_qaqc
 .text.eeprom_read_ph_running_average
                0x08009638       0x1e ./Core/Src/eeprom.o
                0x08009638                eeprom_read_ph_running_average
 .text.eeprom_read_last_iref_peak_potential
                0x08009656       0x1e ./Core/Src/eeprom.o
                0x08009656                eeprom_read_last_iref_peak_potential
 .text.eeprom_read_avg_ph_peak_potential
                0x08009674       0x1e ./Core/Src/eeprom.o
                0x08009674                eeprom_read_avg_ph_peak_potential
 .text.eeprom_write_anbsensors_or_alternate_head
                0x08009692       0x24 ./Core/Src/eeprom.o
                0x08009692                eeprom_write_anbsensors_or_alternate_head
 .text.eeprom_write_interface
                0x080096b6       0x20 ./Core/Src/eeprom.o
                0x080096b6                eeprom_write_interface
 *fill*         0x080096d6        0x2 
 .text.eeprom_write_fast_profiling
                0x080096d8       0x28 ./Core/Src/eeprom.o
                0x080096d8                eeprom_write_fast_profiling
 .text.eeprom_write_use_sdcard
                0x08009700       0x24 ./Core/Src/eeprom.o
                0x08009700                eeprom_write_use_sdcard
 .text.eeprom_write_power
                0x08009724       0x24 ./Core/Src/eeprom.o
                0x08009724                eeprom_write_power
 .text.eeprom_write_salinity_range
                0x08009748       0x24 ./Core/Src/eeprom.o
                0x08009748                eeprom_write_salinity_range
 .text.eeprom_write_phs_per_loop
                0x0800976c       0x24 ./Core/Src/eeprom.o
                0x0800976c                eeprom_write_phs_per_loop
 .text.eeprom_write_fresh_electrodes
                0x08009790       0x24 ./Core/Src/eeprom.o
                0x08009790                eeprom_write_fresh_electrodes
 .text.eeprom_write_loops_since_last_good_ph
                0x080097b4       0x24 ./Core/Src/eeprom.o
                0x080097b4                eeprom_write_loops_since_last_good_ph
 .text.eeprom_write_loops_since_last_event
                0x080097d8       0x24 ./Core/Src/eeprom.o
                0x080097d8                eeprom_write_loops_since_last_event
 .text.eeprom_write_loops_since_last_correction
                0x080097fc       0x24 ./Core/Src/eeprom.o
                0x080097fc                eeprom_write_loops_since_last_correction
 .text.eeprom_write_loops_since_start
                0x08009820       0x24 ./Core/Src/eeprom.o
                0x08009820                eeprom_write_loops_since_start
 .text.eeprom_write_next_set_electrode
                0x08009844       0x24 ./Core/Src/eeprom.o
                0x08009844                eeprom_write_next_set_electrode
 .text.eeprom_write_loop_count
                0x08009868       0x44 ./Core/Src/eeprom.o
                0x08009868                eeprom_write_loop_count
 .text.eeprom_read_interface
                0x080098ac       0x2a ./Core/Src/eeprom.o
                0x080098ac                eeprom_read_interface
 *fill*         0x080098d6        0x2 
 .text.eeprom_read_fast_profiling
                0x080098d8       0x30 ./Core/Src/eeprom.o
                0x080098d8                eeprom_read_fast_profiling
 .text.eeprom_read_use_sdcard
                0x08009908       0x2c ./Core/Src/eeprom.o
                0x08009908                eeprom_read_use_sdcard
 .text.eeprom_read_power
                0x08009934       0x2c ./Core/Src/eeprom.o
                0x08009934                eeprom_read_power
 .text.eeprom_read_salinity_range
                0x08009960       0x2e ./Core/Src/eeprom.o
                0x08009960                eeprom_read_salinity_range
 .text.eeprom_read_phs_per_loop
                0x0800998e       0x2c ./Core/Src/eeprom.o
                0x0800998e                eeprom_read_phs_per_loop
 .text.eeprom_read_loops_since_last_good_ph
                0x080099ba       0x2e ./Core/Src/eeprom.o
                0x080099ba                eeprom_read_loops_since_last_good_ph
 .text.eeprom_read_loops_since_last_event
                0x080099e8       0x2e ./Core/Src/eeprom.o
                0x080099e8                eeprom_read_loops_since_last_event
 .text.eeprom_read_loops_since_last_correction
                0x08009a16       0x2c ./Core/Src/eeprom.o
                0x08009a16                eeprom_read_loops_since_last_correction
 .text.eeprom_read_loops_since_start
                0x08009a42       0x2e ./Core/Src/eeprom.o
                0x08009a42                eeprom_read_loops_since_start
 .text.eeprom_read_next_set_electrode
                0x08009a70       0x2c ./Core/Src/eeprom.o
                0x08009a70                eeprom_read_next_set_electrode
 .text.eeprom_read_loop_count
                0x08009a9c       0x7c ./Core/Src/eeprom.o
                0x08009a9c                eeprom_read_loop_count
 .text.eeprom_read_anbsensors_or_alternate_head
                0x08009b18       0x2e ./Core/Src/eeprom.o
                0x08009b18                eeprom_read_anbsensors_or_alternate_head
 .text.eeprom_write_iref_health
                0x08009b46       0x24 ./Core/Src/eeprom.o
                0x08009b46                eeprom_write_iref_health
 .text.eeprom_write_iref_last_used
                0x08009b6a       0x24 ./Core/Src/eeprom.o
                0x08009b6a                eeprom_write_iref_last_used
 .text.eeprom_write_iref_health_bad_count
                0x08009b8e       0x24 ./Core/Src/eeprom.o
                0x08009b8e                eeprom_write_iref_health_bad_count
 .text.eeprom_read_iref_last_used
                0x08009bb2       0x2e ./Core/Src/eeprom.o
                0x08009bb2                eeprom_read_iref_last_used
 .text.eeprom_read_iref_health_bad_count
                0x08009be0       0x2c ./Core/Src/eeprom.o
                0x08009be0                eeprom_read_iref_health_bad_count
 .text.eeprom_write_scan_n_no_of_ph_electrodes
                0x08009c0c       0x28 ./Core/Src/eeprom.o
                0x08009c0c                eeprom_write_scan_n_no_of_ph_electrodes
 .text.eeprom_read_scan_n_no_of_ph_electrodes
                0x08009c34       0x30 ./Core/Src/eeprom.o
                0x08009c34                eeprom_read_scan_n_no_of_ph_electrodes
 .text.eeprom_write_last_electrode_number
                0x08009c64       0x28 ./Core/Src/eeprom.o
                0x08009c64                eeprom_write_last_electrode_number
 .text.eeprom_read_last_electrode_number
                0x08009c8c       0x30 ./Core/Src/eeprom.o
                0x08009c8c                eeprom_read_last_electrode_number
 .text.eeprom_read_driver_version
                0x08009cbc       0x4e ./Core/Src/eeprom.o
                0x08009cbc                eeprom_read_driver_version
 .text.eeprom_write_driver_version
                0x08009d0a       0x1c ./Core/Src/eeprom.o
                0x08009d0a                eeprom_write_driver_version
 .text.eeprom_write_interface_version
                0x08009d26       0x3a ./Core/Src/eeprom.o
                0x08009d26                eeprom_write_interface_version
 .text.eeprom_read_byte_with_checks
                0x08009d60      0x10c ./Core/Src/eeprom.o
                0x08009d60                eeprom_read_byte_with_checks
 .text.eeprom_get_float_from_eeprom_bytes
                0x08009e6c       0x6a ./Core/Src/eeprom.o
                0x08009e6c                eeprom_get_float_from_eeprom_bytes
 *fill*         0x08009ed6        0x2 
 .text.eeprom_write_byte
                0x08009ed8       0xb0 ./Core/Src/eeprom_M95080.o
                0x08009ed8                eeprom_write_byte
 .text.eeprom_write_byte_with_readback_check
                0x08009f88       0x82 ./Core/Src/eeprom_M95080.o
                0x08009f88                eeprom_write_byte_with_readback_check
 *fill*         0x0800a00a        0x2 
 .text.eeprom_read_byte
                0x0800a00c       0x84 ./Core/Src/eeprom_M95080.o
                0x0800a00c                eeprom_read_byte
 .text.eeprom_erase_all
                0x0800a090       0x5e ./Core/Src/eeprom_M95080.o
                0x0800a090                eeprom_erase_all
 *fill*         0x0800a0ee        0x2 
 .text.eeprom_write_buffer
                0x0800a0f0       0xb8 ./Core/Src/eeprom_M95080.o
                0x0800a0f0                eeprom_write_buffer
 .text.eeprom_write_buffer_with_readback_check
                0x0800a1a8       0xac ./Core/Src/eeprom_M95080.o
                0x0800a1a8                eeprom_write_buffer_with_readback_check
 .text.eeprom_wait_for_write_to_complete
                0x0800a254        0xe ./Core/Src/eeprom_M95080.o
                0x0800a254                eeprom_wait_for_write_to_complete
 *fill*         0x0800a262        0x2 
 .text.board_init
                0x0800a264      0x20c ./Core/Src/init.o
                0x0800a264                board_init
 .text.ioport_set_pin_level
                0x0800a470       0x2c ./Core/Src/ioport.o
                0x0800a470                ioport_set_pin_level
 .text.ioport_get_pin_level
                0x0800a49c       0x2c ./Core/Src/ioport.o
                0x0800a49c                ioport_get_pin_level
 .text.main     0x0800a4c8      0x154 ./Core/Src/main.o
                0x0800a4c8                main
 .text.SystemClock_Config
                0x0800a61c       0xcc ./Core/Src/main.o
                0x0800a61c                SystemClock_Config
 .text.MX_I2C1_Init
                0x0800a6e8       0x80 ./Core/Src/main.o
 .text.MX_RTC_Init
                0x0800a768       0x5c ./Core/Src/main.o
 .text.MX_SPI1_Init
                0x0800a7c4       0x74 ./Core/Src/main.o
 .text.MX_SPI2_Init
                0x0800a838       0x7c ./Core/Src/main.o
 .text.MX_TIM6_Init
                0x0800a8b4       0x78 ./Core/Src/main.o
 .text.MX_TIM7_Init
                0x0800a92c       0x78 ./Core/Src/main.o
 .text.MX_TIM14_Init
                0x0800a9a4       0x4c ./Core/Src/main.o
 .text.MX_TIM16_Init
                0x0800a9f0       0x50 ./Core/Src/main.o
 .text.MX_TIM17_Init
                0x0800aa40       0x50 ./Core/Src/main.o
 .text.MX_USART1_UART_Init
                0x0800aa90       0xa0 ./Core/Src/main.o
 .text.MX_DMA_Init
                0x0800ab30       0x3c ./Core/Src/main.o
 .text.MX_GPIO_Init
                0x0800ab6c      0x1dc ./Core/Src/main.o
 .text.HAL_UARTEx_RxEventCallback
                0x0800ad48       0x5c ./Core/Src/main.o
                0x0800ad48                HAL_UARTEx_RxEventCallback
 .text.uart1_send_byte
                0x0800ada4       0x24 ./Core/Src/main.o
                0x0800ada4                uart1_send_byte
 .text.uart1_send_bytes
                0x0800adc8       0x2c ./Core/Src/main.o
                0x0800adc8                uart1_send_bytes
 .text.spi1_enable
                0x0800adf4       0x20 ./Core/Src/main.o
                0x0800adf4                spi1_enable
 .text.spi1_send_byte
                0x0800ae14       0x30 ./Core/Src/main.o
                0x0800ae14                spi1_send_byte
 .text.spi2_send_byte
                0x0800ae44       0x80 ./Core/Src/main.o
                0x0800ae44                spi2_send_byte
 .text.spi2_send_bytes
                0x0800aec4       0xbc ./Core/Src/main.o
                0x0800aec4                spi2_send_bytes
 .text.spi2_get_byte
                0x0800af80       0x88 ./Core/Src/main.o
                0x0800af80                spi2_get_byte
 .text.spi2_get_bytes
                0x0800b008       0xb4 ./Core/Src/main.o
                0x0800b008                spi2_get_bytes
 .text.spi2_wait_for_eeprom_write_to_complete
                0x0800b0bc       0x60 ./Core/Src/main.o
                0x0800b0bc                spi2_wait_for_eeprom_write_to_complete
 .text.start_timer
                0x0800b11c       0xac ./Core/Src/main.o
                0x0800b11c                start_timer
 .text.stop_timer
                0x0800b1c8       0x78 ./Core/Src/main.o
                0x0800b1c8                stop_timer
 .text.set_timer_period
                0x0800b240       0x88 ./Core/Src/main.o
                0x0800b240                set_timer_period
 .text.set_timer_count
                0x0800b2c8       0x88 ./Core/Src/main.o
                0x0800b2c8                set_timer_count
 .text.cpu_irq_enable
                0x0800b350        0xe ./Core/Src/main.o
                0x0800b350                cpu_irq_enable
 .text.cpu_irq_disable
                0x0800b35e        0xe ./Core/Src/main.o
                0x0800b35e                cpu_irq_disable
 .text.HAL_TIM_PeriodElapsedCallback
                0x0800b36c       0x60 ./Core/Src/main.o
                0x0800b36c                HAL_TIM_PeriodElapsedCallback
 .text.Error_Handler
                0x0800b3cc        0xc ./Core/Src/main.o
                0x0800b3cc                Error_Handler
 .text.reset_qaqc_reply_data
                0x0800b3d8       0xec ./Core/Src/qaqc.o
                0x0800b3d8                reset_qaqc_reply_data
 .text.calculate_salinity
                0x0800b4c4      0x1d0 ./Core/Src/salinity_conductivity.o
                0x0800b4c4                calculate_salinity
 .text.calculate_specific_conductivity
                0x0800b694       0x98 ./Core/Src/salinity_conductivity.o
                0x0800b694                calculate_specific_conductivity
 .text.calculate_actual_conductivity
                0x0800b72c       0xa4 ./Core/Src/salinity_conductivity.o
                0x0800b72c                calculate_actual_conductivity
 .text.scan     0x0800b7d0     0x13a0 ./Core/Src/scan.o
                0x0800b7d0                scan
 .text.HAL_MspInit
                0x0800cb70       0x48 ./Core/Src/stm32g0xx_hal_msp.o
                0x0800cb70                HAL_MspInit
 .text.HAL_I2C_MspInit
                0x0800cbb8       0xc4 ./Core/Src/stm32g0xx_hal_msp.o
                0x0800cbb8                HAL_I2C_MspInit
 .text.HAL_RTC_MspInit
                0x0800cc7c       0x7c ./Core/Src/stm32g0xx_hal_msp.o
                0x0800cc7c                HAL_RTC_MspInit
 .text.HAL_SPI_MspInit
                0x0800ccf8      0x10c ./Core/Src/stm32g0xx_hal_msp.o
                0x0800ccf8                HAL_SPI_MspInit
 .text.HAL_TIM_Base_MspInit
                0x0800ce04      0x138 ./Core/Src/stm32g0xx_hal_msp.o
                0x0800ce04                HAL_TIM_Base_MspInit
 .text.HAL_UART_MspInit
                0x0800cf3c      0x130 ./Core/Src/stm32g0xx_hal_msp.o
                0x0800cf3c                HAL_UART_MspInit
 .text.NMI_Handler
                0x0800d06c        0x8 ./Core/Src/stm32g0xx_it.o
                0x0800d06c                NMI_Handler
 .text.HardFault_Handler
                0x0800d074        0x8 ./Core/Src/stm32g0xx_it.o
                0x0800d074                HardFault_Handler
 .text.SVC_Handler
                0x0800d07c        0xa ./Core/Src/stm32g0xx_it.o
                0x0800d07c                SVC_Handler
 .text.PendSV_Handler
                0x0800d086        0xa ./Core/Src/stm32g0xx_it.o
                0x0800d086                PendSV_Handler
 .text.SysTick_Handler
                0x0800d090        0xe ./Core/Src/stm32g0xx_it.o
                0x0800d090                SysTick_Handler
 *fill*         0x0800d09e        0x2 
 .text.DMA1_Channel1_IRQHandler
                0x0800d0a0       0x18 ./Core/Src/stm32g0xx_it.o
                0x0800d0a0                DMA1_Channel1_IRQHandler
 .text.TIM6_DAC_LPTIM1_IRQHandler
                0x0800d0b8       0x18 ./Core/Src/stm32g0xx_it.o
                0x0800d0b8                TIM6_DAC_LPTIM1_IRQHandler
 .text.TIM7_LPTIM2_IRQHandler
                0x0800d0d0       0x18 ./Core/Src/stm32g0xx_it.o
                0x0800d0d0                TIM7_LPTIM2_IRQHandler
 .text.TIM14_IRQHandler
                0x0800d0e8       0x18 ./Core/Src/stm32g0xx_it.o
                0x0800d0e8                TIM14_IRQHandler
 .text.TIM16_IRQHandler
                0x0800d100       0x18 ./Core/Src/stm32g0xx_it.o
                0x0800d100                TIM16_IRQHandler
 .text.TIM17_IRQHandler
                0x0800d118       0x18 ./Core/Src/stm32g0xx_it.o
                0x0800d118                TIM17_IRQHandler
 .text.USART1_IRQHandler
                0x0800d130       0x18 ./Core/Src/stm32g0xx_it.o
                0x0800d130                USART1_IRQHandler
 .text.enable_analog_power_5v
                0x0800d148       0x1c ./Core/Src/subsystem.o
                0x0800d148                enable_analog_power_5v
 .text.disable_analog_power_5v
                0x0800d164       0x1c ./Core/Src/subsystem.o
                0x0800d164                disable_analog_power_5v
 .text.enable_analog_power_2v5
                0x0800d180       0x1c ./Core/Src/subsystem.o
                0x0800d180                enable_analog_power_2v5
 .text.disable_analog_power_2v5
                0x0800d19c       0x1c ./Core/Src/subsystem.o
                0x0800d19c                disable_analog_power_2v5
 .text.enable_analog_power_all
                0x0800d1b8       0x12 ./Core/Src/subsystem.o
                0x0800d1b8                enable_analog_power_all
 .text.disable_analog_power_all
                0x0800d1ca       0x12 ./Core/Src/subsystem.o
                0x0800d1ca                disable_analog_power_all
 .text.enable_water_detection
                0x0800d1dc       0x34 ./Core/Src/subsystem.o
                0x0800d1dc                enable_water_detection
 .text.disable_water_detection
                0x0800d210       0x20 ./Core/Src/subsystem.o
                0x0800d210                disable_water_detection
 .text.enable_dac_output_to_counter_electrode
                0x0800d230       0x1c ./Core/Src/subsystem.o
                0x0800d230                enable_dac_output_to_counter_electrode
 .text.enable_afe_2nd_gain_resistor
                0x0800d24c       0x1c ./Core/Src/subsystem.o
                0x0800d24c                enable_afe_2nd_gain_resistor
 .text.disable_afe_2nd_gain_resistor
                0x0800d268       0x1c ./Core/Src/subsystem.o
                0x0800d268                disable_afe_2nd_gain_resistor
 .text.enable_afe_3rd_gain_resistor
                0x0800d284       0x1c ./Core/Src/subsystem.o
                0x0800d284                enable_afe_3rd_gain_resistor
 .text.disable_afe_3rd_gain_resistor
                0x0800d2a0       0x1c ./Core/Src/subsystem.o
                0x0800d2a0                disable_afe_3rd_gain_resistor
 .text.enable_afe_4th_gain_resistor
                0x0800d2bc       0x1c ./Core/Src/subsystem.o
                0x0800d2bc                enable_afe_4th_gain_resistor
 .text.disable_afe_4th_gain_resistor
                0x0800d2d8       0x1c ./Core/Src/subsystem.o
                0x0800d2d8                disable_afe_4th_gain_resistor
 .text.enable_afe_5th_gain_resistor
                0x0800d2f4       0x1c ./Core/Src/subsystem.o
                0x0800d2f4                enable_afe_5th_gain_resistor
 .text.disable_afe_5th_gain_resistor
                0x0800d310       0x1c ./Core/Src/subsystem.o
                0x0800d310                disable_afe_5th_gain_resistor
 .text.enable_afe_all_gain_resistors
                0x0800d32c       0x1a ./Core/Src/subsystem.o
                0x0800d32c                enable_afe_all_gain_resistors
 .text.disable_afe_all_gain_resistors
                0x0800d346       0x1a ./Core/Src/subsystem.o
                0x0800d346                disable_afe_all_gain_resistors
 .text.disable_sensor_electrodes
                0x0800d360      0x10c ./Core/Src/subsystem.o
                0x0800d360                disable_sensor_electrodes
 .text.enable_ph_electrodes
                0x0800d46c      0x10c ./Core/Src/subsystem.o
                0x0800d46c                enable_ph_electrodes
 .text.enable_single_electrode
                0x0800d578      0x14c ./Core/Src/subsystem.o
                0x0800d578                enable_single_electrode
 .text.enable_multielectrode_scan
                0x0800d6c4      0x1cc ./Core/Src/subsystem.o
                0x0800d6c4                enable_multielectrode_scan
 .text.enable_temperature_switch
                0x0800d890       0x20 ./Core/Src/subsystem.o
                0x0800d890                enable_temperature_switch
 .text._getpid  0x0800d8b0        0xc ./Core/Src/syscalls.o
                0x0800d8b0                _getpid
 .text._kill    0x0800d8bc       0x20 ./Core/Src/syscalls.o
                0x0800d8bc                _kill
 .text._exit    0x0800d8dc       0x1a ./Core/Src/syscalls.o
                0x0800d8dc                _exit
 .text._read    0x0800d8f6       0x3a ./Core/Src/syscalls.o
                0x0800d8f6                _read
 .text._write   0x0800d930       0x38 ./Core/Src/syscalls.o
                0x0800d930                _write
 .text._close   0x0800d968       0x14 ./Core/Src/syscalls.o
                0x0800d968                _close
 .text._fstat   0x0800d97c       0x1c ./Core/Src/syscalls.o
                0x0800d97c                _fstat
 .text._isatty  0x0800d998       0x12 ./Core/Src/syscalls.o
                0x0800d998                _isatty
 .text._lseek   0x0800d9aa       0x16 ./Core/Src/syscalls.o
                0x0800d9aa                _lseek
 .text._sbrk    0x0800d9c0       0x6c ./Core/Src/sysmem.o
                0x0800d9c0                _sbrk
 .text.SystemInit
                0x0800da2c        0xa ./Core/Src/system_stm32g0xx.o
                0x0800da2c                SystemInit
 *fill*         0x0800da36        0x2 
 .text.get_iref_sensor_number
                0x0800da38       0x84 ./Core/Src/tasktable_init.o
                0x0800da38                get_iref_sensor_number
 .text.task_get_electrode_gain
                0x0800dabc       0x2c ./Core/Src/tasktable_init.o
                0x0800dabc                task_get_electrode_gain
 .text.task_set_electrode_gain
                0x0800dae8       0xb0 ./Core/Src/tasktable_init.o
                0x0800dae8                task_set_electrode_gain
 .text.get_first_iref_scan
                0x0800db98       0xe4 ./Core/Src/tasktable_init.o
                0x0800db98                get_first_iref_scan
 .text.get_first_ph_scan
                0x0800dc7c      0x5f4 ./Core/Src/tasktable_init.o
                0x0800dc7c                get_first_ph_scan
 .text.update_electrode_numbers
                0x0800e270      0x618 ./Core/Src/tasktable_init.o
                0x0800e270                update_electrode_numbers
 .text.reset_pulse_amplitudes
                0x0800e888       0x34 ./Core/Src/tasktable_init.o
                0x0800e888                reset_pulse_amplitudes
 .text.reset_qaqcs
                0x0800e8bc       0x38 ./Core/Src/tasktable_init.o
                0x0800e8bc                reset_qaqcs
 .text.reset_peaks_loops
                0x0800e8f4       0x50 ./Core/Src/tasktable_init.o
                0x0800e8f4                reset_peaks_loops
 .text.reset_peak_potentials
                0x0800e944       0x38 ./Core/Src/tasktable_init.o
                0x0800e944                reset_peak_potentials
 .text.reset_clipped_at_gain
                0x0800e97c       0x34 ./Core/Src/tasktable_init.o
                0x0800e97c                reset_clipped_at_gain
 .text.reset_fresh_electrodes
                0x0800e9b0       0x1c ./Core/Src/tasktable_init.o
                0x0800e9b0                reset_fresh_electrodes
 .text.add_ph_peak_to_loop_array
                0x0800e9cc       0x50 ./Core/Src/tasktable_init.o
                0x0800e9cc                add_ph_peak_to_loop_array
 .text.add_iref_peak_to_loop_array
                0x0800ea1c       0x50 ./Core/Src/tasktable_init.o
                0x0800ea1c                add_iref_peak_to_loop_array
 .text.process_peak_potentials_after_scan
                0x0800ea6c      0x8d4 ./Core/Src/tasktable_master.o
                0x0800ea6c                process_peak_potentials_after_scan
 .text.update_task_after_scan
                0x0800f340      0x970 ./Core/Src/tasktable_master.o
                0x0800f340                update_task_after_scan
 .text.update_iref_health_status
                0x0800fcb0       0x60 ./Core/Src/tasktable_master.o
                0x0800fcb0                update_iref_health_status
 .text.calculate_peak_potential_offsets
                0x0800fd10      0x1cc ./Core/Src/tasktable_master.o
                0x0800fd10                calculate_peak_potential_offsets
 .text.cmpfunc_d
                0x0800fedc       0x46 ./Core/Src/tasktable_master.o
                0x0800fedc                cmpfunc_d
 *fill*         0x0800ff22        0x2 
 .text.get_temperature
                0x0800ff24      0x100 ./Core/Src/temperature.o
                0x0800ff24                get_temperature
 .text.calculate_temperature
                0x08010024      0x38c ./Core/Src/temperature.o
                0x08010024                calculate_temperature
 .text.VP_calculate_temperature
                0x080103b0      0x144 ./Core/Src/temperature.o
                0x080103b0                VP_calculate_temperature
 .text.scan_init
                0x080104f4      0x224 ./Core/Src/timer.o
                0x080104f4                scan_init
 .text.scan_settings_reset_flags
                0x08010718       0x38 ./Core/Src/timer.o
                0x08010718                scan_settings_reset_flags
 .text.dac_positive_scan_cycle_processor
                0x08010750       0x2c ./Core/Src/timer.o
                0x08010750                dac_positive_scan_cycle_processor
 .text.dac_negative_scan_cycle_processor
                0x0801077c       0x50 ./Core/Src/timer.o
                0x0801077c                dac_negative_scan_cycle_processor
 .text.adc_positive_scan_cycle_processor
                0x080107cc       0x74 ./Core/Src/timer.o
                0x080107cc                adc_positive_scan_cycle_processor
 .text.adc_negative_scan_cycle_processor
                0x08010840       0xc8 ./Core/Src/timer.o
                0x08010840                adc_negative_scan_cycle_processor
 .text.conditioning_timer_init
                0x08010908       0x28 ./Core/Src/timer.o
                0x08010908                conditioning_timer_init
 .text.timer_init
                0x08010930       0x34 ./Core/Src/timer.o
                0x08010930                timer_init
 .text.timer_calculate_counts
                0x08010964      0x1f4 ./Core/Src/timer.o
                0x08010964                timer_calculate_counts
 .text.conditioning_timer_loop
                0x08010b58       0x58 ./Core/Src/timer.o
                0x08010b58                conditioning_timer_loop
 .text.conditioning_timer_start
                0x08010bb0      0x230 ./Core/Src/timer.o
                0x08010bb0                conditioning_timer_start
 .text.measurement_timer_start
                0x08010de0       0x84 ./Core/Src/timer.o
                0x08010de0                measurement_timer_start
 .text.measurement_timer_stop
                0x08010e64       0x78 ./Core/Src/timer.o
                0x08010e64                measurement_timer_stop
 .text.scanning_in_progress
                0x08010edc       0x14 ./Core/Src/timer.o
                0x08010edc                scanning_in_progress
 .text.measurement_dac_settings
                0x08010ef0       0x90 ./Core/Src/timer.o
                0x08010ef0                measurement_dac_settings
 .text.calculate_dac_settings
                0x08010f80      0x3d4 ./Core/Src/timer.o
                0x08010f80                calculate_dac_settings
 .text.measurement_set_dac
                0x08011354       0x80 ./Core/Src/timer.o
                0x08011354                measurement_set_dac
 .text.set_adc_data_address
                0x080113d4       0x50 ./Core/Src/timer.o
                0x080113d4                set_adc_data_address
 .text.condition_ref
                0x08011424       0xdc ./Core/Src/timer.o
                0x08011424                condition_ref
 .text.precondition_ph_electrodes
                0x08011500       0xf0 ./Core/Src/timer.o
                0x08011500                precondition_ph_electrodes
 .text.check_immersed_dry_status
                0x080115f0      0x274 ./Core/Src/timer.o
                0x080115f0                check_immersed_dry_status
 .text.clear_received_buffer
                0x08011864       0x38 ./Core/Src/usart_commsboard.o
                0x08011864                clear_received_buffer
 .text.process_commands
                0x0801189c      0xb84 ./Core/Src/usart_commsboard.o
                0x0801189c                process_commands
 .text.check_message
                0x08012420       0x2c ./Core/Src/usart_commsboard.o
                0x08012420                check_message
 .text.send_one_dataframe_as_spi_slave
                0x0801244c       0xa0 ./Core/Src/usart_commsboard.o
                0x0801244c                send_one_dataframe_as_spi_slave
 .text.convert_dac_potential_to_custom_bcd
                0x080124ec      0x1c0 ./Core/Src/usart_commsboard.o
                0x080124ec                convert_dac_potential_to_custom_bcd
 .text.convert_dac_potential_to_custom_bcd_2_byte_qaqc
                0x080126ac      0x170 ./Core/Src/usart_commsboard.o
                0x080126ac                convert_dac_potential_to_custom_bcd_2_byte_qaqc
 .text.send_data_as_spi_slave
                0x0801281c      0x1c0 ./Core/Src/usart_commsboard.o
                0x0801281c                send_data_as_spi_slave
 .text.reply_echo_data
                0x080129dc       0x44 ./Core/Src/usart_commsboard.o
                0x080129dc                reply_echo_data
 .text.reply_echo_data_board
                0x08012a20       0x50 ./Core/Src/usart_commsboard.o
                0x08012a20                reply_echo_data_board
 .text.send_reply
                0x08012a70       0x70 ./Core/Src/usart_commsboard.o
                0x08012a70                send_reply
 .text.reply_serial_number
                0x08012ae0       0x30 ./Core/Src/usart_commsboard.o
                0x08012ae0                reply_serial_number
 .text.reply_sensor_name
                0x08012b10       0x30 ./Core/Src/usart_commsboard.o
                0x08012b10                reply_sensor_name
 .text.reply_sensor_sub_name
                0x08012b40       0x30 ./Core/Src/usart_commsboard.o
                0x08012b40                reply_sensor_sub_name
 .text.reply_manufacturer_name
                0x08012b70       0x78 ./Core/Src/usart_commsboard.o
                0x08012b70                reply_manufacturer_name
 .text.reply_external_baud_rate
                0x08012be8       0x30 ./Core/Src/usart_commsboard.o
                0x08012be8                reply_external_baud_rate
 .text.reply_scan_n_number
                0x08012c18       0x30 ./Core/Src/usart_commsboard.o
                0x08012c18                reply_scan_n_number
 .text.reply_sensor_communication_style
                0x08012c48       0x30 ./Core/Src/usart_commsboard.o
                0x08012c48                reply_sensor_communication_style
 .text.reply_sensor_mode
                0x08012c78       0x30 ./Core/Src/usart_commsboard.o
                0x08012c78                reply_sensor_mode
 .text.reply_autonomous_start_delay
                0x08012ca8       0x48 ./Core/Src/usart_commsboard.o
                0x08012ca8                reply_autonomous_start_delay
 .text.reply_sensor_array_interval
                0x08012cf0       0x30 ./Core/Src/usart_commsboard.o
                0x08012cf0                reply_sensor_array_interval
 .text.reply_driver_version
                0x08012d20       0xac ./Core/Src/usart_commsboard.o
                0x08012d20                reply_driver_version
 .text.reply_system_modbus_address
                0x08012dcc       0x30 ./Core/Src/usart_commsboard.o
                0x08012dcc                reply_system_modbus_address
 .text.set_system_modbus_address
                0x08012dfc       0x24 ./Core/Src/usart_commsboard.o
                0x08012dfc                set_system_modbus_address
 .text.reply_system_immersion_rule
                0x08012e20       0x3c ./Core/Src/usart_commsboard.o
                0x08012e20                reply_system_immersion_rule
 .text.reply_sensor_ph_output_style
                0x08012e5c       0x30 ./Core/Src/usart_commsboard.o
                0x08012e5c                reply_sensor_ph_output_style
 .text.reply_array_health
                0x08012e8c       0x30 ./Core/Src/usart_commsboard.o
                0x08012e8c                reply_array_health
 .text.reply_stop_scanning
                0x08012ebc       0x28 ./Core/Src/usart_commsboard.o
                0x08012ebc                reply_stop_scanning
 .text.reply_square_wave_data_save_status
                0x08012ee4       0x4c ./Core/Src/usart_commsboard.o
                0x08012ee4                reply_square_wave_data_save_status
 .text.reply_ph_heartbeat_style_status
                0x08012f30       0x4c ./Core/Src/usart_commsboard.o
                0x08012f30                reply_ph_heartbeat_style_status
 .text.reply_qaqc_data_ready_to_be_read
                0x08012f7c       0x30 ./Core/Src/usart_commsboard.o
                0x08012f7c                reply_qaqc_data_ready_to_be_read
 .text.get_qaqc_reply_data_address
                0x08012fac       0x1c ./Core/Src/usart_commsboard.o
                0x08012fac                get_qaqc_reply_data_address
 .text.reverse_for_endianness
                0x08012fc8       0x82 ./Core/Src/usart_commsboard.o
                0x08012fc8                reverse_for_endianness
 .text.float_to_byte_array
                0x0801304a       0x32 ./Core/Src/usart_commsboard.o
                0x0801304a                float_to_byte_array
 .text.reply_qaqc_data
                0x0801307c      0x478 ./Core/Src/usart_commsboard.o
                0x0801307c                reply_qaqc_data
 .text.get_qaqc_data_waiting_to_read_flag_status
                0x080134f4       0x14 ./Core/Src/usart_commsboard.o
                0x080134f4                get_qaqc_data_waiting_to_read_flag_status
 .text.set_square_wave_data_save_status
                0x08013508       0x38 ./Core/Src/usart_commsboard.o
                0x08013508                set_square_wave_data_save_status
 .text.set_ph_heart_beat_style_status
                0x08013540       0x3c ./Core/Src/usart_commsboard.o
                0x08013540                set_ph_heart_beat_style_status
 .text.set_external_baud_rate_setting
                0x0801357c       0x34 ./Core/Src/usart_commsboard.o
                0x0801357c                set_external_baud_rate_setting
 .text.set_sensor_array_interval
                0x080135b0       0x3c ./Core/Src/usart_commsboard.o
                0x080135b0                set_sensor_array_interval
 .text.set_sensor_mode
                0x080135ec       0x1a ./Core/Src/usart_commsboard.o
                0x080135ec                set_sensor_mode
 *fill*         0x08013606        0x2 
 .text.set_autonomous_start_delay
                0x08013608       0x20 ./Core/Src/usart_commsboard.o
                0x08013608                set_autonomous_start_delay
 .text.set_sensor_serial_number
                0x08013628       0x18 ./Core/Src/usart_commsboard.o
                0x08013628                set_sensor_serial_number
 .text.set_sensor_ph_output_style
                0x08013640       0x38 ./Core/Src/usart_commsboard.o
                0x08013640                set_sensor_ph_output_style
 .text.set_system_immersion_rule
                0x08013678       0x38 ./Core/Src/usart_commsboard.o
                0x08013678                set_system_immersion_rule
 .text.set_fast_profiling
                0x080136b0       0x18 ./Core/Src/usart_commsboard.o
                0x080136b0                set_fast_profiling
 .text.set_use_sdcard
                0x080136c8       0x18 ./Core/Src/usart_commsboard.o
                0x080136c8                set_use_sdcard
 .text.set_power
                0x080136e0       0x18 ./Core/Src/usart_commsboard.o
                0x080136e0                set_power
 .text.set_salinity_range
                0x080136f8       0x18 ./Core/Src/usart_commsboard.o
                0x080136f8                set_salinity_range
 .text.set_phs_per_loop
                0x08013710       0x18 ./Core/Src/usart_commsboard.o
                0x08013710                set_phs_per_loop
 .text.set_sensor_temperature_calibration
                0x08013728       0x18 ./Core/Src/usart_commsboard.o
                0x08013728                set_sensor_temperature_calibration
 .text.set_sensor_name
                0x08013740       0x18 ./Core/Src/usart_commsboard.o
                0x08013740                set_sensor_name
 .text.set_sensor_sub_name
                0x08013758       0x18 ./Core/Src/usart_commsboard.o
                0x08013758                set_sensor_sub_name
 .text.get_stored_heart_beat_values_from_eeprom_to_global
                0x08013770       0x34 ./Core/Src/usart_commsboard.o
                0x08013770                get_stored_heart_beat_values_from_eeprom_to_global
 .text.set_anbsensors_or_alternate_head
                0x080137a4       0x40 ./Core/Src/usart_commsboard.o
                0x080137a4                set_anbsensors_or_alternate_head
 .text.set_interface
                0x080137e4       0x18 ./Core/Src/usart_commsboard.o
                0x080137e4                set_interface
 .text.reply_anbsensors_or_alternate_head
                0x080137fc       0x30 ./Core/Src/usart_commsboard.o
                0x080137fc                reply_anbsensors_or_alternate_head
 .text.reply_interface
                0x0801382c       0x30 ./Core/Src/usart_commsboard.o
                0x0801382c                reply_interface
 .text.reply_get_temperature
                0x0801385c       0x44 ./Core/Src/usart_commsboard.o
                0x0801385c                reply_get_temperature
 .text.system_get_temperature
                0x080138a0       0x70 ./Core/Src/usart_commsboard.o
                0x080138a0                system_get_temperature
 .text.reply_immersed_dry_status
                0x08013910       0x38 ./Core/Src/usart_commsboard.o
                0x08013910                reply_immersed_dry_status
 .text.reply_firmware_version
                0x08013948       0xc4 ./Core/Src/usart_commsboard.o
                0x08013948                reply_firmware_version
 .text.reply_fast_profiling
                0x08013a0c       0x30 ./Core/Src/usart_commsboard.o
                0x08013a0c                reply_fast_profiling
 .text.reply_use_sdcard
                0x08013a3c       0x30 ./Core/Src/usart_commsboard.o
                0x08013a3c                reply_use_sdcard
 .text.reply_power
                0x08013a6c       0x30 ./Core/Src/usart_commsboard.o
                0x08013a6c                reply_power
 .text.reply_salinity_range
                0x08013a9c       0x30 ./Core/Src/usart_commsboard.o
                0x08013a9c                reply_salinity_range
 .text.reply_phs_per_loop
                0x08013acc       0x30 ./Core/Src/usart_commsboard.o
                0x08013acc                reply_phs_per_loop
 .text.Reset_Handler
                0x08013afc       0x50 ./Core/Startup/startup_stm32g071rbtx.o
                0x08013afc                Reset_Handler
 .text.Default_Handler
                0x08013b4c        0x2 ./Core/Startup/startup_stm32g071rbtx.o
                0x08013b4c                USART3_4_LPUART1_IRQHandler
                0x08013b4c                TIM1_CC_IRQHandler
                0x08013b4c                ADC1_COMP_IRQHandler
                0x08013b4c                PVD_IRQHandler
                0x08013b4c                I2C1_IRQHandler
                0x08013b4c                RTC_TAMP_IRQHandler
                0x08013b4c                SPI1_IRQHandler
                0x08013b4c                EXTI2_3_IRQHandler
                0x08013b4c                I2C2_IRQHandler
                0x08013b4c                TIM3_IRQHandler
                0x08013b4c                EXTI4_15_IRQHandler
                0x08013b4c                RCC_IRQHandler
                0x08013b4c                Default_Handler
                0x08013b4c                CEC_IRQHandler
                0x08013b4c                TIM15_IRQHandler
                0x08013b4c                EXTI0_1_IRQHandler
                0x08013b4c                SPI2_IRQHandler
                0x08013b4c                WWDG_IRQHandler
                0x08013b4c                TIM2_IRQHandler
                0x08013b4c                DMA1_Ch4_7_DMAMUX1_OVR_IRQHandler
                0x08013b4c                DMA1_Channel2_3_IRQHandler
                0x08013b4c                UCPD1_2_IRQHandler
                0x08013b4c                USART2_IRQHandler
                0x08013b4c                FLASH_IRQHandler
                0x08013b4c                TIM1_BRK_UP_TRG_COM_IRQHandler
 *fill*         0x08013b4e        0x2 
 .text.HAL_Init
                0x08013b50       0x40 ./Drivers/STM32G0xx_HAL_Driver/Src/stm32g0xx_hal.o
                0x08013b50                HAL_Init
 .text.HAL_InitTick
                0x08013b90       0x94 ./Drivers/STM32G0xx_HAL_Driver/Src/stm32g0xx_hal.o
                0x08013b90                HAL_InitTick
 .text.HAL_IncTick
                0x08013c24       0x24 ./Drivers/STM32G0xx_HAL_Driver/Src/stm32g0xx_hal.o
                0x08013c24                HAL_IncTick
 .text.HAL_GetTick
                0x08013c48       0x14 ./Drivers/STM32G0xx_HAL_Driver/Src/stm32g0xx_hal.o
                0x08013c48                HAL_GetTick
 .text.HAL_Delay
                0x08013c5c       0x48 ./Drivers/STM32G0xx_HAL_Driver/Src/stm32g0xx_hal.o
                0x08013c5c                HAL_Delay
 .text.__NVIC_EnableIRQ
                0x08013ca4       0x34 ./Drivers/STM32G0xx_HAL_Driver/Src/stm32g0xx_hal_cortex.o
 .text.__NVIC_SetPriority
                0x08013cd8       0xdc ./Drivers/STM32G0xx_HAL_Driver/Src/stm32g0xx_hal_cortex.o
 .text.SysTick_Config
                0x08013db4       0x48 ./Drivers/STM32G0xx_HAL_Driver/Src/stm32g0xx_hal_cortex.o
 .text.HAL_NVIC_SetPriority
                0x08013dfc       0x2a ./Drivers/STM32G0xx_HAL_Driver/Src/stm32g0xx_hal_cortex.o
                0x08013dfc                HAL_NVIC_SetPriority
 .text.HAL_NVIC_EnableIRQ
                0x08013e26       0x20 ./Drivers/STM32G0xx_HAL_Driver/Src/stm32g0xx_hal_cortex.o
                0x08013e26                HAL_NVIC_EnableIRQ
 .text.HAL_SYSTICK_Config
                0x08013e46       0x1a ./Drivers/STM32G0xx_HAL_Driver/Src/stm32g0xx_hal_cortex.o
                0x08013e46                HAL_SYSTICK_Config
 .text.HAL_DMA_Init
                0x08013e60      0x114 ./Drivers/STM32G0xx_HAL_Driver/Src/stm32g0xx_hal_dma.o
                0x08013e60                HAL_DMA_Init
 .text.HAL_DMA_Start_IT
                0x08013f74      0x10c ./Drivers/STM32G0xx_HAL_Driver/Src/stm32g0xx_hal_dma.o
                0x08013f74                HAL_DMA_Start_IT
 .text.HAL_DMA_Abort
                0x08014080       0xc4 ./Drivers/STM32G0xx_HAL_Driver/Src/stm32g0xx_hal_dma.o
                0x08014080                HAL_DMA_Abort
 .text.HAL_DMA_Abort_IT
                0x08014144       0xd4 ./Drivers/STM32G0xx_HAL_Driver/Src/stm32g0xx_hal_dma.o
                0x08014144                HAL_DMA_Abort_IT
 .text.HAL_DMA_IRQHandler
                0x08014218      0x164 ./Drivers/STM32G0xx_HAL_Driver/Src/stm32g0xx_hal_dma.o
                0x08014218                HAL_DMA_IRQHandler
 .text.DMA_SetConfig
                0x0801437c       0x80 ./Drivers/STM32G0xx_HAL_Driver/Src/stm32g0xx_hal_dma.o
 .text.DMA_CalcDMAMUXChannelBaseAndMask
                0x080143fc       0x58 ./Drivers/STM32G0xx_HAL_Driver/Src/stm32g0xx_hal_dma.o
 .text.DMA_CalcDMAMUXRequestGenBaseAndMask
                0x08014454       0x48 ./Drivers/STM32G0xx_HAL_Driver/Src/stm32g0xx_hal_dma.o
 .text.HAL_GPIO_Init
                0x0801449c      0x2c8 ./Drivers/STM32G0xx_HAL_Driver/Src/stm32g0xx_hal_gpio.o
                0x0801449c                HAL_GPIO_Init
 .text.HAL_GPIO_ReadPin
                0x08014764       0x3a ./Drivers/STM32G0xx_HAL_Driver/Src/stm32g0xx_hal_gpio.o
                0x08014764                HAL_GPIO_ReadPin
 .text.HAL_GPIO_WritePin
                0x0801479e       0x3a ./Drivers/STM32G0xx_HAL_Driver/Src/stm32g0xx_hal_gpio.o
                0x0801479e                HAL_GPIO_WritePin
 .text.HAL_I2C_Init
                0x080147d8      0x12c ./Drivers/STM32G0xx_HAL_Driver/Src/stm32g0xx_hal_i2c.o
                0x080147d8                HAL_I2C_Init
 .text.HAL_I2CEx_ConfigAnalogFilter
                0x08014904       0x98 ./Drivers/STM32G0xx_HAL_Driver/Src/stm32g0xx_hal_i2c_ex.o
                0x08014904                HAL_I2CEx_ConfigAnalogFilter
 .text.HAL_I2CEx_ConfigDigitalFilter
                0x0801499c       0x98 ./Drivers/STM32G0xx_HAL_Driver/Src/stm32g0xx_hal_i2c_ex.o
                0x0801499c                HAL_I2CEx_ConfigDigitalFilter
 .text.HAL_PWR_EnableBkUpAccess
                0x08014a34       0x1c ./Drivers/STM32G0xx_HAL_Driver/Src/stm32g0xx_hal_pwr.o
                0x08014a34                HAL_PWR_EnableBkUpAccess
 .text.HAL_PWREx_ControlVoltageScaling
                0x08014a50       0x80 ./Drivers/STM32G0xx_HAL_Driver/Src/stm32g0xx_hal_pwr_ex.o
                0x08014a50                HAL_PWREx_ControlVoltageScaling
 .text.LL_RCC_GetAPB1Prescaler
                0x08014ad0       0x18 ./Drivers/STM32G0xx_HAL_Driver/Src/stm32g0xx_hal_rcc.o
 .text.HAL_RCC_OscConfig
                0x08014ae8      0x634 ./Drivers/STM32G0xx_HAL_Driver/Src/stm32g0xx_hal_rcc.o
                0x08014ae8                HAL_RCC_OscConfig
 .text.HAL_RCC_ClockConfig
                0x0801511c      0x210 ./Drivers/STM32G0xx_HAL_Driver/Src/stm32g0xx_hal_rcc.o
                0x0801511c                HAL_RCC_ClockConfig
 .text.HAL_RCC_GetSysClockFreq
                0x0801532c      0x104 ./Drivers/STM32G0xx_HAL_Driver/Src/stm32g0xx_hal_rcc.o
                0x0801532c                HAL_RCC_GetSysClockFreq
 .text.HAL_RCC_GetHCLKFreq
                0x08015430       0x14 ./Drivers/STM32G0xx_HAL_Driver/Src/stm32g0xx_hal_rcc.o
                0x08015430                HAL_RCC_GetHCLKFreq
 .text.HAL_RCC_GetPCLK1Freq
                0x08015444       0x2c ./Drivers/STM32G0xx_HAL_Driver/Src/stm32g0xx_hal_rcc.o
                0x08015444                HAL_RCC_GetPCLK1Freq
 .text.HAL_RCCEx_PeriphCLKConfig
                0x08015470      0x370 ./Drivers/STM32G0xx_HAL_Driver/Src/stm32g0xx_hal_rcc_ex.o
                0x08015470                HAL_RCCEx_PeriphCLKConfig
 .text.HAL_RTC_Init
                0x080157e0      0x144 ./Drivers/STM32G0xx_HAL_Driver/Src/stm32g0xx_hal_rtc.o
                0x080157e0                HAL_RTC_Init
 .text.HAL_RTC_WaitForSynchro
                0x08015924       0x4e ./Drivers/STM32G0xx_HAL_Driver/Src/stm32g0xx_hal_rtc.o
                0x08015924                HAL_RTC_WaitForSynchro
 .text.RTC_EnterInitMode
                0x08015972       0x84 ./Drivers/STM32G0xx_HAL_Driver/Src/stm32g0xx_hal_rtc.o
                0x08015972                RTC_EnterInitMode
 *fill*         0x080159f6        0x2 
 .text.RTC_ExitInitMode
                0x080159f8       0x88 ./Drivers/STM32G0xx_HAL_Driver/Src/stm32g0xx_hal_rtc.o
                0x080159f8                RTC_ExitInitMode
 .text.HAL_SPI_Init
                0x08015a80      0x170 ./Drivers/STM32G0xx_HAL_Driver/Src/stm32g0xx_hal_spi.o
                0x08015a80                HAL_SPI_Init
 .text.HAL_SPIEx_FlushRxFifo
                0x08015bf0       0x4c ./Drivers/STM32G0xx_HAL_Driver/Src/stm32g0xx_hal_spi_ex.o
                0x08015bf0                HAL_SPIEx_FlushRxFifo
 .text.HAL_TIM_Base_Init
                0x08015c3c       0xb0 ./Drivers/STM32G0xx_HAL_Driver/Src/stm32g0xx_hal_tim.o
                0x08015c3c                HAL_TIM_Base_Init
 .text.HAL_TIM_Base_Start_IT
                0x08015cec       0xb8 ./Drivers/STM32G0xx_HAL_Driver/Src/stm32g0xx_hal_tim.o
                0x08015cec                HAL_TIM_Base_Start_IT
 .text.HAL_TIM_Base_Stop_IT
                0x08015da4       0x5c ./Drivers/STM32G0xx_HAL_Driver/Src/stm32g0xx_hal_tim.o
                0x08015da4                HAL_TIM_Base_Stop_IT
 .text.HAL_TIM_IRQHandler
                0x08015e00      0x264 ./Drivers/STM32G0xx_HAL_Driver/Src/stm32g0xx_hal_tim.o
                0x08015e00                HAL_TIM_IRQHandler
 .text.HAL_TIM_OC_DelayElapsedCallback
                0x08016064       0x10 ./Drivers/STM32G0xx_HAL_Driver/Src/stm32g0xx_hal_tim.o
                0x08016064                HAL_TIM_OC_DelayElapsedCallback
 .text.HAL_TIM_IC_CaptureCallback
                0x08016074       0x10 ./Drivers/STM32G0xx_HAL_Driver/Src/stm32g0xx_hal_tim.o
                0x08016074                HAL_TIM_IC_CaptureCallback
 .text.HAL_TIM_PWM_PulseFinishedCallback
                0x08016084       0x10 ./Drivers/STM32G0xx_HAL_Driver/Src/stm32g0xx_hal_tim.o
                0x08016084                HAL_TIM_PWM_PulseFinishedCallback
 .text.HAL_TIM_TriggerCallback
                0x08016094       0x10 ./Drivers/STM32G0xx_HAL_Driver/Src/stm32g0xx_hal_tim.o
                0x08016094                HAL_TIM_TriggerCallback
 .text.TIM_Base_SetConfig
                0x080160a4      0x100 ./Drivers/STM32G0xx_HAL_Driver/Src/stm32g0xx_hal_tim.o
                0x080160a4                TIM_Base_SetConfig
 .text.HAL_TIMEx_MasterConfigSynchronization
                0x080161a4       0xdc ./Drivers/STM32G0xx_HAL_Driver/Src/stm32g0xx_hal_tim_ex.o
                0x080161a4                HAL_TIMEx_MasterConfigSynchronization
 .text.HAL_TIMEx_CommutCallback
                0x08016280       0x10 ./Drivers/STM32G0xx_HAL_Driver/Src/stm32g0xx_hal_tim_ex.o
                0x08016280                HAL_TIMEx_CommutCallback
 .text.HAL_TIMEx_BreakCallback
                0x08016290       0x10 ./Drivers/STM32G0xx_HAL_Driver/Src/stm32g0xx_hal_tim_ex.o
                0x08016290                HAL_TIMEx_BreakCallback
 .text.HAL_TIMEx_Break2Callback
                0x080162a0       0x10 ./Drivers/STM32G0xx_HAL_Driver/Src/stm32g0xx_hal_tim_ex.o
                0x080162a0                HAL_TIMEx_Break2Callback
 .text.HAL_UART_Transmit
                0x080162b0      0x138 ./Drivers/STM32G0xx_HAL_Driver/Src/stm32g0xx_hal_uart.o
                0x080162b0                HAL_UART_Transmit
 .text.HAL_UART_IRQHandler
                0x080163e8      0x64c ./Drivers/STM32G0xx_HAL_Driver/Src/stm32g0xx_hal_uart.o
                0x080163e8                HAL_UART_IRQHandler
 .text.HAL_UART_TxCpltCallback
                0x08016a34       0x10 ./Drivers/STM32G0xx_HAL_Driver/Src/stm32g0xx_hal_uart.o
                0x08016a34                HAL_UART_TxCpltCallback
 .text.HAL_UART_RxCpltCallback
                0x08016a44       0x10 ./Drivers/STM32G0xx_HAL_Driver/Src/stm32g0xx_hal_uart.o
                0x08016a44                HAL_UART_RxCpltCallback
 .text.HAL_UART_RxHalfCpltCallback
                0x08016a54       0x10 ./Drivers/STM32G0xx_HAL_Driver/Src/stm32g0xx_hal_uart.o
                0x08016a54                HAL_UART_RxHalfCpltCallback
 .text.HAL_UART_ErrorCallback
                0x08016a64       0x10 ./Drivers/STM32G0xx_HAL_Driver/Src/stm32g0xx_hal_uart.o
                0x08016a64                HAL_UART_ErrorCallback
 .text.UART_SetConfig
                0x08016a74      0x57c ./Drivers/STM32G0xx_HAL_Driver/Src/stm32g0xx_hal_uart.o
                0x08016a74                UART_SetConfig
 .text.UART_AdvFeatureConfig
                0x08016ff0      0x168 ./Drivers/STM32G0xx_HAL_Driver/Src/stm32g0xx_hal_uart.o
                0x08016ff0                UART_AdvFeatureConfig
 .text.UART_CheckIdleState
                0x08017158       0x9c ./Drivers/STM32G0xx_HAL_Driver/Src/stm32g0xx_hal_uart.o
                0x08017158                UART_CheckIdleState
 .text.UART_WaitOnFlagUntilTimeout
                0x080171f4      0x190 ./Drivers/STM32G0xx_HAL_Driver/Src/stm32g0xx_hal_uart.o
                0x080171f4                UART_WaitOnFlagUntilTimeout
 .text.UART_Start_Receive_DMA
                0x08017384      0x14c ./Drivers/STM32G0xx_HAL_Driver/Src/stm32g0xx_hal_uart.o
                0x08017384                UART_Start_Receive_DMA
 .text.UART_EndTxTransfer
                0x080174d0       0x80 ./Drivers/STM32G0xx_HAL_Driver/Src/stm32g0xx_hal_uart.o
 .text.UART_EndRxTransfer
                0x08017550       0xcc ./Drivers/STM32G0xx_HAL_Driver/Src/stm32g0xx_hal_uart.o
 .text.UART_DMAReceiveCplt
                0x0801761c      0x130 ./Drivers/STM32G0xx_HAL_Driver/Src/stm32g0xx_hal_uart.o
 .text.UART_DMARxHalfCplt
                0x0801774c       0x42 ./Drivers/STM32G0xx_HAL_Driver/Src/stm32g0xx_hal_uart.o
 .text.UART_DMAError
                0x0801778e       0x86 ./Drivers/STM32G0xx_HAL_Driver/Src/stm32g0xx_hal_uart.o
 .text.UART_DMAAbortOnError
                0x08017814       0x2e ./Drivers/STM32G0xx_HAL_Driver/Src/stm32g0xx_hal_uart.o
 .text.UART_EndTransmit_IT
                0x08017842       0x58 ./Drivers/STM32G0xx_HAL_Driver/Src/stm32g0xx_hal_uart.o
 *fill*         0x0801789a        0x2 
 .text.HAL_RS485Ex_Init
                0x0801789c       0xe4 ./Drivers/STM32G0xx_HAL_Driver/Src/stm32g0xx_hal_uart_ex.o
                0x0801789c                HAL_RS485Ex_Init
 .text.HAL_UARTEx_WakeupCallback
                0x08017980       0x10 ./Drivers/STM32G0xx_HAL_Driver/Src/stm32g0xx_hal_uart_ex.o
                0x08017980                HAL_UARTEx_WakeupCallback
 .text.HAL_UARTEx_RxFifoFullCallback
                0x08017990       0x10 ./Drivers/STM32G0xx_HAL_Driver/Src/stm32g0xx_hal_uart_ex.o
                0x08017990                HAL_UARTEx_RxFifoFullCallback
 .text.HAL_UARTEx_TxFifoEmptyCallback
                0x080179a0       0x10 ./Drivers/STM32G0xx_HAL_Driver/Src/stm32g0xx_hal_uart_ex.o
                0x080179a0                HAL_UARTEx_TxFifoEmptyCallback
 .text.HAL_UARTEx_DisableFifoMode
                0x080179b0       0x74 ./Drivers/STM32G0xx_HAL_Driver/Src/stm32g0xx_hal_uart_ex.o
                0x080179b0                HAL_UARTEx_DisableFifoMode
 .text.HAL_UARTEx_SetTxFifoThreshold
                0x08017a24       0x7e ./Drivers/STM32G0xx_HAL_Driver/Src/stm32g0xx_hal_uart_ex.o
                0x08017a24                HAL_UARTEx_SetTxFifoThreshold
 *fill*         0x08017aa2        0x2 
 .text.HAL_UARTEx_SetRxFifoThreshold
                0x08017aa4       0x84 ./Drivers/STM32G0xx_HAL_Driver/Src/stm32g0xx_hal_uart_ex.o
                0x08017aa4                HAL_UARTEx_SetRxFifoThreshold
 .text.HAL_UARTEx_ReceiveToIdle_DMA
                0x08017b28       0xd0 ./Drivers/STM32G0xx_HAL_Driver/Src/stm32g0xx_hal_uart_ex.o
                0x08017b28                HAL_UARTEx_ReceiveToIdle_DMA
 .text.UARTEx_SetNbDataToProcess
                0x08017bf8       0xbc ./Drivers/STM32G0xx_HAL_Driver/Src/stm32g0xx_hal_uart_ex.o
 .text.malloc   0x08017cb4       0x14 C:/ST/STM32CubeIDE_1.12.0/STM32CubeIDE/plugins/com.st.stm32cube.ide.mcu.externaltools.gnu-tools-for-stm32.13.3.rel1.win32_1.0.0.202411081344/tools/bin/../lib/gcc/arm-none-eabi/13.3.1/../../../../arm-none-eabi/lib/thumb/v6-m/nofp\libc_nano.a(libc_a-malloc.o)
                0x08017cb4                malloc
 .text.free     0x08017cc8       0x14 C:/ST/STM32CubeIDE_1.12.0/STM32CubeIDE/plugins/com.st.stm32cube.ide.mcu.externaltools.gnu-tools-for-stm32.13.3.rel1.win32_1.0.0.202411081344/tools/bin/../lib/gcc/arm-none-eabi/13.3.1/../../../../arm-none-eabi/lib/thumb/v6-m/nofp\libc_nano.a(libc_a-malloc.o)
                0x08017cc8                free
 .text.sbrk_aligned
                0x08017cdc       0x44 C:/ST/STM32CubeIDE_1.12.0/STM32CubeIDE/plugins/com.st.stm32cube.ide.mcu.externaltools.gnu-tools-for-stm32.13.3.rel1.win32_1.0.0.202411081344/tools/bin/../lib/gcc/arm-none-eabi/13.3.1/../../../../arm-none-eabi/lib/thumb/v6-m/nofp\libc_nano.a(libc_a-mallocr.o)
 .text._malloc_r
                0x08017d20      0x100 C:/ST/STM32CubeIDE_1.12.0/STM32CubeIDE/plugins/com.st.stm32cube.ide.mcu.externaltools.gnu-tools-for-stm32.13.3.rel1.win32_1.0.0.202411081344/tools/bin/../lib/gcc/arm-none-eabi/13.3.1/../../../../arm-none-eabi/lib/thumb/v6-m/nofp\libc_nano.a(libc_a-mallocr.o)
                0x08017d20                _malloc_r
 .text.__malloc_lock
                0x08017e20       0x10 C:/ST/STM32CubeIDE_1.12.0/STM32CubeIDE/plugins/com.st.stm32cube.ide.mcu.externaltools.gnu-tools-for-stm32.13.3.rel1.win32_1.0.0.202411081344/tools/bin/../lib/gcc/arm-none-eabi/13.3.1/../../../../arm-none-eabi/lib/thumb/v6-m/nofp\libc_nano.a(libc_a-mlock.o)
                0x08017e20                __malloc_lock
 .text.__malloc_unlock
                0x08017e30       0x10 C:/ST/STM32CubeIDE_1.12.0/STM32CubeIDE/plugins/com.st.stm32cube.ide.mcu.externaltools.gnu-tools-for-stm32.13.3.rel1.win32_1.0.0.202411081344/tools/bin/../lib/gcc/arm-none-eabi/13.3.1/../../../../arm-none-eabi/lib/thumb/v6-m/nofp\libc_nano.a(libc_a-mlock.o)
                0x08017e30                __malloc_unlock
 .text.srand    0x08017e40       0x60 C:/ST/STM32CubeIDE_1.12.0/STM32CubeIDE/plugins/com.st.stm32cube.ide.mcu.externaltools.gnu-tools-for-stm32.13.3.rel1.win32_1.0.0.202411081344/tools/bin/../lib/gcc/arm-none-eabi/13.3.1/../../../../arm-none-eabi/lib/thumb/v6-m/nofp\libc_nano.a(libc_a-rand.o)
                0x08017e40                srand
 .text.rand     0x08017ea0       0x7c C:/ST/STM32CubeIDE_1.12.0/STM32CubeIDE/plugins/com.st.stm32cube.ide.mcu.externaltools.gnu-tools-for-stm32.13.3.rel1.win32_1.0.0.202411081344/tools/bin/../lib/gcc/arm-none-eabi/13.3.1/../../../../arm-none-eabi/lib/thumb/v6-m/nofp\libc_nano.a(libc_a-rand.o)
                0x08017ea0                rand
 .text.swapfunc
                0x08017f1c       0x2e C:/ST/STM32CubeIDE_1.12.0/STM32CubeIDE/plugins/com.st.stm32cube.ide.mcu.externaltools.gnu-tools-for-stm32.13.3.rel1.win32_1.0.0.202411081344/tools/bin/../lib/gcc/arm-none-eabi/13.3.1/../../../../arm-none-eabi/lib/thumb/v6-m/nofp\libc_nano.a(libc_a-qsort.o)
 .text.med3.constprop.0