Archive member included to satisfy reference by file (symbol)

C:/ST/STM32CubeIDE_1.12.0/STM32CubeIDE/plugins/com.st.stm32cube.ide.mcu.externaltools.gnu-tools-for-stm32.13.3.rel1.win32_1.0.0.202411081344/tools/bin/../lib/gcc/arm-none-eabi/13.3.1/../../../../arm-none-eabi/lib/thumb/v6-m/nofp\libc_nano.a(libc_a-exit.o)
                              C:/ST/STM32CubeIDE_1.12.0/STM32CubeIDE/plugins/com.st.stm32cube.ide.mcu.externaltools.gnu-tools-for-stm32.13.3.rel1.win32_1.0.0.202411081344/tools/bin/../lib/gcc/arm-none-eabi/13.3.1/../../../../arm-none-eabi/lib/thumb/v6-m/nofp/crt0.o (exit)
C:/ST/STM32CubeIDE_1.12.0/STM32CubeIDE/plugins/com.st.stm32cube.ide.mcu.externaltools.gnu-tools-for-stm32.13.3.rel1.win32_1.0.0.202411081344/tools/bin/../lib/gcc/arm-none-eabi/13.3.1/../../../../arm-none-eabi/lib/thumb/v6-m/nofp\libc_nano.a(libc_a-malloc.o)
                              ./Core/Src/data_smoothing.o (malloc)
C:/ST/STM32CubeIDE_1.12.0/STM32CubeIDE/plugins/com.st.stm32cube.ide.mcu.externaltools.gnu-tools-for-stm32.13.3.rel1.win32_1.0.0.202411081344/tools/bin/../lib/gcc/arm-none-eabi/13.3.1/../../../../arm-none-eabi/lib/thumb/v6-m/nofp\libc_nano.a(libc_a-mallocr.o)
                              C:/ST/STM32CubeIDE_1.12.0/STM32CubeIDE/plugins/com.st.stm32cube.ide.mcu.externaltools.gnu-tools-for-stm32.13.3.rel1.win32_1.0.0.202411081344/tools/bin/../lib/gcc/arm-none-eabi/13.3.1/../../../../arm-none-eabi/lib/thumb/v6-m/nofp\libc_nano.a(libc_a-malloc.o) (_malloc_r)
C:/ST/STM32CubeIDE_1.12.0/STM32CubeIDE/plugins/com.st.stm32cube.ide.mcu.externaltools.gnu-tools-for-stm32.13.3.rel1.win32_1.0.0.202411081344/tools/bin/../lib/gcc/arm-none-eabi/13.3.1/../../../../arm-none-eabi/lib/thumb/v6-m/nofp\libc_nano.a(libc_a-mlock.o)
                              C:/ST/STM32CubeIDE_1.12.0/STM32CubeIDE/plugins/com.st.stm32cube.ide.mcu.externaltools.gnu-tools-for-stm32.13.3.rel1.win32_1.0.0.202411081344/tools/bin/../lib/gcc/arm-none-eabi/13.3.1/../../../../arm-none-eabi/lib/thumb/v6-m/nofp\libc_nano.a(libc_a-mallocr.o) (__malloc_lock)
C:/ST/STM32CubeIDE_1.12.0/STM32CubeIDE/plugins/com.st.stm32cube.ide.mcu.externaltools.gnu-tools-for-stm32.13.3.rel1.win32_1.0.0.202411081344/tools/bin/../lib/gcc/arm-none-eabi/13.3.1/../../../../arm-none-eabi/lib/thumb/v6-m/nofp\libc_nano.a(libc_a-rand.o)
                              ./Core/Src/tasktable_init.o (srand)
C:/ST/STM32CubeIDE_1.12.0/STM32CubeIDE/plugins/com.st.stm32cube.ide.mcu.externaltools.gnu-tools-for-stm32.13.3.rel1.win32_1.0.0.202411081344/tools/bin/../lib/gcc/arm-none-eabi/13.3.1/../../../../arm-none-eabi/lib/thumb/v6-m/nofp\libc_nano.a(libc_a-qsort.o)
                              ./Core/Src/calculate_ph.o (qsort)
C:/ST/STM32CubeIDE_1.12.0/STM32CubeIDE/plugins/com.st.stm32cube.ide.mcu.externaltools.gnu-tools-for-stm32.13.3.rel1.win32_1.0.0.202411081344/tools/bin/../lib/gcc/arm-none-eabi/13.3.1/../../../../arm-none-eabi/lib/thumb/v6-m/nofp\libc_nano.a(libc_a-findfp.o)
                              C:/ST/STM32CubeIDE_1.12.0/STM32CubeIDE/plugins/com.st.stm32cube.ide.mcu.externaltools.gnu-tools-for-stm32.13.3.rel1.win32_1.0.0.202411081344/tools/bin/../lib/gcc/arm-none-eabi/13.3.1/../../../../arm-none-eabi/lib/thumb/v6-m/nofp\libc_nano.a(libc_a-exit.o) (__stdio_exit_handler)
C:/ST/STM32CubeIDE_1.12.0/STM32CubeIDE/plugins/com.st.stm32cube.ide.mcu.externaltools.gnu-tools-for-stm32.13.3.rel1.win32_1.0.0.202411081344/tools/bin/../lib/gcc/arm-none-eabi/13.3.1/../../../../arm-none-eabi/lib/thumb/v6-m/nofp\libc_nano.a(libc_a-fwalk.o)
                              C:/ST/STM32CubeIDE_1.12.0/STM32CubeIDE/plugins/com.st.stm32cube.ide.mcu.externaltools.gnu-tools-for-stm32.13.3.rel1.win32_1.0.0.202411081344/tools/bin/../lib/gcc/arm-none-eabi/13.3.1/../../../../arm-none-eabi/lib/thumb/v6-m/nofp\libc_nano.a(libc_a-findfp.o) (_fwalk_sglue)
C:/ST/STM32CubeIDE_1.12.0/STM32CubeIDE/plugins/com.st.stm32cube.ide.mcu.externaltools.gnu-tools-for-stm32.13.3.rel1.win32_1.0.0.202411081344/tools/bin/../lib/gcc/arm-none-eabi/13.3.1/../../../../arm-none-eabi/lib/thumb/v6-m/nofp\libc_nano.a(libc_a-stdio.o)
                              C:/ST/STM32CubeIDE_1.12.0/STM32CubeIDE/plugins/com.st.stm32cube.ide.mcu.externaltools.gnu-tools-for-stm32.13.3.rel1.win32_1.0.0.202411081344/tools/bin/../lib/gcc/arm-none-eabi/13.3.1/../../../../arm-none-eabi/lib/thumb/v6-m/nofp\libc_nano.a(libc_a-findfp.o) (__sread)
C:/ST/STM32CubeIDE_1.12.0/STM32CubeIDE/plugins/com.st.stm32cube.ide.mcu.externaltools.gnu-tools-for-stm32.13.3.rel1.win32_1.0.0.202411081344/tools/bin/../lib/gcc/arm-none-eabi/13.3.1/../../../../arm-none-eabi/lib/thumb/v6-m/nofp\libc_nano.a(libc_a-memmove.o)
                              ./Core/Src/tasktable_init.o (memmove)
C:/ST/STM32CubeIDE_1.12.0/STM32CubeIDE/plugins/com.st.stm32cube.ide.mcu.externaltools.gnu-tools-for-stm32.13.3.rel1.win32_1.0.0.202411081344/tools/bin/../lib/gcc/arm-none-eabi/13.3.1/../../../../arm-none-eabi/lib/thumb/v6-m/nofp\libc_nano.a(libc_a-memset.o)
[...]
Memory Configuration

Name             Origin             Length             Attributes
RAM              0x20000000         0x00009000         xrw
FLASH            0x08008000         0x00018000         xr
*default*        0x00000000         0xffffffff

Linker script and memory map

LOAD C:/ST/STM32CubeIDE_1.12.0/STM32CubeIDE/plugins/com.st.stm32cube.ide.mcu.externaltools.gnu-tools-for-stm32.13.3.rel1.win32_1.0.0.202411081344/tools/bin/../lib/gcc/arm-none-eabi/13.3.1/thumb/v6-m/nofp/crti.o
LOAD C:/ST/STM32CubeIDE_1.12.0/STM32CubeIDE/plugins/com.st.stm32cube.ide.mcu.externaltools.gnu-tools-for-stm32.13.3.rel1.win32_1.0.0.202411081344/tools/bin/../lib/gcc/arm-none-eabi/13.3.1/thumb/v6-m/nofp/crtbegin.o
LOAD C:/ST/STM32CubeIDE_1.12.0/STM32CubeIDE/plugins/com.st.stm32cube.ide.mcu.externaltools.gnu-tools-for-stm32.13.3.rel1.win32_1.0.0.202411081344/tools/bin/../lib/gcc/arm-none-eabi/13.3.1/../../../../arm-none-eabi/lib/thumb/v6-m/nofp/crt0.o
LOAD ./Core/Src/adc_ad7766.o
LOAD ./Core/Src/adc_utility.o
LOAD ./Core/Src/calculate_ph.o
LOAD ./Core/Src/crc.o
LOAD ./Core/Src/crc_util.o
LOAD ./Core/Src/dac8562.o
LOAD ./Core/Src/data_smoothing.o
LOAD ./Core/Src/eeprom.o
LOAD ./Core/Src/eeprom_M95080.o
LOAD ./Core/Src/init.o
LOAD ./Core/Src/ioport.o
LOAD ./Core/Src/main.o
LOAD ./Core/Src/qaqc.o
LOAD ./Core/Src/salinity_conductivity.o
LOAD ./Core/Src/scan.o
LOAD ./Core/Src/stm32g0xx_hal_msp.o
LOAD ./Core/Src/stm32g0xx_it.o
LOAD ./Core/Src/subsystem.o
LOAD ./Core/Src/syscalls.o
LOAD ./Core/Src/sysmem.o
LOAD ./Core/Src/system_stm32g0xx.o
LOAD ./Core/Src/tasktable_init.o
LOAD ./Core/Src/tasktable_master.o
LOAD ./Core/Src/temperature.o
LOAD ./Core/Src/timer.o
LOAD ./Core/Src/usart_commsboard.o
LOAD ./Core/Startup/startup_stm32g071rbtx.o
LOAD ./Drivers/STM32G0xx_HAL_Driver/Src/stm32g0xx_hal.o
LOAD ./Drivers/STM32G0xx_HAL_Driver/Src/stm32g0xx_hal_cortex.o
LOAD ./Drivers/STM32G0xx_HAL_Driver/Src/stm32g0xx_hal_dma.o
LOAD ./Drivers/STM32G0xx_HAL_Driver/Src/stm32g0xx_hal_dma_ex.o
LOAD ./Drivers/STM32G0xx_HAL_Driver/Src/stm32g0xx_hal_exti.o
LOAD ./Drivers/STM32G0xx_HAL_Driver/Src/stm32g0xx_hal_flash.o
LOAD ./Drivers/STM32G0xx_HAL_Driver/Src/stm32g0xx_hal_flash_ex.o
LOAD ./Drivers/STM32G0xx_HAL_Driver/Src/stm32g0xx_hal_gpio.o
LOAD ./Drivers/STM32G0xx_HAL_Driver/Src/stm32g0xx_hal_i2c.o
LOAD ./Drivers/STM32G0xx_HAL_Driver/Src/stm32g0xx_hal_i2c_ex.o
LOAD ./Drivers/STM32G0xx_HAL_Driver/Src/stm32g0xx_hal_pwr.o
LOAD ./Drivers/STM32G0xx_HAL_Driver/Src/stm32g0xx_hal_pwr_ex.o
LOAD ./Drivers/STM32G0xx_HAL_Driver/Src/stm32g0xx_hal_rcc.o
LOAD ./Drivers/STM32G0xx_HAL_Driver/Src/stm32g0xx_hal_rcc_ex.o
LOAD ./Drivers/STM32G0xx_HAL_Driver/Src/stm32g0xx_hal_rtc.o
LOAD ./Drivers/STM32G0xx_HAL_Driver/Src/stm32g0xx_hal_rtc_ex.o
LOAD ./Drivers/STM32G0xx_HAL_Driver/Src/stm32g0xx_hal_spi.o
LOAD ./Drivers/STM32G0xx_HAL_Driver/Src/stm32g0xx_hal_spi_ex.o
LOAD ./Drivers/STM32G0xx_HAL_Driver/Src/stm32g0xx_hal_tim.o
LOAD ./Drivers/STM32G0xx_HAL_Driver/Src/stm32g0xx_hal_tim_ex.o
LOAD ./Drivers/STM32G0xx_HAL_Driver/Src/stm32g0xx_hal_uart.o
LOAD ./Drivers/STM32G0xx_HAL_Driver/Src/stm32g0xx_hal_uart_ex.o
LOAD ./Drivers/STM32G0xx_HAL_Driver/Src/stm32g0xx_ll_dma.o
LOAD ./Drivers/STM32G0xx_HAL_Driver/Src/stm32g0xx_ll_rcc.o
START GROUP
LOAD C:/ST/STM32CubeIDE_1.12.0/STM32CubeIDE/plugins/com.st.stm32cube.ide.mcu.externaltools.gnu-tools-for-stm32.13.3.rel1.win32_1.0.0.202411081344/tools/bin/../lib/gcc/arm-none-eabi/13.3.1/../../../../arm-none-eabi/lib/thumb/v6-m/nofp\libc_nano.a
LOAD C:/ST/STM32CubeIDE_1.12.0/STM32CubeIDE/plugins/com.st.stm32cube.ide.mcu.externaltools.gnu-tools-for-stm32.13.3.rel1.win32_1.0.0.202411081344/tools/bin/../lib/gcc/arm-none-eabi/13.3.1/../../../../arm-none-eabi/lib/thumb/v6-m/nofp\libm.a
END GROUP
START GROUP
LOAD C:/ST/STM32CubeIDE_1.12.0/STM32CubeIDE/plugins/com.st.stm32cube.ide.mcu.externaltools.gnu-tools-for-stm32.13.3.rel1.win32_1.0.0.202411081344/tools/bin/../lib/gcc/arm-none-eabi/13.3.1/thumb/v6-m/nofp\libgcc.a
LOAD C:/ST/STM32CubeIDE_1.12.0/STM32CubeIDE/plugins/com.st.stm32cube.ide.mcu.externaltools.gnu-tools-for-stm32.13.3.rel1.win32_1.0.0.202411081344/tools/bin/../lib/gcc/arm-none-eabi/13.3.1/../../../../arm-none-eabi/lib/thumb/v6-m/nofp\libc_nano.a
END GROUP
START GROUP
LOAD C:/ST/STM32CubeIDE_1.12.0/STM32CubeIDE/plugins/com.st.stm32cube.ide.mcu.externaltools.gnu-tools-for-stm32.13.3.rel1.win32_1.0.0.202411081344/tools/bin/../lib/gcc/arm-none-eabi/13.3.1/thumb/v6-m/nofp\libgcc.a
LOAD C:/ST/STM32CubeIDE_1.12.0/STM32CubeIDE/plugins/com.st.stm32cube.ide.mcu.externaltools.gnu-tools-for-stm32.13.3.rel1.win32_1.0.0.202411081344/tools/bin/../lib/gcc/arm-none-eabi/13.3.1/../../../../arm-none-eabi/lib/thumb/v6-m/nofp\libc_nano.a
LOAD C:/ST/STM32CubeIDE_1.12.0/STM32CubeIDE/plugins/com.st.stm32cube.ide.mcu.externaltools.gnu-tools-for-stm32.13.3.rel1.win32_1.0.0.202411081344/tools/bin/../lib/gcc/arm-none-eabi/13.3.1/../../../../arm-none-eabi/lib/thumb/v6-m/nofp\libnosys.a
END GROUP
START GROUP
LOAD C:/ST/STM32CubeIDE_1.12.0/STM32CubeIDE/plugins/com.st.stm32cube.ide.mcu.externaltools.gnu-tools-for-stm32.13.3.rel1.win32_1.0.0.202411081344/tools/bin/../lib/gcc/arm-none-eabi/13.3.1/thumb/v6-m/nofp\libgcc.a
LOAD C:/ST/STM32CubeIDE_1.12.0/STM32CubeIDE/plugins/com.st.stm32cube.ide.mcu.externaltools.gnu-tools-for-stm32.13.3.rel1.win32_1.0.0.202411081344/tools/bin/../lib/gcc/arm-none-eabi/13.3.1/../../../../arm-none-eabi/lib/thumb/v6-m/nofp\libc_nano.a
LOAD C:/ST/STM32CubeIDE_1.12.0/STM32CubeIDE/plugins/com.st.stm32cube.ide.mcu.externaltools.gnu-tools-for-stm32.13.3.rel1.win32_1.0.0.202411081344/tools/bin/../lib/gcc/arm-none-eabi/13.3.1/../../../../arm-none-eabi/lib/thumb/v6-m/nofp\libnosys.a
END GROUP
LOAD C:/ST/STM32CubeIDE_1.12.0/STM32CubeIDE/plugins/com.st.stm32cube.ide.mcu.externaltools.gnu-tools-for-stm32.13.3.rel1.win32_1.0.0.202411081344/tools/bin/../lib/gcc/arm-none-eabi/13.3.1/thumb/v6-m/nofp/crtend.o
LOAD C:/ST/STM32CubeIDE_1.12.0/STM32CubeIDE/plugins/com.st.stm32cube.ide.mcu.externaltools.gnu-tools-for-stm32.13.3.rel1.win32_1.0.0.202411081344/tools/bin/../lib/gcc/arm-none-eabi/13.3.1/thumb/v6-m/nofp/crtn.o
                0x20009000                        _estack = (ORIGIN (RAM) + LENGTH (RAM))
                0x00000200                        _Min_Heap_Size = 0x200
                0x00000400                        _Min_Stack_Size = 0x400

.isr_vector     0x08008000       0xbc
                0x08008000                        . = ALIGN (0x4)
 *(.isr_vector)
 .isr_vector    0x08008000       0xbc ./Core/Startup/startup_stm32g071rbtx.o
                0x08008000                g_pfnVectors
                0x080080bc                        . = ALIGN (0x4)

.text           0x080080bc    0x10cdc
                0x080080bc                        . = ALIGN (0x4)
 *(.text)
 .text          0x080080bc       0x48 C:/ST/STM32CubeIDE_1.12.0/STM32CubeIDE/plugins/com.st.stm32cube.ide.mcu.externaltools.gnu-tools-for-stm32.13.3.rel1.win32_1.0.0.202411081344/tools/bin/../lib/gcc/arm-none-eabi/13.3.1/thumb/v6-m/nofp/crtbegin.o
 .text          0x08008104       0x14 C:/ST/STM32CubeIDE_1.12.0/STM32CubeIDE/plugins/com.st.stm32cube.ide.mcu.externaltools.gnu-tools-for-stm32.13.3.rel1.win32_1.0.0.202411081344/tools/bin/../lib/gcc/arm-none-eabi/13.3.1/thumb/v6-m/nofp\libgcc.a(_thumb1_case_uqi.o)
                0x08008104                __gnu_thumb1_case_uqi
 .text          0x08008118       0x14 C:/ST/STM32CubeIDE_1.12.0/STM32CubeIDE/plugins/com.st.stm32cube.ide.mcu.externaltools.gnu-tools-for-stm32.13.3.rel1.win32_1.0.0.202411081344/tools/bin/../lib/gcc/arm-none-eabi/13.3.1/thumb/v6-m/nofp\libgcc.a(_thumb1_case_shi.o)
                0x08008118                __gnu_thumb1_case_shi
 .text          0x0800812c      0x114 C:/ST/STM32CubeIDE_1.12.0/STM32CubeIDE/plugins/com.st.stm32cube.ide.mcu.externaltools.gnu-tools-for-stm32.13.3.rel1.win32_1.0.0.202411081344/tools/bin/../lib/gcc/arm-none-eabi/13.3.1/thumb/v6-m/nofp\libgcc.a(_udivsi3.o)
                0x0800812c                __aeabi_uidiv
                0x0800812c                __udivsi3
                0x08008238                __aeabi_uidivmod
 .text          0x08008240      0x1d4 C:/ST/STM32CubeIDE_1.12.0/STM32CubeIDE/plugins/com.st.stm32cube.ide.mcu.externaltools.gnu-tools-for-stm32.13.3.rel1.win32_1.0.0.202411081344/tools/bin/../lib/gcc/arm-none-eabi/13.3.1/thumb/v6-m/nofp\libgcc.a(_divsi3.o)
                0x08008240                __divsi3
                0x08008240                __aeabi_idiv
                0x0800840c                __aeabi_idivmod
 .text          0x08008414        0x4 C:/ST/STM32CubeIDE_1.12.0/STM32CubeIDE/plugins/com.st.stm32cube.ide.mcu.externaltools.gnu-tools-for-stm32.13.3.rel1.win32_1.0.0.202411081344/tools/bin/../lib/gcc/arm-none-eabi/13.3.1/thumb/v6-m/nofp\libgcc.a(_dvmd_tls.o)
                0x08008414                __aeabi_idiv0
                0x08008414                __aeabi_ldiv0
 .text          0x08008418       0x7c C:/ST/STM32CubeIDE_1.12.0/STM32CubeIDE/plugins/com.st.stm32cube.ide.mcu.externaltools.gnu-tools-for-stm32.13.3.rel1.win32_1.0.0.202411081344/tools/bin/../lib/gcc/arm-none-eabi/13.3.1/thumb/v6-m/nofp\libgcc.a(_arm_cmpdf2.o)
                0x08008418                __aeabi_cdrcmple
                0x08008428                __aeabi_cdcmple
                0x08008428                __aeabi_cdcmpeq
                0x08008438                __aeabi_dcmpeq
                0x08008444                __aeabi_dcmplt
                0x08008458                __aeabi_dcmple
                0x0800846c                __aeabi_dcmpgt
                0x08008480                __aeabi_dcmpge
 .text          0x08008494       0x74 C:/ST/STM32CubeIDE_1.12.0/STM32CubeIDE/plugins/com.st.stm32cube.ide.mcu.externaltools.gnu-tools-for-stm32.13.3.rel1.win32_1.0.0.202411081344/tools/bin/../lib/gcc/arm-none-eabi/13.3.1/thumb/v6-m/nofp\libgcc.a(_arm_cmpsf2.o)
                0x08008494                __aeabi_cfrcmple
                0x0800849c                __aeabi_cfcmpeq
                0x0800849c                __aeabi_cfcmple
                0x080084ac                __aeabi_fcmpeq
                0x080084b8                __aeabi_fcmplt
                0x080084cc                __aeabi_fcmple
                0x080084e0                __aeabi_fcmpgt
                0x080084f4                __aeabi_fcmpge
 .text          0x08008508       0x40 C:/ST/STM32CubeIDE_1.12.0/STM32CubeIDE/plugins/com.st.stm32cube.ide.mcu.externaltools.gnu-tools-for-stm32.13.3.rel1.win32_1.0.0.202411081344/tools/bin/../lib/gcc/arm-none-eabi/13.3.1/thumb/v6-m/nofp\libgcc.a(_aeabi_uldivmod.o)
                0x08008508                __aeabi_uldivmod
 .text          0x08008548       0x5c C:/ST/STM32CubeIDE_1.12.0/STM32CubeIDE/plugins/com.st.stm32cube.ide.mcu.externaltools.gnu-tools-for-stm32.13.3.rel1.win32_1.0.0.202411081344/tools/bin/../lib/gcc/arm-none-eabi/13.3.1/thumb/v6-m/nofp\libgcc.a(_muldi3.o)
                0x08008548                __muldi3
                0x08008548                __aeabi_lmul
 .text          0x080085a4       0x30 C:/ST/STM32CubeIDE_1.12.0/STM32CubeIDE/plugins/com.st.stm32cube.ide.mcu.externaltools.gnu-tools-for-stm32.13.3.rel1.win32_1.0.0.202411081344/tools/bin/../lib/gcc/arm-none-eabi/13.3.1/thumb/v6-m/nofp\libgcc.a(_fixunssfsi.o)
                0x080085a4                __fixunssfsi
                0x080085a4                __aeabi_f2uiz
 .text          0x080085d4       0x3c C:/ST/STM32CubeIDE_1.12.0/STM32CubeIDE/plugins/com.st.stm32cube.ide.mcu.externaltools.gnu-tools-for-stm32.13.3.rel1.win32_1.0.0.202411081344/tools/bin/../lib/gcc/arm-none-eabi/13.3.1/thumb/v6-m/nofp\libgcc.a(_fixunsdfsi.o)
                0x080085d4                __aeabi_d2uiz
                0x080085d4                __fixunsdfsi
 .text          0x08008610      0x198 C:/ST/STM32CubeIDE_1.12.0/STM32CubeIDE/plugins/com.st.stm32cube.ide.mcu.externaltools.gnu-tools-for-stm32.13.3.rel1.win32_1.0.0.202411081344/tools/bin/../lib/gcc/arm-none-eabi/13.3.1/thumb/v6-m/nofp\libgcc.a(_udivmoddi4.o)
                0x08008610                __udivmoddi4
 .text          0x080087a8      0x3e4 C:/ST/STM32CubeIDE_1.12.0/STM32CubeIDE/plugins/com.st.stm32cube.ide.mcu.externaltools.gnu-tools-for-stm32.13.3.rel1.win32_1.0.0.202411081344/tools/bin/../lib/gcc/arm-none-eabi/13.3.1/thumb/v6-m/nofp\libgcc.a(addsf3.o)
                0x080087a8                __aeabi_fadd
 .text          0x08008b8c      0x22c C:/ST/STM32CubeIDE_1.12.0/STM32CubeIDE/plugins/com.st.stm32cube.ide.mcu.externaltools.gnu-tools-for-stm32.13.3.rel1.win32_1.0.0.202411081344/tools/bin/../lib/gcc/arm-none-eabi/13.3.1/thumb/v6-m/nofp\libgcc.a(divsf3.o)
                0x08008b8c                __aeabi_fdiv
 .text          0x08008db8       0x50 C:/ST/STM32CubeIDE_1.12.0/STM32CubeIDE/plugins/com.st.stm32cube.ide.mcu.externaltools.gnu-tools-for-stm32.13.3.rel1.win32_1.0.0.202411081344/tools/bin/../lib/gcc/arm-none-eabi/13.3.1/thumb/v6-m/nofp\libgcc.a(eqsf2.o)
                0x08008db8                __eqsf2
                0x08008db8                __nesf2
 .text          0x08008e08       0x90 C:/ST/STM32CubeIDE_1.12.0/STM32CubeIDE/plugins/com.st.stm32cube.ide.mcu.externaltools.gnu-tools-for-stm32.13.3.rel1.win32_1.0.0.202411081344/tools/bin/../lib/gcc/arm-none-eabi/13.3.1/thumb/v6-m/nofp\libgcc.a(gesf2.o)
                0x08008e08                __gesf2
                0x08008e08                __gtsf2
 .text          0x08008e98       0x90 C:/ST/STM32CubeIDE_1.12.0/STM32CubeIDE/plugins/com.st.stm32cube.ide.mcu.externaltools.gnu-tools-for-stm32.13.3.rel1.win32_1.0.0.202411081344/tools/bin/../lib/gcc/arm-none-eabi/13.3.1/thumb/v6-m/nofp\libgcc.a(lesf2.o)
                0x08008e98                __ltsf2
                0x08008e98                __lesf2
 .text          0x08008f28      0x2b4 C:/ST/STM32CubeIDE_1.12.0/STM32CubeIDE/plugins/com.st.stm32cube.ide.mcu.externaltools.gnu-tools-for-stm32.13.3.rel1.win32_1.0.0.202411081344/tools/bin/../lib/gcc/arm-none-eabi/13.3.1/thumb/v6-m/nofp\libgcc.a(mulsf3.o)
                0x08008f28                __aeabi_fmul
 .text          0x080091dc      0x4c8 C:/ST/STM32CubeIDE_1.12.0/STM32CubeIDE/plugins/com.st.stm32cube.ide.mcu.externaltools.gnu-tools-for-stm32.13.3.rel1.win32_1.0.0.202411081344/tools/bin/../lib/gcc/arm-none-eabi/13.3.1/thumb/v6-m/nofp\libgcc.a(subsf3.o)
                0x080091dc                __aeabi_fsub
 .text          0x080096a4       0x40 C:/ST/STM32CubeIDE_1.12.0/STM32CubeIDE/plugins/com.st.stm32cube.ide.mcu.externaltools.gnu-tools-for-stm32.13.3.rel1.win32_1.0.0.202411081344/tools/bin/../lib/gcc/arm-none-eabi/13.3.1/thumb/v6-m/nofp\libgcc.a(fixsfsi.o)
                0x080096a4                __aeabi_f2iz
 .text          0x080096e4       0xa0 C:/ST/STM32CubeIDE_1.12.0/STM32CubeIDE/plugins/com.st.stm32cube.ide.mcu.externaltools.gnu-tools-for-stm32.13.3.rel1.win32_1.0.0.202411081344/tools/bin/../lib/gcc/arm-none-eabi/13.3.1/thumb/v6-m/nofp\libgcc.a(floatsisf.o)
                0x080096e4                __aeabi_i2f
 .text          0x08009784       0x8c C:/ST/STM32CubeIDE_1.12.0/STM32CubeIDE/plugins/com.st.stm32cube.ide.mcu.externaltools.gnu-tools-for-stm32.13.3.rel1.win32_1.0.0.202411081344/tools/bin/../lib/gcc/arm-none-eabi/13.3.1/thumb/v6-m/nofp\libgcc.a(floatunsisf.o)
                0x08009784                __aeabi_ui2f
 .text          0x08009810      0x78c C:/ST/STM32CubeIDE_1.12.0/STM32CubeIDE/plugins/com.st.stm32cube.ide.mcu.externaltools.gnu-tools-for-stm32.13.3.rel1.win32_1.0.0.202411081344/tools/bin/../lib/gcc/arm-none-eabi/13.3.1/thumb/v6-m/nofp\libgcc.a(adddf3.o)
                0x08009810                __aeabi_dadd
 .text          0x08009f9c      0x630 C:/ST/STM32CubeIDE_1.12.0/STM32CubeIDE/plugins/com.st.stm32cube.ide.mcu.externaltools.gnu-tools-for-stm32.13.3.rel1.win32_1.0.0.202411081344/tools/bin/../lib/gcc/arm-none-eabi/13.3.1/thumb/v6-m/nofp\libgcc.a(divdf3.o)
                0x08009f9c                __aeabi_ddiv
 .text          0x0800a5cc       0x88 C:/ST/STM32CubeIDE_1.12.0/STM32CubeIDE/plugins/com.st.stm32cube.ide.mcu.externaltools.gnu-tools-for-stm32.13.3.rel1.win32_1.0.0.202411081344/tools/bin/../lib/gcc/arm-none-eabi/13.3.1/thumb/v6-m/nofp\libgcc.a(eqdf2.o)
                0x0800a5cc                __nedf2
                0x0800a5cc                __eqdf2
 .text          0x0800a654       0xe0 C:/ST/STM32CubeIDE_1.12.0/STM32CubeIDE/plugins/com.st.stm32cube.ide.mcu.externaltools.gnu-tools-for-stm32.13.3.rel1.win32_1.0.0.202411081344/tools/bin/../lib/gcc/arm-none-eabi/13.3.1/thumb/v6-m/nofp\libgcc.a(gedf2.o)
                0x0800a654                __gedf2
                0x0800a654                __gtdf2
 .text          0x0800a734       0xdc C:/ST/STM32CubeIDE_1.12.0/STM32CubeIDE/plugins/com.st.stm32cube.ide.mcu.externaltools.gnu-tools-for-stm32.13.3.rel1.win32_1.0.0.202411081344/tools/bin/../lib/gcc/arm-none-eabi/13.3.1/thumb/v6-m/nofp\libgcc.a(ledf2.o)
                0x0800a734                __ledf2
                0x0800a734                __ltdf2
 .text          0x0800a810      0x5cc C:/ST/STM32CubeIDE_1.12.0/STM32CubeIDE/plugins/com.st.stm32cube.ide.mcu.externaltools.gnu-tools-for-stm32.13.3.rel1.win32_1.0.0.202411081344/tools/bin/../lib/gcc/arm-none-eabi/13.3.1/thumb/v6-m/nofp\libgcc.a(muldf3.o)
                0x0800a810                __aeabi_dmul
 .text          0x0800addc      0x814 C:/ST/STM32CubeIDE_1.12.0/STM32CubeIDE/plugins/com.st.stm32cube.ide.mcu.externaltools.gnu-tools-for-stm32.13.3.rel1.win32_1.0.0.202411081344/tools/bin/../lib/gcc/arm-none-eabi/13.3.1/thumb/v6-m/nofp\libgcc.a(subdf3.o)
                0x0800addc                __aeabi_dsub
 .text          0x0800b5f0       0x44 C:/ST/STM32CubeIDE_1.12.0/STM32CubeIDE/plugins/com.st.stm32cube.ide.mcu.externaltools.gnu-tools-for-stm32.13.3.rel1.win32_1.0.0.202411081344/tools/bin/../lib/gcc/arm-none-eabi/13.3.1/thumb/v6-m/nofp\libgcc.a(unorddf2.o)
                0x0800b5f0                __aeabi_dcmpun
 .text          0x0800b634       0x78 C:/ST/STM32CubeIDE_1.12.0/STM32CubeIDE/plugins/com.st.stm32cube.ide.mcu.externaltools.gnu-tools-for-stm32.13.3.rel1.win32_1.0.0.202411081344/tools/bin/../lib/gcc/arm-none-eabi/13.3.1/thumb/v6-m/nofp\libgcc.a(fixdfsi.o)
                0x0800b634                __aeabi_d2iz
 .text          0x0800b6ac       0x5c C:/ST/STM32CubeIDE_1.12.0/STM32CubeIDE/plugins/com.st.stm32cube.ide.mcu.externaltools.gnu-tools-for-stm32.13.3.rel1.win32_1.0.0.202411081344/tools/bin/../lib/gcc/arm-none-eabi/13.3.1/thumb/v6-m/nofp\libgcc.a(floatsidf.o)
                0x0800b6ac                __aeabi_i2d
 .text          0x0800b708       0x48 C:/ST/STM32CubeIDE_1.12.0/STM32CubeIDE/plugins/com.st.stm32cube.ide.mcu.externaltools.gnu-tools-for-stm32.13.3.rel1.win32_1.0.0.202411081344/tools/bin/../lib/gcc/arm-none-eabi/13.3.1/thumb/v6-m/nofp\libgcc.a(floatunsidf.o)
                0x0800b708                __aeabi_ui2d
 .text          0x0800b750       0x90 C:/ST/STM32CubeIDE_1.12.0/STM32CubeIDE/plugins/com.st.stm32cube.ide.mcu.externaltools.gnu-tools-for-stm32.13.3.rel1.win32_1.0.0.202411081344/tools/bin/../lib/gcc/arm-none-eabi/13.3.1/thumb/v6-m/nofp\libgcc.a(extendsfdf2.o)
                0x0800b750                __aeabi_f2d
 .text          0x0800b7e0      0x104 C:/ST/STM32CubeIDE_1.12.0/STM32CubeIDE/plugins/com.st.stm32cube.ide.mcu.externaltools.gnu-tools-for-stm32.13.3.rel1.win32_1.0.0.202411081344/tools/bin/../lib/gcc/arm-none-eabi/13.3.1/thumb/v6-m/nofp\libgcc.a(truncdfsf2.o)
                0x0800b7e0                __aeabi_d2f
 .text          0x0800b8e4       0x3c C:/ST/STM32CubeIDE_1.12.0/STM32CubeIDE/plugins/com.st.stm32cube.ide.mcu.externaltools.gnu-tools-for-stm32.13.3.rel1.win32_1.0.0.202411081344/tools/bin/../lib/gcc/arm-none-eabi/13.3.1/thumb/v6-m/nofp\libgcc.a(_clzsi2.o)
                0x0800b8e4                __clzsi2
 .text          0x0800b920       0x18 C:/ST/STM32CubeIDE_1.12.0/STM32CubeIDE/plugins/com.st.stm32cube.ide.mcu.externaltools.gnu-tools-for-stm32.13.3.rel1.win32_1.0.0.202411081344/tools/bin/../lib/gcc/arm-none-eabi/13.3.1/thumb/v6-m/nofp\libgcc.a(_clzdi2.o)
                0x0800b920                __clzdi2
 *(.text*)
 .text.ad7766_init
                0x0800b938       0x40 ./Core/Src/adc_ad7766.o
                0x0800b938                ad7766_init
 .text.ad7766_convert
                0x0800b978       0x4c ./Core/Src/adc_ad7766.o
                0x0800b978                ad7766_convert
 .text.adc_utility_init
                0x0800b9c4       0x38 ./Core/Src/adc_utility.o
                0x0800b9c4                adc_utility_init
 .text.adc_convert_manipulate
                0x0800b9fc       0x14 ./Core/Src/adc_utility.o
                0x0800b9fc                adc_convert_manipulate
 .text.adc_convert_manipulate_vp
                0x0800ba10       0x20 ./Core/Src/adc_utility.o
                0x0800ba10                adc_convert_manipulate_vp
 .text.adc_conversion
                0x0800ba30       0x1e ./Core/Src/adc_utility.o
                0x0800ba30                adc_conversion
 *fill*         0x0800ba4e        0x2 
 .text.check_signal_size
                0x0800ba50      0x258 ./Core/Src/adc_utility.o
                0x0800ba50                check_signal_size
 .text.get_electrode_health_value
                0x0800bca8       0x9c ./Core/Src/calculate_ph.o
                0x0800bca8                get_electrode_health_value
 .text.clear_ph_array
                0x0800bd44       0x58 ./Core/Src/calculate_ph.o
                0x0800bd44                clear_ph_array
 .text.get_transducer_health
                0x0800bd9c      0x114 ./Core/Src/calculate_ph.o
                0x0800bd9c                get_transducer_health
 .text.clear_peak_potential_offsets
                0x0800beb0       0x18 ./Core/Src/calculate_ph.o
                0x0800beb0                clear_peak_potential_offsets
 .text.clear_electrode_health
                0x0800bec8       0x1c ./Core/Src/calculate_ph.o
                0x0800bec8                clear_electrode_health
 .text.set_default_gains
                0x0800bee4       0x2c ./Core/Src/calculate_ph.o
                0x0800bee4                set_default_gains
 .text.quadratic_fit_end_value
                0x0800bf10      0x230 ./Core/Src/calculate_ph.o
                0x0800bf10                quadratic_fit_end_value
 .text.median_of_three
                0x0800c140       0x94 ./Core/Src/calculate_ph.o
                0x0800c140                median_of_three
 .text.calculate_ph
                0x0800c1d4      0x2a4 ./Core/Src/calculate_ph.o
                0x0800c1d4                calculate_ph
 .text.calculate_scan_health
                0x0800c478       0xac ./Core/Src/calculate_ph.o
                0x0800c478                calculate_scan_health
 .text.calculate_ph_running_average_scan
                0x0800c524      0x70c ./Core/Src/calculate_ph.o
                0x0800c524                calculate_ph_running_average_scan
 .text.ModRTU_CRC
                0x0800cc30       0x38 ./Core/Src/crc.o
                0x0800cc30                ModRTU_CRC
 .text.crc_util_initialise
                0x0800cc68       0x10 ./Core/Src/crc_util.o
                0x0800cc68                crc_util_initialise
 .text.crc_calculate
                0x0800cc78       0x28 ./Core/Src/crc_util.o
                0x0800cc78                crc_calculate
 .text.crc_get_reversed_first_byte
                0x0800cca0       0x10 ./Core/Src/crc_util.o
                0x0800cca0                crc_get_reversed_first_byte
 .text.crc_get_reversed_second_byte
                0x0800ccb0       0x14 ./Core/Src/crc_util.o
                0x0800ccb0                crc_get_reversed_second_byte
 .text.write_to_dac
                0x0800ccc4       0x24 ./Core/Src/dac8562.o
 .text.dac8562_init
                0x0800cce8       0x5c ./Core/Src/dac8562.o
                0x0800cce8                dac8562_init
 .text.DAC_SET_A
                0x0800cd44       0x20 ./Core/Src/dac8562.o
                0x0800cd44                DAC_SET_A
 .text.DAC_SET_B
                0x0800cd64       0x20 ./Core/Src/dac8562.o
                0x0800cd64                DAC_SET_B
 .text.cmpfunc  0x0800cd84        0x8 ./Core/Src/data_smoothing.o
                0x0800cd84                cmpfunc
 .text.find_maximum
                0x0800cd8c       0x60 ./Core/Src/data_smoothing.o
                0x0800cd8c                find_maximum
 .text.find_minimum
                0x0800cdec       0x66 ./Core/Src/data_smoothing.o
                0x0800cdec                find_minimum
 .text.find_baseline_1
                0x0800ce52       0x66 ./Core/Src/data_smoothing.o
                0x0800ce52                find_baseline_1
 .text.find_baseline_2
                0x0800ceb8       0x66 ./Core/Src/data_smoothing.o
                0x0800ceb8                find_baseline_2
 *fill*         0x0800cf1e        0x2 
 .text.calculate_median
                0x0800cf20       0x20 ./Core/Src/data_smoothing.o
                0x0800cf20                calculate_median
 .text.get_signal_to_noise
                0x0800cf40       0x90 ./Core/Src/data_smoothing.o
                0x0800cf40                get_signal_to_noise
 .text.median_filter
                0x0800cfd0       0x88 ./Core/Src/data_smoothing.o
                0x0800cfd0                median_filter
 .text.box_filter
                0x0800d058       0x88 ./Core/Src/data_smoothing.o
                0x0800d058                box_filter
 .text.compute_local_scatter
                0x0800d0e0       0x3e ./Core/Src/data_smoothing.o
                0x0800d0e0                compute_local_scatter
 *fill*         0x0800d11e        0x2 
 .text.find_highest_qaqc
                0x0800d120       0x50 ./Core/Src/data_smoothing.o
                0x0800d120                find_highest_qaqc
 .text.find_closest_to_last_peak
                0x0800d170       0x74 ./Core/Src/data_smoothing.o
                0x0800d170                find_closest_to_last_peak
 .text.find_lowest_noise
                0x0800d1e4       0x48 ./Core/Src/data_smoothing.o
                0x0800d1e4                find_lowest_noise
 .text.find_peak
                0x0800d22c      0x4b0 ./Core/Src/data_smoothing.o
                0x0800d22c                find_peak
 .text.smoothing_function
                0x0800d6dc      0x68c ./Core/Src/data_smoothing.o
                0x0800d6dc                smoothing_function
 .text.eeprom_write_square_wave_data_save_status
                0x0800dd68        0xc ./Core/Src/eeprom.o
                0x0800dd68                eeprom_write_square_wave_data_save_status
 .text.eeprom_write_external_baud_rate_setting
                0x0800dd74        0xc ./Core/Src/eeprom.o
                0x0800dd74                eeprom_write_external_baud_rate_setting
 .text.eeprom_write_sensor_array_interval_setting
                0x0800dd80        0xc ./Core/Src/eeprom.o
                0x0800dd80                eeprom_write_sensor_array_interval_setting
 .text.eeprom_write_sensor_mode_setting
                0x0800dd8c        0xc ./Core/Src/eeprom.o
                0x0800dd8c                eeprom_write_sensor_mode_setting
 .text.eeprom_write_sensor_communication_style
                0x0800dd98        0xc ./Core/Src/eeprom.o
                0x0800dd98                eeprom_write_sensor_communication_style
 .text.eeprom_write_ph_output_style_setting
                0x0800dda4        0xc ./Core/Src/eeprom.o
                0x0800dda4                eeprom_write_ph_output_style_setting
 .text.eeprom_write_immersion_rule
                0x0800ddb0        0xc ./Core/Src/eeprom.o
                0x0800ddb0                eeprom_write_immersion_rule
 .text.eeprom_write_immersion_rule_interval
                0x0800ddbc        0xc ./Core/Src/eeprom.o
                0x0800ddbc                eeprom_write_immersion_rule_interval
 .text.eeprom_write_array_health
                0x0800ddc8       0x38 ./Core/Src/eeprom.o
                0x0800ddc8                eeprom_write_array_health
 .text.condition_check_sensor_autonomous_start_delay_setting
                0x0800de00       0x24 ./Core/Src/eeprom.o
                0x0800de00                condition_check_sensor_autonomous_start_delay_setting
 .text.eeprom_write_sensor_autonomous_start_delay_setting
                0x0800de24       0x1c ./Core/Src/eeprom.o
                0x0800de24                eeprom_write_sensor_autonomous_start_delay_setting
 .text.eeprom_read_sensor_autonomous_start_delay_setting
                0x0800de40       0x1a ./Core/Src/eeprom.o
                0x0800de40                eeprom_read_sensor_autonomous_start_delay_setting
 .text.eeprom_write_temperature_calibration_number
                0x0800de5a       0x26 ./Core/Src/eeprom.o
                0x0800de5a                eeprom_write_temperature_calibration_number
 .text.eeprom_write_sensor_name
                0x0800de80       0x3c ./Core/Src/eeprom.o
                0x0800de80                eeprom_write_sensor_name
 .text.eeprom_read_sensor_name
                0x0800debc       0x48 ./Core/Src/eeprom.o
                0x0800debc                eeprom_read_sensor_name
 .text.eeprom_write_sensor_sub_name
                0x0800df04       0x3c ./Core/Src/eeprom.o
                0x0800df04                eeprom_write_sensor_sub_name
 .text.eeprom_read_sensor_sub_name
                0x0800df40       0x48 ./Core/Src/eeprom.o
                0x0800df40                eeprom_read_sensor_sub_name
 .text.eeprom_write_heartbeat_output_style_setting
                0x0800df88        0xc ./Core/Src/eeprom.o
                0x0800df88                eeprom_write_heartbeat_output_style_setting
 .text.eeprom_write_system_modbus_address
                0x0800df94        0xe ./Core/Src/eeprom.o
                0x0800df94                eeprom_write_system_modbus_address
 .text.eeprom_read_system_modbus_address
                0x0800dfa2       0x18 ./Core/Src/eeprom.o
                0x0800dfa2                eeprom_read_system_modbus_address
 .text.eeprom_read_heartbeat_output_style_setting
                0x0800dfba       0x16 ./Core/Src/eeprom.o
                0x0800dfba                eeprom_read_heartbeat_output_style_setting
 .text.eeprom_save_peak_potential_offsets
                0x0800dfd0       0x50 ./Core/Src/eeprom.o
                0x0800dfd0                eeprom_save_peak_potential_offsets
 .text.eeprom_save_peak_potentials
                0x0800e020       0x54 ./Core/Src/eeprom.o
                0x0800e020                eeprom_save_peak_potentials
 .text.eeprom_save_qaqcs
                0x0800e074       0x54 ./Core/Src/eeprom.o
                0x0800e074                eeprom_save_qaqcs
 .text.eeprom_save_ph_peaks_loops
                0x0800e0c8       0x54 ./Core/Src/eeprom.o
                0x0800e0c8                eeprom_save_ph_peaks_loops
 .text.eeprom_save_iref_peaks_loops
                0x0800e11c       0x54 ./Core/Src/eeprom.o
                0x0800e11c                eeprom_save_iref_peaks_loops
 .text.eeprom_read_electrode_health
                0x0800e170       0x20 ./Core/Src/eeprom.o
                0x0800e170                eeprom_read_electrode_health
 .text.eeprom_save_electrode_health
                0x0800e190       0x24 ./Core/Src/eeprom.o
                0x0800e190                eeprom_save_electrode_health
 .text.eeprom_save_pulse_amplitudes
                0x0800e1b4       0x20 ./Core/Src/eeprom.o
                0x0800e1b4                eeprom_save_pulse_amplitudes
 .text.eeprom_save_clipped_at_gain
                0x0800e1d4       0x20 ./Core/Src/eeprom.o
                0x0800e1d4                eeprom_save_clipped_at_gain
 .text.eeprom_read_electrode_gains
                0x0800e1f4       0x34 ./Core/Src/eeprom.o
                0x0800e1f4                eeprom_read_electrode_gains
 .text.eeprom_save_electrode_gains
                0x0800e228       0x20 ./Core/Src/eeprom.o
                0x0800e228                eeprom_save_electrode_gains
 .text.eeprom_save_last_temperature
                0x0800e248       0x30 ./Core/Src/eeprom.o
                0x0800e248                eeprom_save_last_temperature
 .text.eeprom_save_last_passed_ph_qaqc
                0x0800e278       0x30 ./Core/Src/eeprom.o
                0x0800e278                eeprom_save_last_passed_ph_qaqc
 .text.eeprom_save_ph_running_average
                0x0800e2a8       0x30 ./Core/Src/eeprom.o
                0x0800e2a8                eeprom_save_ph_running_average
 .text.eeprom_save_ph_array
                0x0800e2d8       0x84 ./Core/Src/eeprom.o
                0x0800e2d8                eeprom_save_ph_array
 .text.eeprom_save_avg_iref_peak_potential
                0x0800e35c       0x30 ./Core/Src/eeprom.o
                0x0800e35c                eeprom_save_avg_iref_peak_potential
 .text.eeprom_save_avg_ph_peak_potential
                0x0800e38c       0x40 ./Core/Src/eeprom.o
                0x0800e38c                eeprom_save_avg_ph_peak_potential
 .text.eeprom_write_anbsensors_or_alternate_head
                0x0800e3cc        0xe ./Core/Src/eeprom.o
                0x0800e3cc                eeprom_write_anbsensors_or_alternate_head
 .text.eeprom_write_interface
                0x0800e3da        0xc ./Core/Src/eeprom.o
                0x0800e3da                eeprom_write_interface
 *fill*         0x0800e3e6        0x2 
 .text.eeprom_write_fast_profiling
                0x0800e3e8       0x10 ./Core/Src/eeprom.o
                0x0800e3e8                eeprom_write_fast_profiling
 .text.eeprom_write_use_sdcard
                0x0800e3f8        0xe ./Core/Src/eeprom.o
                0x0800e3f8                eeprom_write_use_sdcard
 .text.eeprom_write_power
                0x0800e406        0xe ./Core/Src/eeprom.o
                0x0800e406                eeprom_write_power
 .text.eeprom_write_salinity_range
                0x0800e414        0xe ./Core/Src/eeprom.o
                0x0800e414                eeprom_write_salinity_range
 .text.eeprom_write_phs_per_loop
                0x0800e422        0xe ./Core/Src/eeprom.o
                0x0800e422                eeprom_write_phs_per_loop
 .text.eeprom_write_fresh_electrodes
                0x0800e430        0xe ./Core/Src/eeprom.o
                0x0800e430                eeprom_write_fresh_electrodes
 .text.eeprom_write_loops_since_last_good_ph
                0x0800e43e        0xe ./Core/Src/eeprom.o
                0x0800e43e                eeprom_write_loops_since_last_good_ph
 .text.eeprom_write_loops_since_last_event
                0x0800e44c        0xe ./Core/Src/eeprom.o
                0x0800e44c                eeprom_write_loops_since_last_event
 .text.eeprom_write_loops_since_last_correction
                0x0800e45a        0xe ./Core/Src/eeprom.o
                0x0800e45a                eeprom_write_loops_since_last_correction
 .text.eeprom_write_loops_since_start
                0x0800e468        0xe ./Core/Src/eeprom.o
                0x0800e468                eeprom_write_loops_since_start
 .text.eeprom_write_next_set_electrode
                0x0800e476        0xe ./Core/Src/eeprom.o
                0x0800e476                eeprom_write_next_set_electrode
 .text.eeprom_write_loop_count
                0x0800e484       0x28 ./Core/Src/eeprom.o
                0x0800e484                eeprom_write_loop_count
 .text.reset_eeprom_settings
                0x0800e4ac       0x1e ./Core/Src/eeprom.o
                0x0800e4ac                reset_eeprom_settings
 .text.eeprom_write_sensor_serial_number
                0x0800e4ca       0x2c ./Core/Src/eeprom.o
                0x0800e4ca                eeprom_write_sensor_serial_number
 .text.eeprom_read_sensor_serial_number
                0x0800e4f6      0x100 ./Core/Src/eeprom.o
                0x0800e4f6                eeprom_read_sensor_serial_number
 .text.eeprom_write_iref_health
                0x0800e5f6        0xe ./Core/Src/eeprom.o
                0x0800e5f6                eeprom_write_iref_health
 .text.eeprom_write_iref_last_used
                0x0800e604        0xe ./Core/Src/eeprom.o
                0x0800e604                eeprom_write_iref_last_used
 .text.eeprom_write_iref_health_bad_count
                0x0800e612        0xe ./Core/Src/eeprom.o
                0x0800e612                eeprom_write_iref_health_bad_count
 .text.eeprom_write_scan_n_no_of_ph_electrodes
                0x0800e620       0x10 ./Core/Src/eeprom.o
                0x0800e620                eeprom_write_scan_n_no_of_ph_electrodes
 .text.eeprom_write_last_electrode_number
                0x0800e630       0x10 ./Core/Src/eeprom.o
                0x0800e630                eeprom_write_last_electrode_number
 .text.eeprom_read_driver_version
                0x0800e640       0x1a ./Core/Src/eeprom.o
                0x0800e640                eeprom_read_driver_version
 .text.eeprom_write_driver_version
                0x0800e65a        0xe ./Core/Src/eeprom.o
                0x0800e65a                eeprom_write_driver_version
 .text.eeprom_write_interface_version
                0x0800e668       0x1a ./Core/Src/eeprom.o
                0x0800e668                eeprom_write_interface_version
 .text.eeprom_read_byte_with_checks
                0x0800e682       0x48 ./Core/Src/eeprom.o
                0x0800e682                eeprom_read_byte_with_checks
 .text.eeprom_read_square_wave_data_save_status
                0x0800e6ca       0x10 ./Core/Src/eeprom.o
                0x0800e6ca                eeprom_read_square_wave_data_save_status
 .text.eeprom_read_external_baud_rate_setting
                0x0800e6da       0x10 ./Core/Src/eeprom.o
                0x0800e6da                eeprom_read_external_baud_rate_setting
 .text.eeprom_read_sensor_array_interval_setting
                0x0800e6ea       0x10 ./Core/Src/eeprom.o
                0x0800e6ea                eeprom_read_sensor_array_interval_setting
 .text.eeprom_read_sensor_mode_setting
                0x0800e6fa       0x10 ./Core/Src/eeprom.o
                0x0800e6fa                eeprom_read_sensor_mode_setting
 .text.eeprom_read_sensor_communication_style
                0x0800e70a       0x10 ./Core/Src/eeprom.o
                0x0800e70a                eeprom_read_sensor_communication_style
 .text.eeprom_read_ph_output_style_setting
                0x0800e71a       0x10 ./Core/Src/eeprom.o
                0x0800e71a                eeprom_read_ph_output_style_setting
 .text.eeprom_read_immersion_rule
                0x0800e72a       0x10 ./Core/Src/eeprom.o
                0x0800e72a                eeprom_read_immersion_rule
 .text.eeprom_read_immersion_rule_interval
                0x0800e73a       0x10 ./Core/Src/eeprom.o
                0x0800e73a                eeprom_read_immersion_rule_interval
 *fill*         0x0800e74a        0x2 
 .text.eeprom_read_clipped_at_gain
                0x0800e74c       0x28 ./Core/Src/eeprom.o
                0x0800e74c                eeprom_read_clipped_at_gain
 .text.eeprom_read_interface
                0x0800e774       0x10 ./Core/Src/eeprom.o
                0x0800e774                eeprom_read_interface
 .text.eeprom_read_fast_profiling
                0x0800e784       0x14 ./Core/Src/eeprom.o
                0x0800e784                eeprom_read_fast_profiling
 .text.eeprom_read_use_sdcard
                0x0800e798       0x12 ./Core/Src/eeprom.o
                0x0800e798                eeprom_read_use_sdcard
 .text.eeprom_read_power
                0x0800e7aa       0x12 ./Core/Src/eeprom.o
                0x0800e7aa                eeprom_read_power
 .text.eeprom_read_salinity_range
                0x0800e7bc       0x12 ./Core/Src/eeprom.o
                0x0800e7bc                eeprom_read_salinity_range
 .text.eeprom_read_phs_per_loop
                0x0800e7ce       0x12 ./Core/Src/eeprom.o
                0x0800e7ce                eeprom_read_phs_per_loop
 .text.eeprom_read_loops_since_last_good_ph
                0x0800e7e0       0x12 ./Core/Src/eeprom.o
                0x0800e7e0                eeprom_read_loops_since_last_good_ph
 .text.eeprom_read_loops_since_last_event
                0x0800e7f2       0x12 ./Core/Src/eeprom.o
                0x0800e7f2                eeprom_read_loops_since_last_event
 .text.eeprom_read_loops_since_last_correction
                0x0800e804       0x12 ./Core/Src/eeprom.o
                0x0800e804                eeprom_read_loops_since_last_correction
 .text.eeprom_read_loops_since_start
                0x0800e816       0x12 ./Core/Src/eeprom.o
                0x0800e816                eeprom_read_loops_since_start
 .text.eeprom_read_next_set_electrode
                0x0800e828       0x12 ./Core/Src/eeprom.o
                0x0800e828                eeprom_read_next_set_electrode
 .text.eeprom_read_loop_count
                0x0800e83a       0x38 ./Core/Src/eeprom.o
                0x0800e83a                eeprom_read_loop_count
 .text.eeprom_read_anbsensors_or_alternate_head
                0x0800e872       0x12 ./Core/Src/eeprom.o
                0x0800e872                eeprom_read_anbsensors_or_alternate_head
 .text.eeprom_read_iref_last_used
                0x0800e884       0x12 ./Core/Src/eeprom.o
                0x0800e884                eeprom_read_iref_last_used
 .text.eeprom_read_iref_health_bad_count
                0x0800e896       0x12 ./Core/Src/eeprom.o
                0x0800e896                eeprom_read_iref_health_bad_count
 .text.eeprom_read_scan_n_no_of_ph_electrodes
                0x0800e8a8       0x14 ./Core/Src/eeprom.o
                0x0800e8a8                eeprom_read_scan_n_no_of_ph_electrodes
 .text.eeprom_read_last_electrode_number
                0x0800e8bc       0x14 ./Core/Src/eeprom.o
                0x0800e8bc                eeprom_read_last_electrode_number
 .text.eeprom_get_float_from_eeprom_bytes
                0x0800e8d0       0x34 ./Core/Src/eeprom.o
                0x0800e8d0                eeprom_get_float_from_eeprom_bytes
 .text.eeprom_read_array_health
                0x0800e904       0x28 ./Core/Src/eeprom.o
                0x0800e904                eeprom_read_array_health
 .text.eeprom_read_peak_potential_offsets
                0x0800e92c       0x28 ./Core/Src/eeprom.o
                0x0800e92c                eeprom_read_peak_potential_offsets
 .text.eeprom_read_peak_potentials
                0x0800e954       0x2c ./Core/Src/eeprom.o
                0x0800e954                eeprom_read_peak_potentials
 .text.eeprom_read_qaqcs
                0x0800e980       0x2c ./Core/Src/eeprom.o
                0x0800e980                eeprom_read_qaqcs
 .text.eeprom_read_ph_peaks_loops
                0x0800e9ac       0x2c ./Core/Src/eeprom.o
                0x0800e9ac                eeprom_read_ph_peaks_loops
 .text.eeprom_read_iref_peaks_loops
                0x0800e9d8       0x2c ./Core/Src/eeprom.o
                0x0800e9d8                eeprom_read_iref_peaks_loops
 .text.eeprom_read_last_iref_peak_potential
                0x0800ea04        0xe ./Core/Src/eeprom.o
                0x0800ea04                eeprom_read_last_iref_peak_potential
 *fill*         0x0800ea12        0x2 
 .text.eeprom_read_ph_array
                0x0800ea14      0x108 ./Core/Src/eeprom.o
                0x0800ea14                eeprom_read_ph_array
 .text.eeprom_write_byte
                0x0800eb1c       0x58 ./Core/Src/eeprom_M95080.o
                0x0800eb1c                eeprom_write_byte
 .text.eeprom_read_byte
                0x0800eb74       0x3c ./Core/Src/eeprom_M95080.o
                0x0800eb74                eeprom_read_byte
 .text.eeprom_write_byte_with_readback_check
                0x0800ebb0       0x1c ./Core/Src/eeprom_M95080.o
                0x0800ebb0                eeprom_write_byte_with_readback_check
 .text.eeprom_write_buffer
                0x0800ebcc       0x60 ./Core/Src/eeprom_M95080.o
                0x0800ebcc                eeprom_write_buffer
 .text.eeprom_write_buffer_with_readback_check
                0x0800ec2c       0x38 ./Core/Src/eeprom_M95080.o
                0x0800ec2c                eeprom_write_buffer_with_readback_check
 .text.eeprom_erase_all
                0x0800ec64       0x2a ./Core/Src/eeprom_M95080.o
                0x0800ec64                eeprom_erase_all
 *fill*         0x0800ec8e        0x2 
 .text.board_init
                0x0800ec90      0x204 ./Core/Src/init.o
                0x0800ec90                board_init
 .text.ioport_set_pin_level
                0x0800ee94        0xa ./Core/Src/ioport.o
                0x0800ee94                ioport_set_pin_level
 .text.ioport_get_pin_level
                0x0800ee9e       0x10 ./Core/Src/ioport.o
                0x0800ee9e                ioport_get_pin_level
 *fill*         0x0800eeae        0x2 
 .text.SystemClock_Config
                0x0800eeb0       0x90 ./Core/Src/main.o
                0x0800eeb0                SystemClock_Config
 .text.startup.main
                0x0800ef40      0x470 ./Core/Src/main.o
                0x0800ef40                main
 .text.HAL_UARTEx_RxEventCallback
                0x0800f3b0       0x40 ./Core/Src/main.o
                0x0800f3b0                HAL_UARTEx_RxEventCallback
 .text.uart1_send_byte
                0x0800f3f0       0x18 ./Core/Src/main.o
                0x0800f3f0                uart1_send_byte
 .text.uart1_send_bytes
                0x0800f408       0x18 ./Core/Src/main.o
                0x0800f408                uart1_send_bytes
 .text.spi1_enable
                0x0800f420       0x14 ./Core/Src/main.o
                0x0800f420                spi1_enable
 .text.spi1_send_byte
                0x0800f434       0x18 ./Core/Src/main.o
                0x0800f434                spi1_send_byte
 .text.spi2_send_byte
                0x0800f44c       0x44 ./Core/Src/main.o
                0x0800f44c                spi2_send_byte
 .text.spi2_send_bytes
                0x0800f490       0x64 ./Core/Src/main.o
                0x0800f490                spi2_send_bytes
 .text.spi2_get_byte
                0x0800f4f4       0x50 ./Core/Src/main.o
                0x0800f4f4                spi2_get_byte
 .text.spi2_get_bytes
                0x0800f544       0x60 ./Core/Src/main.o
                0x0800f544                spi2_get_bytes
 .text.spi2_wait_for_eeprom_write_to_complete
                0x0800f5a4       0x38 ./Core/Src/main.o
                0x0800f5a4                spi2_wait_for_eeprom_write_to_complete
 .text.start_timer
                0x0800f5dc       0x4c ./Core/Src/main.o
                0x0800f5dc                start_timer
 .text.stop_timer
                0x0800f628       0x44 ./Core/Src/main.o
                0x0800f628                stop_timer
 .text.set_timer_period
                0x0800f66c       0x38 ./Core/Src/main.o
                0x0800f66c                set_timer_period
 .text.set_timer_count
                0x0800f6a4       0x38 ./Core/Src/main.o
                0x0800f6a4                set_timer_count
 .text.cpu_irq_enable
                0x0800f6dc        0x4 ./Core/Src/main.o
                0x0800f6dc                cpu_irq_enable
 .text.cpu_irq_disable
                0x0800f6e0        0x4 ./Core/Src/main.o
                0x0800f6e0                cpu_irq_disable
 .text.HAL_TIM_PeriodElapsedCallback
                0x0800f6e4       0x50 ./Core/Src/main.o
                0x0800f6e4                HAL_TIM_PeriodElapsedCallback
 .text.Error_Handler
                0x0800f734        0x4 ./Core/Src/main.o
                0x0800f734                Error_Handler
 .text.reset_qaqc_reply_data
                0x0800f738       0x80 ./Core/Src/qaqc.o
                0x0800f738                reset_qaqc_reply_data
 .text.calculate_salinity
                0x0800f7b8      0x100 ./Core/Src/salinity_conductivity.o
                0x0800f7b8                calculate_salinity
 .text.calculate_specific_conductivity
                0x0800f8b8       0x54 ./Core/Src/salinity_conductivity.o
                0x0800f8b8                calculate_specific_conductivity
 .text.calculate_actual_conductivity
                0x0800f90c       0x5c ./Core/Src/salinity_conductivity.o
                0x0800f90c                calculate_actual_conductivity
 .text.scan     0x0800f968      0xd0c ./Core/Src/scan.o
                0x0800f968                scan
 .text.HAL_MspInit
                0x08010674       0x30 ./Core/Src/stm32g0xx_hal_msp.o
                0x08010674                HAL_MspInit
 .text.HAL_I2C_MspInit
                0x080106a4       0x84 ./Core/Src/stm32g0xx_hal_msp.o
                0x080106a4                HAL_I2C_MspInit
 .text.HAL_RTC_MspInit
                0x08010728       0x5c ./Core/Src/stm32g0xx_hal_msp.o
                0x08010728                HAL_RTC_MspInit
 .text.HAL_SPI_MspInit
                0x08010784       0xa4 ./Core/Src/stm32g0xx_hal_msp.o
                0x08010784                HAL_SPI_MspInit
 .text.HAL_TIM_Base_MspInit
                0x08010828       0xe8 ./Core/Src/stm32g0xx_hal_msp.o
                0x08010828                HAL_TIM_Base_MspInit
 .text.HAL_UART_MspInit
                0x08010910       0xc8 ./Core/Src/stm32g0xx_hal_msp.o
                0x08010910                HAL_UART_MspInit
 .text.NMI_Handler
                0x080109d8        0x2 ./Core/Src/stm32g0xx_it.o
                0x080109d8                NMI_Handler
 .text.HardFault_Handler
                0x080109da        0x2 ./Core/Src/stm32g0xx_it.o
                0x080109da                HardFault_Handler
 .text.SVC_Handler
                0x080109dc        0x2 ./Core/Src/stm32g0xx_it.o
                0x080109dc                SVC_Handler
 .text.PendSV_Handler
                0x080109de        0x2 ./Core/Src/stm32g0xx_it.o
                0x080109de                PendSV_Handler
 .text.SysTick_Handler
                0x080109e0        0x8 ./Core/Src/stm32g0xx_it.o
                0x080109e0                SysTick_Handler
 .text.DMA1_Channel1_IRQHandler
                0x080109e8       0x10 ./Core/Src/stm32g0xx_it.o
                0x080109e8                DMA1_Channel1_IRQHandler
 .text.TIM6_DAC_LPTIM1_IRQHandler
                0x080109f8       0x10 ./Core/Src/stm32g0xx_it.o
                0x080109f8                TIM6_DAC_LPTIM1_IRQHandler
 .text.TIM7_LPTIM2_IRQHandler
                0x08010a08       0x10 ./Core/Src/stm32g0xx_it.o
                0x08010a08                TIM7_LPTIM2_IRQHandler
 .text.TIM14_IRQHandler
                0x08010a18       0x10 ./Core/Src/stm32g0xx_it.o
                0x08010a18                TIM14_IRQHandler
 .text.TIM16_IRQHandler
                0x08010a28       0x10 ./Core/Src/stm32g0xx_it.o
                0x08010a28                TIM16_IRQHandler
 .text.TIM17_IRQHandler
                0x08010a38       0x10 ./Core/Src/stm32g0xx_it.o
                0x08010a38                TIM17_IRQHandler
 .text.USART1_IRQHandler
                0x08010a48       0x10 ./Core/Src/stm32g0xx_it.o
                0x08010a48                USART1_IRQHandler
 .text.enable_analog_power_5v
                0x08010a58       0x14 ./Core/Src/subsystem.o
                0x08010a58                enable_analog_power_5v
 .text.disable_analog_power_5v
                0x08010a6c       0x14 ./Core/Src/subsystem.o
                0x08010a6c                disable_analog_power_5v
 .text.enable_analog_power_2v5
                0x08010a80       0x14 ./Core/Src/subsystem.o
                0x08010a80                enable_analog_power_2v5
 .text.disable_analog_power_2v5
                0x08010a94       0x14 ./Core/Src/subsystem.o
                0x08010a94                disable_analog_power_2v5
 .text.enable_analog_power_all
                0x08010aa8        0xc ./Core/Src/subsystem.o
                0x08010aa8                enable_analog_power_all
 .text.disable_analog_power_all
                0x08010ab4        0xc ./Core/Src/subsystem.o
                0x08010ab4                disable_analog_power_all
 .text.enable_dac_output_to_counter_electrode
                0x08010ac0       0x14 ./Core/Src/subsystem.o
                0x08010ac0                enable_dac_output_to_counter_electrode
 .text.enable_afe_2nd_gain_resistor
                0x08010ad4       0x14 ./Core/Src/subsystem.o
                0x08010ad4                enable_afe_2nd_gain_resistor
 .text.disable_afe_2nd_gain_resistor
                0x08010ae8       0x14 ./Core/Src/subsystem.o
                0x08010ae8                disable_afe_2nd_gain_resistor
 .text.enable_afe_3rd_gain_resistor
                0x08010afc       0x14 ./Core/Src/subsystem.o
                0x08010afc                enable_afe_3rd_gain_resistor
 .text.disable_afe_3rd_gain_resistor
                0x08010b10       0x14 ./Core/Src/subsystem.o
                0x08010b10                disable_afe_3rd_gain_resistor
 .text.enable_afe_4th_gain_resistor
                0x08010b24       0x14 ./Core/Src/subsystem.o
                0x08010b24                enable_afe_4th_gain_resistor
 .text.disable_afe_4th_gain_resistor
                0x08010b38       0x14 ./Core/Src/subsystem.o
                0x08010b38                disable_afe_4th_gain_resistor
 .text.enable_afe_5th_gain_resistor
                0x08010b4c       0x14 ./Core/Src/subsystem.o
                0x08010b4c                enable_afe_5th_gain_resistor
 .text.disable_afe_5th_gain_resistor
                0x08010b60       0x14 ./Core/Src/subsystem.o
                0x08010b60                disable_afe_5th_gain_resistor
 .text.enable_afe_all_gain_resistors
                0x08010b74       0x14 ./Core/Src/subsystem.o
                0x08010b74                enable_afe_all_gain_resistors
 .text.disable_afe_all_gain_resistors
                0x08010b88       0x14 ./Core/Src/subsystem.o
                0x08010b88                disable_afe_all_gain_resistors
 .text.disable_sensor_electrodes
                0x08010b9c      0x104 ./Core/Src/subsystem.o
                0x08010b9c                disable_sensor_electrodes
 .text.enable_water_detection
                0x08010ca0       0x2c ./Core/Src/subsystem.o
                0x08010ca0                enable_water_detection
 .text.disable_water_detection
                0x08010ccc       0x18 ./Core/Src/subsystem.o
                0x08010ccc                disable_water_detection
 .text.enable_ph_electrodes
                0x08010ce4      0x104 ./Core/Src/subsystem.o
                0x08010ce4                enable_ph_electrodes
 .text.enable_single_electrode
                0x08010de8       0xa8 ./Core/Src/subsystem.o
                0x08010de8                enable_single_electrode
 .text.enable_multielectrode_scan
                0x08010e90       0xe8 ./Core/Src/subsystem.o
                0x08010e90                enable_multielectrode_scan
 .text.enable_temperature_switch
                0x08010f78       0x18 ./Core/Src/subsystem.o
                0x08010f78                enable_temperature_switch
 .text._getpid  0x08010f90        0x4 ./Core/Src/syscalls.o
                0x08010f90                _getpid
 .text._kill    0x08010f94       0x10 ./Core/Src/syscalls.o
                0x08010f94                _kill
 .text._exit    0x08010fa4        0xc ./Core/Src/syscalls.o
                0x08010fa4                _exit
 .text._read    0x08010fb0       0x1a ./Core/Src/syscalls.o
                0x08010fb0                _read
 .text._write   0x08010fca       0x1a ./Core/Src/syscalls.o
                0x08010fca                _write
 .text._close   0x08010fe4        0x6 ./Core/Src/syscalls.o
                0x08010fe4                _close
 .text._fstat   0x08010fea        0xa ./Core/Src/syscalls.o
                0x08010fea                _fstat
 .text._isatty  0x08010ff4        0x4 ./Core/Src/syscalls.o
                0x08010ff4                _isatty
 .text._lseek   0x08010ff8        0x4 ./Core/Src/syscalls.o
                0x08010ff8                _lseek
 .text._sbrk    0x08010ffc       0x40 ./Core/Src/sysmem.o
                0x08010ffc                _sbrk
 .text.SystemInit
                0x0801103c        0x2 ./Core/Src/system_stm32g0xx.o
                0x0801103c                SystemInit
 *fill*         0x0801103e        0x2 
 .text.get_iref_sensor_number
                0x08011040       0x48 ./Core/Src/tasktable_init.o
                0x08011040                get_iref_sensor_number
 .text.task_get_electrode_gain
                0x08011088       0x18 ./Core/Src/tasktable_init.o
                0x08011088                task_get_electrode_gain
 .text.task_set_electrode_gain
                0x080110a0       0x64 ./Core/Src/tasktable_init.o
                0x080110a0                task_set_electrode_gain
 .text.get_first_iref_scan
                0x08011104       0x88 ./Core/Src/tasktable_init.o
                0x08011104                get_first_iref_scan
 .text.update_electrode_numbers
                0x0801118c      0x2c4 ./Core/Src/tasktable_init.o
                0x0801118c                update_electrode_numbers
 .text.get_first_ph_scan
                0x08011450      0x354 ./Core/Src/tasktable_init.o
                0x08011450                get_first_ph_scan
 .text.reset_pulse_amplitudes
                0x080117a4       0x18 ./Core/Src/tasktable_init.o
                0x080117a4                reset_pulse_amplitudes
 .text.reset_qaqcs
                0x080117bc       0x18 ./Core/Src/tasktable_init.o
                0x080117bc                reset_qaqcs
 .text.reset_peaks_loops
                0x080117d4       0x2c ./Core/Src/tasktable_init.o
                0x080117d4                reset_peaks_loops
 .text.reset_peak_potentials
                0x08011800       0x18 ./Core/Src/tasktable_init.o
                0x08011800                reset_peak_potentials
 .text.reset_clipped_at_gain
                0x08011818       0x18 ./Core/Src/tasktable_init.o
                0x08011818                reset_clipped_at_gain
 .text.reset_fresh_electrodes
                0x08011830       0x14 ./Core/Src/tasktable_init.o
                0x08011830                reset_fresh_electrodes
 .text.add_ph_peak_to_loop_array
                0x08011844       0x24 ./Core/Src/tasktable_init.o
                0x08011844                add_ph_peak_to_loop_array
 .text.add_iref_peak_to_loop_array
                0x08011868       0x24 ./Core/Src/tasktable_init.o
                0x08011868                add_iref_peak_to_loop_array
 .text.cmpfunc_d
                0x0801188c       0x32 ./Core/Src/tasktable_master.o
                0x0801188c                cmpfunc_d
 *fill*         0x080118be        0x2 
 .text.process_peak_potentials_after_scan
                0x080118c0      0x710 ./Core/Src/tasktable_master.o
                0x080118c0                process_peak_potentials_after_scan
 .text.update_iref_health_status
                0x08011fd0       0x30 ./Core/Src/tasktable_master.o
                0x08011fd0                update_iref_health_status
 .text.update_task_after_scan
                0x08012000      0x688 ./Core/Src/tasktable_master.o
                0x08012000                update_task_after_scan
 .text.calculate_peak_potential_offsets
                0x08012688      0x104 ./Core/Src/tasktable_master.o
                0x08012688                calculate_peak_potential_offsets
 .text.get_temperature
                0x0801278c       0xa8 ./Core/Src/temperature.o
                0x0801278c                get_temperature
 .text.calculate_temperature
                0x08012834      0x178 ./Core/Src/temperature.o
                0x08012834                calculate_temperature
 .text.VP_calculate_temperature
                0x080129ac       0xe0 ./Core/Src/temperature.o
                0x080129ac                VP_calculate_temperature
 .text.scan_settings_reset_flags
                0x08012a8c       0x1c ./Core/Src/timer.o
                0x08012a8c                scan_settings_reset_flags
 .text.scan_init
                0x08012aa8      0x19c ./Core/Src/timer.o
                0x08012aa8                scan_init
 .text.adc_positive_scan_cycle_processor
                0x08012c44       0x58 ./Core/Src/timer.o
                0x08012c44                adc_positive_scan_cycle_processor
 .text.adc_negative_scan_cycle_processor
                0x08012c9c       0x88 ./Core/Src/timer.o
                0x08012c9c                adc_negative_scan_cycle_processor
 .text.conditioning_timer_init
                0x08012d24       0x20 ./Core/Src/timer.o
                0x08012d24                conditioning_timer_init
 .text.timer_init
                0x08012d44       0x30 ./Core/Src/timer.o
                0x08012d44                timer_init
 .text.timer_calculate_counts
                0x08012d74       0x98 ./Core/Src/timer.o
                0x08012d74                timer_calculate_counts
 .text.measurement_timer_start
                0x08012e0c       0x64 ./Core/Src/timer.o
                0x08012e0c                measurement_timer_start
 .text.conditioning_timer_loop
                0x08012e70       0x3c ./Core/Src/timer.o
                0x08012e70                conditioning_timer_loop
 .text.scanning_in_progress
                0x08012eac        0xc ./Core/Src/timer.o
                0x08012eac                scanning_in_progress
 .text.measurement_dac_settings
                0x08012eb8       0x64 ./Core/Src/timer.o
                0x08012eb8                measurement_dac_settings
 .text.measurement_set_dac
                0x08012f1c       0x50 ./Core/Src/timer.o
                0x08012f1c                measurement_set_dac
 .text.conditioning_timer_start
                0x08012f6c      0x1b8 ./Core/Src/timer.o
                0x08012f6c                conditioning_timer_start
 .text.measurement_timer_stop
                0x08013124       0x70 ./Core/Src/timer.o
                0x08013124                measurement_timer_stop
 .text.calculate_dac_settings
                0x08013194      0x268 ./Core/Src/timer.o
                0x08013194                calculate_dac_settings
 .text.dac_positive_scan_cycle_processor
                0x080133fc       0x1c ./Core/Src/timer.o
                0x080133fc                dac_positive_scan_cycle_processor
 .text.dac_negative_scan_cycle_processor
                0x08013418       0x44 ./Core/Src/timer.o
                0x08013418                dac_negative_scan_cycle_processor
 .text.set_adc_data_address
                0x0801345c       0x38 ./Core/Src/timer.o
                0x0801345c                set_adc_data_address
 .text.condition_ref
                0x08013494       0xb4 ./Core/Src/timer.o
                0x08013494                condition_ref
 .text.precondition_ph_electrodes
                0x08013548       0x90 ./Core/Src/timer.o
                0x08013548                precondition_ph_electrodes
 .text.check_immersed_dry_status
                0x080135d8      0x138 ./Core/Src/timer.o
                0x080135d8                check_immersed_dry_status
 .text.clear_received_buffer
                0x08013710       0x24 ./Core/Src/usart_commsboard.o
                0x08013710                clear_received_buffer
 .text.send_one_dataframe_as_spi_slave
                0x08013734       0x5c ./Core/Src/usart_commsboard.o
                0x08013734                send_one_dataframe_as_spi_slave
 .text.convert_dac_potential_to_custom_bcd
                0x08013790       0xec ./Core/Src/usart_commsboard.o
                0x08013790                convert_dac_potential_to_custom_bcd
 .text.convert_dac_potential_to_custom_bcd_2_byte_qaqc
                0x0801387c       0xb0 ./Core/Src/usart_commsboard.o
                0x0801387c                convert_dac_potential_to_custom_bcd_2_byte_qaqc
 .text.send_data_as_spi_slave
                0x0801392c       0xbc ./Core/Src/usart_commsboard.o
                0x0801392c                send_data_as_spi_slave
 .text.reply_echo_data
                0x080139e8       0x1c ./Core/Src/usart_commsboard.o
                0x080139e8                reply_echo_data
 .text.send_reply
                0x08013a04       0x44 ./Core/Src/usart_commsboard.o
                0x08013a04                send_reply
 .text.reply_echo_data_board
                0x08013a48       0x3c ./Core/Src/usart_commsboard.o
                0x08013a48                reply_echo_data_board
 .text.reply_serial_number
                0x08013a84       0x28 ./Core/Src/usart_commsboard.o
                0x08013a84                reply_serial_number
 .text.reply_sensor_name
                0x08013aac       0x28 ./Core/Src/usart_commsboard.o
                0x08013aac                reply_sensor_name
 .text.reply_sensor_sub_name
                0x08013ad4       0x28 ./Core/Src/usart_commsboard.o
                0x08013ad4                reply_sensor_sub_name
 .text.reply_manufacturer_name
                0x08013afc       0x44 ./Core/Src/usart_commsboard.o
                0x08013afc                reply_manufacturer_name
 .text.reply_external_baud_rate
                0x08013b40       0x24 ./Core/Src/usart_commsboard.o
                0x08013b40                reply_external_baud_rate
 .text.reply_scan_n_number
                0x08013b64       0x24 ./Core/Src/usart_commsboard.o
                0x08013b64                reply_scan_n_number
 .text.reply_sensor_communication_style
                0x08013b88       0x24 ./Core/Src/usart_commsboard.o
                0x08013b88                reply_sensor_communication_style
 .text.reply_sensor_mode
                0x08013bac       0x24 ./Core/Src/usart_commsboard.o
                0x08013bac                reply_sensor_mode
 .text.reply_autonomous_start_delay
                0x08013bd0       0x28 ./Core/Src/usart_commsboard.o
                0x08013bd0                reply_autonomous_start_delay
 .text.reply_sensor_array_interval
                0x08013bf8       0x24 ./Core/Src/usart_commsboard.o
                0x08013bf8                reply_sensor_array_interval
 .text.reply_driver_version
                0x08013c1c       0x4c ./Core/Src/usart_commsboard.o
                0x08013c1c                reply_driver_version
 .text.reply_system_modbus_address
                0x08013c68       0x24 ./Core/Src/usart_commsboard.o
                0x08013c68                reply_system_modbus_address
 .text.set_system_modbus_address
                0x08013c8c       0x10 ./Core/Src/usart_commsboard.o
                0x08013c8c                set_system_modbus_address
 .text.reply_system_immersion_rule
                0x08013c9c       0x28 ./Core/Src/usart_commsboard.o
                0x08013c9c                reply_system_immersion_rule
 .text.reply_sensor_ph_output_style
                0x08013cc4       0x24 ./Core/Src/usart_commsboard.o
                0x08013cc4                reply_sensor_ph_output_style
 .text.reply_array_health
                0x08013ce8       0x24 ./Core/Src/usart_commsboard.o
                0x08013ce8                reply_array_health
 .text.reply_stop_scanning
                0x08013d0c       0x20 ./Core/Src/usart_commsboard.o
                0x08013d0c                reply_stop_scanning
 .text.reply_square_wave_data_save_status
                0x08013d2c       0x34 ./Core/Src/usart_commsboard.o
                0x08013d2c                reply_square_wave_data_save_status
 .text.reply_ph_heartbeat_style_status
                0x08013d60       0x34 ./Core/Src/usart_commsboard.o
                0x08013d60                reply_ph_heartbeat_style_status
 .text.reply_qaqc_data_ready_to_be_read
                0x08013d94       0x24 ./Core/Src/usart_commsboard.o
                0x08013d94                reply_qaqc_data_ready_to_be_read
 .text.get_qaqc_reply_data_address
                0x08013db8        0xc ./Core/Src/usart_commsboard.o
                0x08013db8                get_qaqc_reply_data_address
 .text.reverse_for_endianness
                0x08013dc4       0x22 ./Core/Src/usart_commsboard.o
                0x08013dc4                reverse_for_endianness
 .text.float_to_byte_array
                0x08013de6       0x18 ./Core/Src/usart_commsboard.o
                0x08013de6                float_to_byte_array
 *fill*         0x08013dfe        0x2 
 .text.reply_qaqc_data
                0x08013e00      0x2a0 ./Core/Src/usart_commsboard.o
                0x08013e00                reply_qaqc_data
 .text.get_qaqc_data_waiting_to_read_flag_status
                0x080140a0        0xc ./Core/Src/usart_commsboard.o
                0x080140a0                get_qaqc_data_waiting_to_read_flag_status
 .text.set_square_wave_data_save_status
                0x080140ac       0x1c ./Core/Src/usart_commsboard.o
                0x080140ac                set_square_wave_data_save_status
 .text.set_external_baud_rate_setting
                0x080140c8       0x18 ./Core/Src/usart_commsboard.o
                0x080140c8                set_external_baud_rate_setting
 .text.set_sensor_array_interval
                0x080140e0       0x1c ./Core/Src/usart_commsboard.o
                0x080140e0                set_sensor_array_interval
 .text.set_autonomous_start_delay
                0x080140fc       0x14 ./Core/Src/usart_commsboard.o
                0x080140fc                set_autonomous_start_delay
 .text.set_sensor_serial_number
                0x08014110       0x10 ./Core/Src/usart_commsboard.o
                0x08014110                set_sensor_serial_number
 .text.set_sensor_ph_output_style
                0x08014120       0x1c ./Core/Src/usart_commsboard.o
                0x08014120                set_sensor_ph_output_style
 .text.set_system_immersion_rule
                0x0801413c       0x18 ./Core/Src/usart_commsboard.o
                0x0801413c                set_system_immersion_rule
 .text.set_fast_profiling
                0x08014154       0x10 ./Core/Src/usart_commsboard.o
                0x08014154                set_fast_profiling
 .text.set_use_sdcard
                0x08014164       0x10 ./Core/Src/usart_commsboard.o
                0x08014164                set_use_sdcard
 .text.set_power
                0x08014174       0x10 ./Core/Src/usart_commsboard.o
                0x08014174                set_power
 .text.set_salinity_range
                0x08014184       0x10 ./Core/Src/usart_commsboard.o
                0x08014184                set_salinity_range
 .text.set_phs_per_loop
                0x08014194       0x10 ./Core/Src/usart_commsboard.o
                0x08014194                set_phs_per_loop
 .text.set_sensor_temperature_calibration
                0x080141a4       0x10 ./Core/Src/usart_commsboard.o
                0x080141a4                set_sensor_temperature_calibration
 .text.set_sensor_name
                0x080141b4       0x10 ./Core/Src/usart_commsboard.o
                0x080141b4                set_sensor_name
 .text.set_sensor_sub_name
                0x080141c4       0x10 ./Core/Src/usart_commsboard.o
                0x080141c4                set_sensor_sub_name
 .text.get_stored_heart_beat_values_from_eeprom_to_global
                0x080141d4       0x1c ./Core/Src/usart_commsboard.o
                0x080141d4                get_stored_heart_beat_values_from_eeprom_to_global
 .text.set_ph_heart_beat_style_status
                0x080141f0       0x20 ./Core/Src/usart_commsboard.o
                0x080141f0                set_ph_heart_beat_style_status
 .text.set_anbsensors_or_alternate_head
                0x08014210       0x2c ./Core/Src/usart_commsboard.o
                0x08014210                set_anbsensors_or_alternate_head
 .text.set_interface
                0x0801423c       0x10 ./Core/Src/usart_commsboard.o
                0x0801423c                set_interface
 .text.reply_anbsensors_or_alternate_head
                0x0801424c       0x24 ./Core/Src/usart_commsboard.o
                0x0801424c                reply_anbsensors_or_alternate_head
 .text.reply_interface
                0x08014270       0x24 ./Core/Src/usart_commsboard.o
                0x08014270                reply_interface
 .text.reply_get_temperature
                0x08014294       0x38 ./Core/Src/usart_commsboard.o
                0x08014294                reply_get_temperature
 .text.system_get_temperature
                0x080142cc       0x30 ./Core/Src/usart_commsboard.o
                0x080142cc                system_get_temperature
 .text.reply_immersed_dry_status
                0x080142fc       0x2c ./Core/Src/usart_commsboard.o
                0x080142fc                reply_immersed_dry_status
 .text.reply_firmware_version
                0x08014328       0x74 ./Core/Src/usart_commsboard.o
                0x08014328                reply_firmware_version
 .text.reply_fast_profiling
                0x0801439c       0x24 ./Core/Src/usart_commsboard.o
                0x0801439c                reply_fast_profiling
 .text.reply_use_sdcard
                0x080143c0       0x24 ./Core/Src/usart_commsboard.o
                0x080143c0                reply_use_sdcard
 .text.reply_power
                0x080143e4       0x24 ./Core/Src/usart_commsboard.o
                0x080143e4                reply_power
 .text.reply_salinity_range
                0x08014408       0x24 ./Core/Src/usart_commsboard.o
                0x08014408                reply_salinity_range
 .text.reply_phs_per_loop
                0x0801442c       0x24 ./Core/Src/usart_commsboard.o
                0x0801442c                reply_phs_per_loop
 .text.process_commands
                0x08014450      0x740 ./Core/Src/usart_commsboard.o
                0x08014450                process_commands
 .text.check_message
                0x08014b90       0x18 ./Core/Src/usart_commsboard.o
                0x08014b90                check_message
 .text.Reset_Handler
                0x08014ba8       0x50 ./Core/Startup/startup_stm32g071rbtx.o
                0x08014ba8                Reset_Handler
 .text.Default_Handler
                0x08014bf8        0x2 ./Core/Startup/startup_stm32g071rbtx.o
                0x08014bf8                USART3_4_LPUART1_IRQHandler
                0x08014bf8                TIM1_CC_IRQHandler
                0x08014bf8                ADC1_COMP_IRQHandler
                0x08014bf8                PVD_IRQHandler
                0x08014bf8                I2C1_IRQHandler
                0x08014bf8                RTC_TAMP_IRQHandler
                0x08014bf8                SPI1_IRQHandler
                0x08014bf8                EXTI2_3_IRQHandler
                0x08014bf8                I2C2_IRQHandler
                0x08014bf8                TIM3_IRQHandler
                0x08014bf8                EXTI4_15_IRQHandler
                0x08014bf8                RCC_IRQHandler
                0x08014bf8                Default_Handler
                0x08014bf8                CEC_IRQHandler
                0x08014bf8                TIM15_IRQHandler
                0x08014bf8                EXTI0_1_IRQHandler
                0x08014bf8                SPI2_IRQHandler
                0x08014bf8                WWDG_IRQHandler
                0x08014bf8                TIM2_IRQHandler
                0x08014bf8                DMA1_Ch4_7_DMAMUX1_OVR_IRQHandler
                0x08014bf8                DMA1_Channel2_3_IRQHandler
                0x08014bf8                UCPD1_2_IRQHandler
                0x08014bf8                USART2_IRQHandler
                0x08014bf8                FLASH_IRQHandler
                0x08014bf8                TIM1_BRK_UP_TRG_COM_IRQHandler
 *fill*         0x08014bfa        0x2 
 .text.HAL_InitTick
                0x08014bfc       0x50 ./Drivers/STM32G0xx_HAL_Driver/Src/stm32g0xx_hal.o
                0x08014bfc                HAL_InitTick
 .text.HAL_Init
                0x08014c4c       0x28 ./Drivers/STM32G0xx_HAL_Driver/Src/stm32g0xx_hal.o
                0x08014c4c                HAL_Init
 .text.HAL_IncTick
                0x08014c74       0x18 ./Drivers/STM32G0xx_HAL_Driver/Src/stm32g0xx_hal.o
                0x08014c74                HAL_IncTick
 .text.HAL_GetTick
                0x08014c8c        0xc ./Drivers/STM32G0xx_HAL_Driver/Src/stm32g0xx_hal.o
                0x08014c8c                HAL_GetTick
 .text.HAL_Delay
                0x08014c98       0x24 ./Drivers/STM32G0xx_HAL_Driver/Src/stm32g0xx_hal.o
                0x08014c98                HAL_Delay
 .text.HAL_NVIC_SetPriority
                0x08014cbc       0x54 ./Drivers/STM32G0xx_HAL_Driver/Src/stm32g0xx_hal_cortex.o
                0x08014cbc                HAL_NVIC_SetPriority
 .text.HAL_NVIC_EnableIRQ
                0x08014d10       0x18 ./Drivers/STM32G0xx_HAL_Driver/Src/stm32g0xx_hal_cortex.o
                0x08014d10                HAL_NVIC_EnableIRQ
 .text.HAL_SYSTICK_Config
                0x08014d28       0x34 ./Drivers/STM32G0xx_HAL_Driver/Src/stm32g0xx_hal_cortex.o
                0x08014d28                HAL_SYSTICK_Config
 .text.DMA_SetConfig
                0x08014d5c       0x40 ./Drivers/STM32G0xx_HAL_Driver/Src/stm32g0xx_hal_dma.o
 .text.DMA_CalcDMAMUXChannelBaseAndMask
                0x08014d9c       0x34 ./Drivers/STM32G0xx_HAL_Driver/Src/stm32g0xx_hal_dma.o
 .text.HAL_DMA_Init
                0x08014dd0       0xb4 ./Drivers/STM32G0xx_HAL_Driver/Src/stm32g0xx_hal_dma.o
                0x08014dd0                HAL_DMA_Init
 .text.HAL_DMA_Start_IT
                0x08014e84       0x90 ./Drivers/STM32G0xx_HAL_Driver/Src/stm32g0xx_hal_dma.o
                0x08014e84                HAL_DMA_Start_IT
 .text.HAL_DMA_Abort
                0x08014f14       0x74 ./Drivers/STM32G0xx_HAL_Driver/Src/stm32g0xx_hal_dma.o
                0x08014f14                HAL_DMA_Abort
 .text.HAL_DMA_Abort_IT
                0x08014f88       0x74 ./Drivers/STM32G0xx_HAL_Driver/Src/stm32g0xx_hal_dma.o
                0x08014f88                HAL_DMA_Abort_IT
 .text.HAL_DMA_IRQHandler
                0x08014ffc       0xa8 ./Drivers/STM32G0xx_HAL_Driver/Src/stm32g0xx_hal_dma.o
                0x08014ffc                HAL_DMA_IRQHandler
 .text.HAL_GPIO_Init
                0x080150a4      0x164 ./Drivers/STM32G0xx_HAL_Driver/Src/stm32g0xx_hal_gpio.o
                0x080150a4                HAL_GPIO_Init
 .text.HAL_GPIO_ReadPin
                0x08015208        0xc ./Drivers/STM32G0xx_HAL_Driver/Src/stm32g0xx_hal_gpio.o
                0x08015208                HAL_GPIO_ReadPin
 .text.HAL_GPIO_WritePin
                0x08015214        0xc ./Drivers/STM32G0xx_HAL_Driver/Src/stm32g0xx_hal_gpio.o
                0x08015214                HAL_GPIO_WritePin
 .text.HAL_I2C_Init
                0x08015220       0xac ./Drivers/STM32G0xx_HAL_Driver/Src/stm32g0xx_hal_i2c.o
                0x08015220                HAL_I2C_Init
 .text.HAL_I2CEx_ConfigAnalogFilter
                0x080152cc       0x4c ./Drivers/STM32G0xx_HAL_Driver/Src/stm32g0xx_hal_i2c_ex.o
                0x080152cc                HAL_I2CEx_ConfigAnalogFilter
 .text.HAL_I2CEx_ConfigDigitalFilter
                0x08015318       0x48 ./Drivers/STM32G0xx_HAL_Driver/Src/stm32g0xx_hal_i2c_ex.o
                0x08015318                HAL_I2CEx_ConfigDigitalFilter
 .text.HAL_PWR_EnableBkUpAccess
                0x08015360       0x14 ./Drivers/STM32G0xx_HAL_Driver/Src/stm32g0xx_hal_pwr.o
                0x08015360                HAL_PWR_EnableBkUpAccess
 .text.HAL_PWREx_ControlVoltageScaling
                0x08015374       0x58 ./Drivers/STM32G0xx_HAL_Driver/Src/stm32g0xx_hal_pwr_ex.o
                0x08015374                HAL_PWREx_ControlVoltageScaling
 .text.HAL_RCC_OscConfig
                0x080153cc      0x448 ./Drivers/STM32G0xx_HAL_Driver/Src/stm32g0xx_hal_rcc.o
                0x080153cc                HAL_RCC_OscConfig
 .text.HAL_RCC_GetSysClockFreq
                0x08015814       0x88 ./Drivers/STM32G0xx_HAL_Driver/Src/stm32g0xx_hal_rcc.o
                0x08015814                HAL_RCC_GetSysClockFreq
 .text.HAL_RCC_ClockConfig
                0x0801589c      0x154 ./Drivers/STM32G0xx_HAL_Driver/Src/stm32g0xx_hal_rcc.o
                0x0801589c                HAL_RCC_ClockConfig
 .text.HAL_RCC_GetPCLK1Freq
                0x080159f0       0x28 ./Drivers/STM32G0xx_HAL_Driver/Src/stm32g0xx_hal_rcc.o
                0x080159f0                HAL_RCC_GetPCLK1Freq
 .text.HAL_RCCEx_PeriphCLKConfig
                0x08015a18      0x208 ./Drivers/STM32G0xx_HAL_Driver/Src/stm32g0xx_hal_rcc_ex.o
                0x08015a18                HAL_RCCEx_PeriphCLKConfig
 .text.HAL_RTC_WaitForSynchro
                0x08015c20       0x34 ./Drivers/STM32G0xx_HAL_Driver/Src/stm32g0xx_hal_rtc.o
                0x08015c20                HAL_RTC_WaitForSynchro
 .text.RTC_EnterInitMode
                0x08015c54       0x50 ./Drivers/STM32G0xx_HAL_Driver/Src/stm32g0xx_hal_rtc.o
                0x08015c54                RTC_EnterInitMode
 .text.RTC_ExitInitMode
                0x08015ca4       0x48 ./Drivers/STM32G0xx_HAL_Driver/Src/stm32g0xx_hal_rtc.o
                0x08015ca4                RTC_ExitInitMode
 .text.HAL_RTC_Init
                0x08015cec       0xac ./Drivers/STM32G0xx_HAL_Driver/Src/stm32g0xx_hal_rtc.o
                0x08015cec                HAL_RTC_Init
 .text.HAL_SPI_Init
                0x08015d98       0xf0 ./Drivers/STM32G0xx_HAL_Driver/Src/stm32g0xx_hal_spi.o
                0x08015d98                HAL_SPI_Init
 .text.HAL_SPIEx_FlushRxFifo
                0x08015e88       0x28 ./Drivers/STM32G0xx_HAL_Driver/Src/stm32g0xx_hal_spi_ex.o
                0x08015e88                HAL_SPIEx_FlushRxFifo
 .text.HAL_TIM_Base_Start_IT
                0x08015eb0       0x68 ./Drivers/STM32G0xx_HAL_Driver/Src/stm32g0xx_hal_tim.o
                0x08015eb0                HAL_TIM_Base_Start_IT
 .text.HAL_TIM_Base_Stop_IT
                0x08015f18       0x34 ./Drivers/STM32G0xx_HAL_Driver/Src/stm32g0xx_hal_tim.o
                0x08015f18                HAL_TIM_Base_Stop_IT
 .text.HAL_TIM_OC_DelayElapsedCallback
                0x08015f4c        0x2 ./Drivers/STM32G0xx_HAL_Driver/Src/stm32g0xx_hal_tim.o
                0x08015f4c                HAL_TIM_OC_DelayElapsedCallback
 .text.HAL_TIM_IC_CaptureCallback
                0x08015f4e        0x2 ./Drivers/STM32G0xx_HAL_Driver/Src/stm32g0xx_hal_tim.o
                0x08015f4e                HAL_TIM_IC_CaptureCallback
 .text.HAL_TIM_PWM_PulseFinishedCallback
                0x08015f50        0x2 ./Drivers/STM32G0xx_HAL_Driver/Src/stm32g0xx_hal_tim.o
                0x08015f50                HAL_TIM_PWM_PulseFinishedCallback
 .text.HAL_TIM_TriggerCallback
                0x08015f52        0x2 ./Drivers/STM32G0xx_HAL_Driver/Src/stm32g0xx_hal_tim.o
                0x08015f52                HAL_TIM_TriggerCallback
 .text.HAL_TIM_IRQHandler
                0x08015f54      0x168 ./Drivers/STM32G0xx_HAL_Driver/Src/stm32g0xx_hal_tim.o
                0x08015f54                HAL_TIM_IRQHandler
 .text.TIM_Base_SetConfig
                0x080160bc       0x90 ./Drivers/STM32G0xx_HAL_Driver/Src/stm32g0xx_hal_tim.o
                0x080160bc                TIM_Base_SetConfig
 .text.HAL_TIM_Base_Init
                0x0801614c       0x54 ./Drivers/STM32G0xx_HAL_Driver/Src/stm32g0xx_hal_tim.o
                0x0801614c                HAL_TIM_Base_Init
 .text.HAL_TIMEx_MasterConfigSynchronization
                0x080161a0       0x74 ./Drivers/STM32G0xx_HAL_Driver/Src/stm32g0xx_hal_tim_ex.o
                0x080161a0                HAL_TIMEx_MasterConfigSynchronization
 .text.HAL_TIMEx_CommutCallback
                0x08016214        0x2 ./Drivers/STM32G0xx_HAL_Driver/Src/stm32g0xx_hal_tim_ex.o
                0x08016214                HAL_TIMEx_CommutCallback
 .text.HAL_TIMEx_BreakCallback
                0x08016216        0x2 ./Drivers/STM32G0xx_HAL_Driver/Src/stm32g0xx_hal_tim_ex.o
                0x08016216                HAL_TIMEx_BreakCallback
 .text.HAL_TIMEx_Break2Callback
                0x08016218        0x2 ./Drivers/STM32G0xx_HAL_Driver/Src/stm32g0xx_hal_tim_ex.o
                0x08016218                HAL_TIMEx_Break2Callback
 *fill*         0x0801621a        0x2 
 .text.UART_EndTxTransfer
                0x0801621c       0x3c ./Drivers/STM32G0xx_HAL_Driver/Src/stm32g0xx_hal_uart.o
 .text.UART_EndRxTransfer
                0x08016258       0x64 ./Drivers/STM32G0xx_HAL_Driver/Src/stm32g0xx_hal_uart.o
 .text.HAL_UART_TxCpltCallback
                0x080162bc        0x2 ./Drivers/STM32G0xx_HAL_Driver/Src/stm32g0xx_hal_uart.o
                0x080162bc                HAL_UART_TxCpltCallback
 .text.HAL_UART_RxCpltCallback
                0x080162be        0x2 ./Drivers/STM32G0xx_HAL_Driver/Src/stm32g0xx_hal_uart.o
                0x080162be                HAL_UART_RxCpltCallback
 .text.HAL_UART_RxHalfCpltCallback
                0x080162c0        0x2 ./Drivers/STM32G0xx_HAL_Driver/Src/stm32g0xx_hal_uart.o
                0x080162c0                HAL_UART_RxHalfCpltCallback
 .text.HAL_UART_ErrorCallback
                0x080162c2        0x2 ./Drivers/STM32G0xx_HAL_Driver/Src/stm32g0xx_hal_uart.o
                0x080162c2                HAL_UART_ErrorCallback
 .text.UART_DMAError
                0x080162c4       0x54 ./Drivers/STM32G0xx_HAL_Driver/Src/stm32g0xx_hal_uart.o
 .text.UART_DMAAbortOnError
                0x08016318       0x16 ./Drivers/STM32G0xx_HAL_Driver/Src/stm32g0xx_hal_uart.o
 *fill*         0x0801632e        0x2 
 .text.HAL_UART_IRQHandler
                0x08016330      0x33c ./Drivers/STM32G0xx_HAL_Driver/Src/stm32g0xx_hal_uart.o
                0x08016330                HAL_UART_IRQHandler
 .text.UART_DMARxHalfCplt
                0x0801666c       0x22 ./Drivers/STM32G0xx_HAL_Driver/Src/stm32g0xx_hal_uart.o
 *fill*         0x0801668e        0x2 
 .text.UART_DMAReceiveCplt
                0x08016690       0xa0 ./Drivers/STM32G0xx_HAL_Driver/Src/stm32g0xx_hal_uart.o
 .text.UART_SetConfig
                0x08016730      0x220 ./Drivers/STM32G0xx_HAL_Driver/Src/stm32g0xx_hal_uart.o
                0x08016730                UART_SetConfig
 .text.UART_AdvFeatureConfig
                0x08016950       0xd0 ./Drivers/STM32G0xx_HAL_Driver/Src/stm32g0xx_hal_uart.o
                0x08016950                UART_AdvFeatureConfig
 .text.UART_WaitOnFlagUntilTimeout
                0x08016a20       0xc8 ./Drivers/STM32G0xx_HAL_Driver/Src/stm32g0xx_hal_uart.o
                0x08016a20                UART_WaitOnFlagUntilTimeout
 .text.HAL_UART_Transmit
                0x08016ae8       0xce ./Drivers/STM32G0xx_HAL_Driver/Src/stm32g0xx_hal_uart.o
                0x08016ae8                HAL_UART_Transmit
 *fill*         0x08016bb6        0x2 
 .text.UART_CheckIdleState
                0x08016bb8       0x6c ./Drivers/STM32G0xx_HAL_Driver/Src/stm32g0xx_hal_uart.o
                0x08016bb8                UART_CheckIdleState
 .text.UART_Start_Receive_DMA
                0x08016c24       0xac ./Drivers/STM32G0xx_HAL_Driver/Src/stm32g0xx_hal_uart.o
                0x08016c24                UART_Start_Receive_DMA
 .text.UARTEx_SetNbDataToProcess
                0x08016cd0       0x50 ./Drivers/STM32G0xx_HAL_Driver/Src/stm32g0xx_hal_uart_ex.o
 .text.HAL_RS485Ex_Init
                0x08016d20       0x8c ./Drivers/STM32G0xx_HAL_Driver/Src/stm32g0xx_hal_uart_ex.o
                0x08016d20                HAL_RS485Ex_Init
 .text.HAL_UARTEx_WakeupCallback
                0x08016dac        0x2 ./Drivers/STM32G0xx_HAL_Driver/Src/stm32g0xx_hal_uart_ex.o
                0x08016dac                HAL_UARTEx_WakeupCallback
 .text.HAL_UARTEx_RxFifoFullCallback
                0x08016dae        0x2 ./Drivers/STM32G0xx_HAL_Driver/Src/stm32g0xx_hal_uart_ex.o
                0x08016dae                HAL_UARTEx_RxFifoFullCallback
 .text.HAL_UARTEx_TxFifoEmptyCallback
                0x08016db0        0x2 ./Drivers/STM32G0xx_HAL_Driver/Src/stm32g0xx_hal_uart_ex.o
                0x08016db0                HAL_UARTEx_TxFifoEmptyCallback
 *fill*         0x08016db2        0x2 
 .text.HAL_UARTEx_DisableFifoMode
                0x08016db4       0x3c ./Drivers/STM32G0xx_HAL_Driver/Src/stm32g0xx_hal_uart_ex.o
                0x08016db4                HAL_UARTEx_DisableFifoMode
 .text.HAL_UARTEx_SetTxFifoThreshold
                0x08016df0       0x40 ./Drivers/STM32G0xx_HAL_Driver/Src/stm32g0xx_hal_uart_ex.o
                0x08016df0                HAL_UARTEx_SetTxFifoThreshold
 .text.HAL_UARTEx_SetRxFifoThreshold
                0x08016e30       0x44 ./Drivers/STM32G0xx_HAL_Driver/Src/stm32g0xx_hal_uart_ex.o
                0x08016e30                HAL_UARTEx_SetRxFifoThreshold
 .text.HAL_UARTEx_ReceiveToIdle_DMA
                0x08016e74       0x64 ./Drivers/STM32G0xx_HAL_Driver/Src/stm32g0xx_hal_uart_ex.o
                0x08016e74                HAL_UARTEx_ReceiveToIdle_DMA
 .text.malloc   0x08016ed8       0x14 C:/ST/STM32CubeIDE_1.12.0/STM32CubeIDE/plugins/com.st.stm32cube.ide.mcu.externaltools.gnu-tools-for-stm32.13.3.rel1.win32_1.0.0.202411081344/tools/bin/../lib/gcc/arm-none-eabi/13.3.1/../../../../arm-none-eabi/lib/thumb/v6-m/nofp\libc_nano.a(libc_a-malloc.o)
                0x08016ed8                malloc
 .text.free     0x08016eec       0x14 C:/ST/STM32CubeIDE_1.12.0/STM32CubeIDE/plugins/com.st.stm32cube.ide.mcu.externaltools.gnu-tools-for-stm32.13.3.rel1.win32_1.0.0.202411081344/tools/bin/../lib/gcc/arm-none-eabi/13.3.1/../../../../arm-none-eabi/lib/thumb/v6-m/nofp\libc_nano.a(libc_a-malloc.o)
                0x08016eec                free
 .text.sbrk_aligned
                0x08016f00       0x44 C:/ST/STM32CubeIDE_1.12.0/STM32CubeIDE/plugins/com.st.stm32cube.ide.mcu.externaltools.gnu-tools-for-stm32.13.3.rel1.win32_1.0.0.202411081344/tools/bin/../lib/gcc/arm-none-eabi/13.3.1/../../../../arm-none-eabi/lib/thumb/v6-m/nofp\libc_nano.a(libc_a-mallocr.o)
 .text._malloc_r
                0x08016f44      0x100 C:/ST/STM32CubeIDE_1.12.0/STM32CubeIDE/plugins/com.st.stm32cube.ide.mcu.externaltools.gnu-tools-for-stm32.13.3.rel1.win32_1.0.0.202411081344/tools/bin/../lib/gcc/arm-none-eabi/13.3.1/../../../../arm-none-eabi/lib/thumb/v6-m/nofp\libc_nano.a(libc_a-mallocr.o)
                0x08016f44                _malloc_r
 .text.__malloc_lock
                0x08017044       0x10 C:/ST/STM32CubeIDE_1.12.0/STM32CubeIDE/plugins/com.st.stm32cube.ide.mcu.externaltools.gnu-tools-for-stm32.13.3.rel1.win32_1.0.0.202411081344/tools/bin/../lib/gcc/arm-none-eabi/13.3.1/../../../../arm-none-eabi/lib/thumb/v6-m/nofp\libc_nano.a(libc_a-mlock.o)
                0x08017044                __malloc_lock
 .text.__malloc_unlock
                0x08017054       0x10 C:/ST/STM32CubeIDE_1.12.0/STM32CubeIDE/plugins/com.st.stm32cube.ide.mcu.externaltools.gnu-tools-for-stm32.13.3.rel1.win32_1.0.0.202411081344/tools/bin/../lib/gcc/arm-none-eabi/13.3.1/../../../../arm-none-eabi/lib/thumb/v6-m/nofp\libc_nano.a(libc_a-mlock.o)
                0x08017054                __malloc_unlock
 .text.srand    0x08017064       0x60 C:/ST/STM32CubeIDE_1.12.0/STM32CubeIDE/plugins/com.st.stm32cube.ide.mcu.externaltools.gnu-tools-for-stm32.13.3.rel1.win32_1.0.0.202411081344/tools/bin/../lib/gcc/arm-none-eabi/13.3.1/../../../../arm-none-eabi/lib/thumb/v6-m/nofp\libc_nano.a(libc_a-rand.o)
                0x08017064                srand
 .text.rand     0x080170c4       0x7c C:/ST/STM32CubeIDE_1.12.0/STM32CubeIDE/plugins/com.st.stm32cube.ide.mcu.externaltools.gnu-tools-for-stm32.13.3.rel1.win32_1.0.0.202411081344/tools/bin/../lib/gcc/arm-none-eabi/13.3.1/../../../../arm-none-eabi/lib/thumb/v6-m/nofp\libc_nano.a(libc_a-rand.o)
                0x080170c4                rand
 .text.swapfunc
                0x08017140       0x2e C:/ST/STM32CubeIDE_1.12.0/STM32CubeIDE/plugins/com.st.stm32cube.ide.mcu.externaltools.gnu-tools-for-stm32.13.3.rel1.win32_1.0.0.202411081344/tools/bin/../lib/gcc/arm-none-eabi/13.3.1/../../../../arm-none-eabi/lib/thumb/v6-m/nofp\libc_nano.a(libc_a-qsort.o)
 .text.med3.constprop.0
                0x0801716e       0x42 C:/ST/STM32CubeIDE_1.12.0/STM32CubeIDE/plugins/com.st.stm32cube.ide.mcu.externaltools.gnu-tools-for-stm32.13.3.rel1.win32_1.0.0.202411081344/tools/bin/../lib/gcc/arm-none-eabi/13.3.1/../../../../arm-none-eabi/lib/thumb/v6-m/nofp\libc_nano.a(libc_a-qsort.o)
 .text.qsort    0x080171b0      0x2b4 C:/ST/STM32CubeIDE_1.12.0/STM32CubeIDE/plugins/com.st.stm32cube.ide.mcu.externaltools.gnu-tools-for-stm32.13.3.rel1.win32_1.0.0.202411081344/tools/bin/../lib/gcc/arm-none-eabi/13.3.1/../../../../arm-none-eabi/lib/thumb/v6-m/nofp\libc_nano.a(libc_a-qsort.o)
                0x080171b0                qsort
 .text.std      0x08017464       0x6c C:/ST/STM32CubeIDE_1.12.0/STM32CubeIDE/plugins/com.st.stm32cube.ide.mcu.externaltools.gnu-tools-for-stm32.13.3.rel1.win32_1.0.0.202411081344/tools/bin/../lib/gcc/arm-none-eabi/13.3.1/../../../../arm-none-eabi/lib/thumb/v6-m/nofp\libc_nano.a(libc_a-findfp.o)
 .text.stdio_exit_handler
                0x080174d0       0x1c C:/ST/STM32CubeIDE_1.12.0/STM32CubeIDE/plugins/com.st.stm32cube.ide.mcu.externaltools.gnu-tools-for-stm32.13.3.rel1.win32_1.0.0.202411081344/tools/bin/../lib/gcc/arm-none-eabi/13.3.1/../../../../arm-none-eabi/lib/thumb/v6-m/nofp\libc_nano.a(libc_a-findfp.o)
 .text.cleanup_stdio
                0x080174ec       0x3c C:/ST/STM32CubeIDE_1.12.0/STM32CubeIDE/plugins/com.st.stm32cube.ide.mcu.externaltools.gnu-tools-for-stm32.13.3.rel1.win32_1.0.0.202411081344/tools/bin/../lib/gcc/arm-none-eabi/13.3.1/../../../../arm-none-eabi/lib/thumb/v6-m/nofp\libc_nano.a(libc_a-findfp.o)
 .text.global_stdio_init.part.0
                0x08017528       0x3c C:/ST/STM32CubeIDE_1.12.0/STM32CubeIDE/plugins/com.st.stm32cube.ide.mcu.externaltools.gnu-tools-for-stm32.13.3.rel1.win32_1.0.0.202411081344/tools/bin/../lib/gcc/arm-none-eabi/13.3.1/../../../../arm-none-eabi/lib/thumb/v6-m/nofp\libc_nano.a(libc_a-findfp.o)
 .text.__sfp_lock_acquire
                0x08017564       0x10 C:/ST/STM32CubeIDE_1.12.0/STM32CubeIDE/plugins/com.st.stm32cube.ide.mcu.externaltools.gnu-tools-for-stm32.13.3.rel1.win32_1.0.0.202411081344/tools/bin/../lib/gcc/arm-none-eabi/13.3.1/../../../../arm-none-eabi/lib/thumb/v6-m/nofp\libc_nano.a(libc_a-findfp.o)
                0x08017564                __sfp_lock_acquire
 .text.__sfp_lock_release
                0x08017574       0x10 C:/ST/STM32CubeIDE_1.12.0/STM32CubeIDE/plugins/com.st.stm32cube.ide.mcu.externaltools.gnu-tools-for-stm32.13.3.rel1.win32_1.0.0.202411081344/tools/bin/../lib/gcc/arm-none-eabi/13.3.1/../../../../arm-none-eabi/lib/thumb/v6-m/nofp\libc_nano.a(libc_a-findfp.o)
                0x08017574                __sfp_lock_release