../Core/Src/calculate_ph.c:20:8:reading_avg	32	static
../Core/Src/calculate_ph.c:423:9:get_electrode_health_value	16	static
../Core/Src/calculate_ph.c:455:6:clear_ph_array	8	static
../Core/Src/calculate_ph.c:365:9:get_transducer_health	32	static
../Core/Src/calculate_ph.c:471:6:clear_peak_potential_offsets	8	static
../Core/Src/calculate_ph.c:479:6:clear_electrode_health	8	static
../Core/Src/calculate_ph.c:487:6:set_default_gains	8	static
../Core/Src/calculate_ph.c:505:8:quadratic_fit_end_value	72	static
../Core/Src/calculate_ph.c:565:8:logistic	32	static
../Core/Src/calculate_ph.c:570:8:median_of_three	24	static
../Core/Src/calculate_ph.c:33:8:calculate_ph	56	static
../Core/Src/calculate_ph.c:580:6:calculate_scan_health	16	static
../Core/Src/calculate_ph.c:80:8:calculate_ph_running_average_scan	408	static
