../Core/Src/main.c:196:6:SystemClock_Config	88	static,ignoring_inline_asm
../Core/Src/main.c:96:5:main	80	static,ignoring_inline_asm
../Core/Src/main.c:740:6:HAL_UARTEx_RxEventCallback	16	static
../Core/Src/main.c:758:6:uart1_send_byte	16	static
../Core/Src/main.c:763:6:uart1_send_bytes	8	static
../Core/Src/main.c:768:6:spi1_enable	0	static
../Core/Src/main.c:773:6:spi1_send_byte	0	static
../Core/Src/main.c:780:6:spi2_send_byte	8	static
../Core/Src/main.c:792:6:spi2_send_bytes	20	static
../Core/Src/main.c:810:9:spi2_get_byte	8	static
../Core/Src/main.c:832:6:spi2_get_bytes	24	static
../Core/Src/main.c:852:6:spi2_wait_for_eeprom_write_to_complete	16	static
../Core/Src/main.c:871:6:start_timer	8	static
../Core/Src/main.c:900:6:stop_timer	8	static
../Core/Src/main.c:914:6:set_timer_period	0	static
../Core/Src/main.c:928:6:set_timer_count	0	static
../Core/Src/main.c:942:6:cpu_irq_enable	0	static,ignoring_inline_asm
../Core/Src/main.c:947:6:cpu_irq_disable	0	static,ignoring_inline_asm
../Core/Src/main.c:952:6:HAL_TIM_PeriodElapsedCallback	8	static
../Core/Src/main.c:989:6:Error_Handler	0	static,ignoring_inline_asm
