../Core/Src/main.c:196:6:SystemClock_Config	3
../Core/Src/main.c:96:5:main	24
../Core/Src/main.c:740:6:HAL_UARTEx_RxEventCallback	1
../Core/Src/main.c:758:6:uart1_send_byte	1
../Core/Src/main.c:763:6:uart1_send_bytes	1
../Core/Src/main.c:768:6:spi1_enable	1
../Core/Src/main.c:773:6:spi1_send_byte	2
../Core/Src/main.c:780:6:spi2_send_byte	3
../Core/Src/main.c:792:6:spi2_send_bytes	6
../Core/Src/main.c:810:9:spi2_get_byte	3
../Core/Src/main.c:832:6:spi2_get_bytes	4
../Core/Src/main.c:852:6:spi2_wait_for_eeprom_write_to_complete	2
../Core/Src/main.c:871:6:start_timer	6
../Core/Src/main.c:900:6:stop_timer	6
../Core/Src/main.c:914:6:set_timer_period	6
../Core/Src/main.c:928:6:set_timer_count	6
../Core/Src/main.c:942:6:cpu_irq_enable	1
../Core/Src/main.c:947:6:cpu_irq_disable	1
../Core/Src/main.c:952:6:HAL_TIM_PeriodElapsedCallback	6
../Core/Src/main.c:989:6:Error_Handler	1
