../Core/Src/stm32g0xx_hal_msp.c:65:6:HAL_MspInit	8	static
../Core/Src/stm32g0xx_hal_msp.c:87:6:HAL_I2C_MspInit	88	static
../Core/Src/stm32g0xx_hal_msp.c:133:6:HAL_I2C_MspDeInit	8	static
../Core/Src/stm32g0xx_hal_msp.c:164:6:HAL_RTC_MspInit	64	static
../Core/Src/stm32g0xx_hal_msp.c:199:6:HAL_RTC_MspDeInit	0	static
../Core/Src/stm32g0xx_hal_msp.c:222:6:HAL_SPI_MspInit	48	static
../Core/Src/stm32g0xx_hal_msp.c:285:6:HAL_SPI_MspDeInit	8	static
../Core/Src/stm32g0xx_hal_msp.c:335:6:HAL_TIM_Base_MspInit	32	static
../Core/Src/stm32g0xx_hal_msp.c:416:6:HAL_TIM_Base_MspDeInit	8	static
../Core/Src/stm32g0xx_hal_msp.c:497:6:HAL_UART_MspInit	96	static
../Core/Src/stm32g0xx_hal_msp.c:566:6:HAL_UART_MspDeInit	8	static
